Archive member included to satisfy reference by file (symbol)

/opt/devkitpro/libgba/lib/libmm.a(mm_mas.o)
                              bn_hw_audio.bn_noflto.o (mmStart)
/opt/devkitpro/libgba/lib/libmm.a(mm_main.o)
                              /opt/devkitpro/libgba/lib/libmm.a(mm_mas.o) (mmCallback)
/opt/devkitpro/libgba/lib/libmm.a(mm_effect.o)
                              bn_hw_audio.bn_noflto.o (mmEffect)
/opt/devkitpro/libgba/lib/libmm.a(mm_mas_arm.o)
                              /opt/devkitpro/libgba/lib/libmm.a(mm_mas.o) (mmAllocChannel)
/opt/devkitpro/libgba/lib/libmm.a(mm_mixer_gba.o)
                              bn_hw_audio.bn_noflto.o (mmVBlank)
/opt/devkitpro/libgba/lib/libmm.a(mm_main_gba.o)
                              /opt/devkitpro/libgba/lib/libmm.a(mm_mixer_gba.o) (mm_vblank_function)
/opt/devkitpro/devkitARM/bin/../lib/gcc/arm-none-eabi/12.1.0/thumb/libgcc.a(_call_via_rX.o)
                              /opt/devkitpro/libgba/lib/libmm.a(mm_main_gba.o) (_call_via_r1)
/opt/devkitpro/devkitARM/bin/../lib/gcc/arm-none-eabi/12.1.0/thumb/libgcc.a(_aeabi_ldivmod.o)
                              bn_hw_text.o (__aeabi_ldivmod)
/opt/devkitpro/devkitARM/bin/../lib/gcc/arm-none-eabi/12.1.0/thumb/libgcc.a(_aeabi_uldivmod.o)
                              bn_hw_text.o (__aeabi_uldivmod)
/opt/devkitpro/devkitARM/bin/../lib/gcc/arm-none-eabi/12.1.0/thumb/libgcc.a(_udivmoddi4.o)
                              /opt/devkitpro/devkitARM/bin/../lib/gcc/arm-none-eabi/12.1.0/thumb/libgcc.a(_aeabi_ldivmod.o) (__udivmoddi4)
/opt/devkitpro/devkitARM/bin/../lib/gcc/arm-none-eabi/12.1.0/../../../../arm-none-eabi/lib/thumb/libg.a(lib_a-init.o)
                              /opt/devkitpro/devkitARM/bin/../lib/gcc/arm-none-eabi/12.1.0/../../../../arm-none-eabi/lib/thumb/gba_crt0.o (__libc_init_array)
/opt/devkitpro/devkitARM/bin/../lib/gcc/arm-none-eabi/12.1.0/../../../../arm-none-eabi/lib/thumb/libsysbase.a(malloc_vars.o)
                              /opt/devkitpro/devkitARM/bin/../lib/gcc/arm-none-eabi/12.1.0/../../../../arm-none-eabi/lib/thumb/gba_crt0.o (fake_heap_end)

Discarded input sections

 .text          0x0000000000000000        0x0 /opt/devkitpro/devkitARM/bin/../lib/gcc/arm-none-eabi/12.1.0/../../../../arm-none-eabi/lib/thumb/gba_crt0.o
 .data          0x0000000000000000        0x0 /opt/devkitpro/devkitARM/bin/../lib/gcc/arm-none-eabi/12.1.0/../../../../arm-none-eabi/lib/thumb/gba_crt0.o
 .bss           0x0000000000000000        0x0 /opt/devkitpro/devkitARM/bin/../lib/gcc/arm-none-eabi/12.1.0/../../../../arm-none-eabi/lib/thumb/gba_crt0.o
 .text          0x0000000000000000        0x0 /opt/devkitpro/devkitARM/bin/../lib/gcc/arm-none-eabi/12.1.0/thumb/crti.o
 .data          0x0000000000000000        0x0 /opt/devkitpro/devkitARM/bin/../lib/gcc/arm-none-eabi/12.1.0/thumb/crti.o
 .bss           0x0000000000000000        0x0 /opt/devkitpro/devkitARM/bin/../lib/gcc/arm-none-eabi/12.1.0/thumb/crti.o
 .text          0x0000000000000000        0x0 /opt/devkitpro/devkitARM/bin/../lib/gcc/arm-none-eabi/12.1.0/thumb/crtbegin.o
 .data          0x0000000000000000        0x0 /opt/devkitpro/devkitARM/bin/../lib/gcc/arm-none-eabi/12.1.0/thumb/crtbegin.o
 .bss           0x0000000000000000        0x0 /opt/devkitpro/devkitARM/bin/../lib/gcc/arm-none-eabi/12.1.0/thumb/crtbegin.o
 .rodata.all_implied_fbits
                0x0000000000000000       0x24 /opt/devkitpro/devkitARM/bin/../lib/gcc/arm-none-eabi/12.1.0/thumb/crtbegin.o
 .data.__dso_handle
                0x0000000000000000        0x4 /opt/devkitpro/devkitARM/bin/../lib/gcc/arm-none-eabi/12.1.0/thumb/crtbegin.o
 .text          0x0000000000000000        0x0 _bn_audio_soundbank.bin.o
 .data          0x0000000000000000        0x0 _bn_audio_soundbank.bin.o
 .bss           0x0000000000000000        0x0 _bn_audio_soundbank.bin.o
 .text          0x0000000000000000        0x0 shapecons_bn_gfx.o
 .data          0x0000000000000000        0x0 shapecons_bn_gfx.o
 .bss           0x0000000000000000        0x0 shapecons_bn_gfx.o
 .text          0x0000000000000000        0x0 title_bn_gfx.o
 .data          0x0000000000000000        0x0 title_bn_gfx.o
 .bss           0x0000000000000000        0x0 title_bn_gfx.o
 .text          0x0000000000000000        0x0 press_start_bn_gfx.o
 .data          0x0000000000000000        0x0 press_start_bn_gfx.o
 .bss           0x0000000000000000        0x0 press_start_bn_gfx.o
 .group         0x0000000000000000        0x8 main.o
 .group         0x0000000000000000        0x8 main.o
 .group         0x0000000000000000        0x8 main.o
 .group         0x0000000000000000        0x8 main.o
 .group         0x0000000000000000        0xc main.o
 .group         0x0000000000000000        0xc main.o
 .group         0x0000000000000000        0xc main.o
 .text          0x0000000000000000        0x0 main.o
 .data          0x0000000000000000        0x0 main.o
 .bss           0x0000000000000000        0x0 main.o
[...]
Memory Configuration

Name             Origin             Length             Attributes
rom              0x0000000008000000 0x0000000002000000
iwram            0x0000000003000000 0x0000000000008000
ewram            0x0000000002000000 0x0000000000040000
*default*        0x0000000000000000 0xffffffffffffffff

Linker script and memory map

                0x0000000008000000                __text_start = ORIGIN (rom)
                0x0000000002040000                __eheap_end = (ORIGIN (ewram) + LENGTH (ewram))
                0x0000000003000000                __iwram_start = ORIGIN (iwram)
                0x0000000003008000                __iwram_top = (ORIGIN (iwram) + LENGTH (iwram))
                0x0000000003007fa0                __sp_irq = (__iwram_top - 0x60)
                0x0000000003007f00                __sp_usr = (__sp_irq - 0xa0)
                0x0000000003007ff8                __irq_flags = 0x3007ff8
                0x0000000008000000                . = __text_start

.crt0           0x0000000008000000      0x210
 *(.crt0)
 .crt0          0x0000000008000000      0x210 /opt/devkitpro/devkitARM/bin/../lib/gcc/arm-none-eabi/12.1.0/../../../../arm-none-eabi/lib/thumb/gba_crt0.o
                0x0000000008000000                _start
                0x00000000080000c4                __boot_method
                0x00000000080000c5                __slave_number
                0x00000000080000e0                start_vector
                0x0000000008000210                . = ALIGN (0x4)

.init           0x0000000008000210        0xc
 *(SORT_NONE(.init))
 .init          0x0000000008000210        0x4 /opt/devkitpro/devkitARM/bin/../lib/gcc/arm-none-eabi/12.1.0/thumb/crti.o
                0x0000000008000210                _init
 .init          0x0000000008000214        0x8 /opt/devkitpro/devkitARM/bin/../lib/gcc/arm-none-eabi/12.1.0/thumb/crtn.o

.plt            0x000000000800021c        0x0
 *(.plt)
                0x000000000800021c                . = ALIGN (0x4)

.text           0x0000000008000220    0x130c8
 *(EXCLUDE_FILE(*.iwram*) .text*)
 .text.__do_global_dtors_aux
                0x0000000008000220       0x2c /opt/devkitpro/devkitARM/bin/../lib/gcc/arm-none-eabi/12.1.0/thumb/crtbegin.o
 .text.frame_dummy
                0x000000000800024c       0x24 /opt/devkitpro/devkitARM/bin/../lib/gcc/arm-none-eabi/12.1.0/thumb/crtbegin.o
 .text._Z21checkStartScreenStateRN2bn10sprite_ptrERiS2_
                0x0000000008000270      0x174 main.o
                0x0000000008000270                checkStartScreenState(bn::sprite_ptr&, int&, int&)
 .text._Z22fade_all_bg_and_spritev
                0x00000000080003e4       0x4c main.o
                0x00000000080003e4                fade_all_bg_and_sprite()
 .text._Z24unfade_all_bg_and_spritev
                0x0000000008000430       0x48 main.o
                0x0000000008000430                unfade_all_bg_and_sprite()
 .text.startup.main
                0x0000000008000478       0xd8 main.o
                0x0000000008000478                main
 .text._ZN2bn15display_manager12_GLOBAL__N_134_update_rect_windows_hw_boundariesEi
                0x0000000008000550       0x8c bn_display_manager.o
 .text._ZN2bn15display_manager4initEv
                0x00000000080005dc       0x40 bn_display_manager.o
                0x00000000080005dc                bn::display_manager::init()
 .text._ZN2bn15display_manager8set_modeEi
                0x000000000800061c       0x1c bn_display_manager.o
                0x000000000800061c                bn::display_manager::set_mode(int)
 .text._ZN2bn15display_manager14set_bg_enabledEib
                0x0000000008000638       0x1c bn_display_manager.o
                0x0000000008000638                bn::display_manager::set_bg_enabled(int, bool)
 .text._ZN2bn15display_manager15disable_all_bgsEv
                0x0000000008000654       0x18 bn_display_manager.o
                0x0000000008000654                bn::display_manager::disable_all_bgs()
 .text._ZN2bn15display_manager36fill_mosaic_hblank_effect_attributesEPKNS_17mosaic_attributesEPt
                0x000000000800066c       0xb4 bn_display_manager.o
                0x000000000800066c                bn::display_manager::fill_mosaic_hblank_effect_attributes(bn::mosaic_attributes const*, unsigned short*)
 .text._ZN2bn15display_manager23set_blending_bg_enabledEib
                0x0000000008000720       0x14 bn_display_manager.o
                0x0000000008000720                bn::display_manager::set_blending_bg_enabled(int, bool)
 .text._ZN2bn15display_manager32blending_transparency_top_weightEv
                0x0000000008000734       0x18 bn_display_manager.o
                0x0000000008000734                bn::display_manager::blending_transparency_top_weight()
 .text._ZN2bn15display_manager35blending_transparency_bottom_weightEv
                0x000000000800074c       0x28 bn_display_manager.o
                0x000000000800074c                bn::display_manager::blending_transparency_bottom_weight()
 .text._ZN2bn15display_manager51fill_blending_transparency_hblank_effect_attributesEPKNS_32blending_transparency_attributesEPt
                0x0000000008000774       0x30 bn_display_manager.o
                0x0000000008000774                bn::display_manager::fill_blending_transparency_hblank_effect_attributes(bn::blending_transparency_attributes const*, unsigned short*)
 .text._ZN2bn15display_manager21blending_fade_enabledEv
                0x00000000080007a4       0x10 bn_display_manager.o
                0x00000000080007a4                bn::display_manager::blending_fade_enabled()
 .text._ZN2bn15display_manager39fill_blending_fade_hblank_effect_alphasEPKNS_19blending_fade_alphaEPt
                0x00000000080007b4       0x24 bn_display_manager.o
                0x00000000080007b4                bn::display_manager::fill_blending_fade_hblank_effect_alphas(bn::blending_fade_alpha const*, unsigned short*)
 .text._ZN2bn15display_manager26update_windows_visible_bgsEv
                0x00000000080007d8       0x10 bn_display_manager.o
                0x00000000080007d8                bn::display_manager::update_windows_visible_bgs()
 .text._ZN2bn15display_manager36rect_window_hw_horizontal_boundariesEi
                0x00000000080007e8       0x14 bn_display_manager.o
                0x00000000080007e8                bn::display_manager::rect_window_hw_horizontal_boundaries(int)
 .text._ZN2bn15display_manager34rect_window_hw_vertical_boundariesEi
                0x00000000080007fc       0x14 bn_display_manager.o
                0x00000000080007fc                bn::display_manager::rect_window_hw_vertical_boundaries(int)
 .text._ZN2bn15display_manager52fill_rect_window_hblank_effect_horizontal_boundariesERKNS_4pairIiiEEPKNS1_INS_7fixed_tILi12EEES6_EEPt
                0x0000000008000810      0x13c bn_display_manager.o
                0x0000000008000810                bn::display_manager::fill_rect_window_hblank_effect_horizontal_boundaries(bn::pair<int, int> const&, bn::pair<bn::fixed_t<12>, bn::fixed_t<12> > const*, unsigned short*)
 .text._ZN2bn15display_manager50fill_rect_window_hblank_effect_vertical_boundariesERKNS_4pairIiiEEPKNS1_INS_7fixed_tILi12EEES6_EEPt
                0x000000000800094c      0x13c bn_display_manager.o
                0x000000000800094c                bn::display_manager::fill_rect_window_hblank_effect_vertical_boundaries(bn::pair<int, int> const&, bn::pair<bn::fixed_t<12>, bn::fixed_t<12> > const*, unsigned short*)
 .text._ZN2bn15display_manager36fill_green_swap_hblank_effect_statesEPKbPt
                0x0000000008000a88       0x38 bn_display_manager.o
                0x0000000008000a88                bn::display_manager::fill_green_swap_hblank_effect_states(bool const*, unsigned short*)
 .text._ZN2bn15display_manager14update_camerasEv
                0x0000000008000ac0       0x40 bn_display_manager.o
                0x0000000008000ac0                bn::display_manager::update_cameras()
 .text._ZN2bn15display_manager6updateEv
                0x0000000008000b00      0x214 bn_display_manager.o
                0x0000000008000b00                bn::display_manager::update()
 .text._ZN2bn15display_manager6commitEv
                0x0000000008000d14      0x164 bn_display_manager.o
                0x0000000008000d14                bn::display_manager::commit()
 .text._ZN2bn15display_manager4stopEv
                0x0000000008000e78       0x28 bn_display_manager.o
                0x0000000008000e78                bn::display_manager::stop()
 .text._ZN3_bn6assert9show_argsIA66_cEEvPKcS4_S4_iRKT_
                0x0000000008000ea0       0x50 bn_display_manager.o
                0x0000000008000ea0                void _bn::assert::show_args<char [66]>(char const*, char const*, char const*, int, char const (&) [66])
 .text._ZN2bn13ostringstream6appendILi12EEEvNS_7fixed_tIXT_EEE
                0x0000000008000ef0       0xa0 bn_display_manager.o
                0x0000000008000ef0                void bn::ostringstream::append<12>(bn::fixed_t<12>)
 .text.startup._GLOBAL__sub_I__ZNK2bn6window7show_bgERKNS_14regular_bg_ptrE
                0x0000000008000f90       0x7c bn_display_manager.o
 .text.exit._GLOBAL__sub_D__ZNK2bn6window7show_bgERKNS_14regular_bg_ptrE
                0x000000000800100c       0x48 bn_display_manager.o
 .text._ZN2bn19ibest_fit_allocatorC2ERNS_5ilistINS0_9item_typeEEERNS_7ivectorINS3_8iteratorEEE
                0x0000000008001054        0x8 bn_best_fit_allocator.o
                0x0000000008001054                bn::ibest_fit_allocator::ibest_fit_allocator(bn::ilist<bn::ibest_fit_allocator::item_type>&, bn::ivector<bn::ilist<bn::ibest_fit_allocator::item_type>::iterator>&)
                0x0000000008001054                bn::ibest_fit_allocator::ibest_fit_allocator(bn::ilist<bn::ibest_fit_allocator::item_type>&, bn::ivector<bn::ilist<bn::ibest_fit_allocator::item_type>::iterator>&)
 .text._ZN3_bn6assert9show_argsIA18_cEEvPKcS4_S4_iRKT_
                0x000000000800105c       0x50 bn_best_fit_allocator.o
                0x000000000800105c                void _bn::assert::show_args<char [18]>(char const*, char const*, char const*, int, char const (&) [18])
 .text._ZN2bn19ibest_fit_allocatorD2Ev
                0x00000000080010ac       0x34 bn_best_fit_allocator.o
                0x00000000080010ac                bn::ibest_fit_allocator::~ibest_fit_allocator()
                0x00000000080010ac                bn::ibest_fit_allocator::~ibest_fit_allocator()
 .text._ZN3_bn6assert9show_argsIA16_ciEEvPKcS4_S4_iRKT_RKT0_
                0x00000000080010e0       0x58 bn_best_fit_allocator.o
                0x00000000080010e0                void _bn::assert::show_args<char [16], int>(char const*, char const*, char const*, int, char const (&) [16], int const&)
 .text._ZN3_bn6assert9show_argsIA14_ciEEvPKcS4_S4_iRKT_RKT0_
                0x0000000008001138       0x58 bn_best_fit_allocator.o
                0x0000000008001138                void _bn::assert::show_args<char [14], int>(char const*, char const*, char const*, int, char const (&) [14], int const&)
 .text._ZN3_bn6assert9show_argsIA14_cEEvPKcS4_S4_iRKT_
                0x0000000008001190       0x50 bn_best_fit_allocator.o
                0x0000000008001190                void _bn::assert::show_args<char [14]>(char const*, char const*, char const*, int, char const (&) [14])
 .text._ZN3_bn6assert9show_argsIA19_cEEvPKcS4_S4_iRKT_
                0x00000000080011e0       0x50 bn_best_fit_allocator.o
                0x00000000080011e0                void _bn::assert::show_args<char [19]>(char const*, char const*, char const*, int, char const (&) [19])
 .text._ZN3_bn6assert9show_argsIA13_cEEvPKcS4_S4_iRKT_
                0x0000000008001230       0x50 bn_best_fit_allocator.o
                0x0000000008001230                void _bn::assert::show_args<char [13]>(char const*, char const*, char const*, int, char const (&) [13])
 .text._ZN3_bn6assert9show_argsIA16_cEEvPKcS4_S4_iRKT_
                0x0000000008001280       0x50 bn_best_fit_allocator.o
                0x0000000008001280                void _bn::assert::show_args<char [16]>(char const*, char const*, char const*, int, char const (&) [16])
 .text._ZN3_bn6assert9show_argsIA17_cEEvPKcS4_S4_iRKT_
                0x00000000080012d0       0x50 bn_best_fit_allocator.o
                0x00000000080012d0                void _bn::assert::show_args<char [17]>(char const*, char const*, char const*, int, char const (&) [17])
 .text._ZN3_bn6assert9show_argsIA15_cEEvPKcS4_S4_iRKT_
                0x0000000008001320       0x50 bn_best_fit_allocator.o
                0x0000000008001320                void _bn::assert::show_args<char [15]>(char const*, char const*, char const*, int, char const (&) [15])
 .text._ZN2bn19ibest_fit_allocator5_initEPvi
                0x0000000008001370      0x104 bn_best_fit_allocator.o
                0x0000000008001370                bn::ibest_fit_allocator::_init(void*, int)
 .text._ZN3_bn6assert9show_argsIA33_cEEvPKcS4_S4_iRKT_
                0x0000000008001474       0x50 bn_best_fit_allocator.o
                0x0000000008001474                void _bn::assert::show_args<char [33]>(char const*, char const*, char const*, int, char const (&) [33])
 .text._ZN3_bn6assert9show_argsIA17_ciEEvPKcS4_S4_iRKT_RKT0_
                0x00000000080014c4       0x58 bn_sram.o
                0x00000000080014c4                void _bn::assert::show_args<char [17], int>(char const*, char const*, char const*, int, char const (&) [17], int const&)
 .text._ZN2bn15sprites_manager12_GLOBAL__N_125_update_indexes_to_commitERKNS_20sprites_manager_itemE
                0x000000000800151c       0x48 bn_sprites_manager.o
 .text._ZN2bn13ostringstream11append_argsIiJA4_ciEEEvRKT_DpRKT0_.isra.0
                0x0000000008001564       0x24 bn_sprites_manager.o
 .text._ZN2bn15sprites_manager12_GLOBAL__N_123_update_item_dimensionsERNS_20sprites_manager_itemE
                0x0000000008001588       0xcc bn_sprites_manager.o
 .text._ZNK2bn10sprite_ptr1xEv
                0x0000000008001654        0x8 bn_sprites_manager.o
                0x0000000008001654                bn::sprite_ptr::x() const
 .text._ZN2bn10sprite_ptr5set_xENS_7fixed_tILi12EEE
                0x000000000800165c       0x48 bn_sprites_manager.o
                0x000000000800165c                bn::sprite_ptr::set_x(bn::fixed_t<12>)
 .text._ZNK2bn10sprite_ptr1yEv
                0x00000000080016a4        0x8 bn_sprites_manager.o
                0x00000000080016a4                bn::sprite_ptr::y() const
 .text._ZN2bn10sprite_ptr5set_yENS_7fixed_tILi12EEE
                0x00000000080016ac       0x44 bn_sprites_manager.o
                0x00000000080016ac                bn::sprite_ptr::set_y(bn::fixed_t<12>)
 .text._ZN2bn15sprites_manager4initEv
                0x00000000080016f0       0x34 bn_sprites_manager.o
                0x00000000080016f0                bn::sprites_manager::init()
 .text._ZN2bn15sprites_manager5hw_idEPv
                0x0000000008001724       0x24 bn_sprites_manager.o
                0x0000000008001724                bn::sprites_manager::hw_id(void*)
 .text._ZN2bn15sprites_manager5shapeEPv
                0x0000000008001748        0x8 bn_sprites_manager.o
                0x0000000008001748                bn::sprites_manager::shape(void*)
 .text._ZN2bn15sprites_manager4sizeEPv
                0x0000000008001750        0x8 bn_sprites_manager.o
                0x0000000008001750                bn::sprites_manager::size(void*)
 .text._ZN2bn15sprites_manager10shape_sizeEPv
                0x0000000008001758       0x14 bn_sprites_manager.o
                0x0000000008001758                bn::sprites_manager::shape_size(void*)
 .text._ZN2bn15sprites_manager11hw_positionEPv
                0x000000000800176c        0x4 bn_sprites_manager.o
                0x000000000800176c                bn::sprites_manager::hw_position(void*)
 .text._ZN2bn15sprites_manager9view_modeEPv
                0x0000000008001770        0xc bn_sprites_manager.o
                0x0000000008001770                bn::sprites_manager::view_mode(void*)
 .text._ZN2bn15sprites_manager10affine_matEPv
                0x000000000800177c        0x4 bn_sprites_manager.o
                0x000000000800177c                bn::sprites_manager::affine_mat(void*)
 .text._ZN2bn15sprites_manager39fill_hblank_effect_horizontal_positionsEPviPKNS_7fixed_tILi12EEEPt
                0x0000000008001780       0x44 bn_sprites_manager.o
                0x0000000008001780                bn::sprites_manager::fill_hblank_effect_horizontal_positions(void*, int, bn::fixed_t<12> const*, unsigned short*)
 .text._ZN2bn15sprites_manager37fill_hblank_effect_vertical_positionsEPviPKNS_7fixed_tILi12EEEPt
                0x00000000080017c4       0x44 bn_sprites_manager.o
                0x00000000080017c4                bn::sprites_manager::fill_hblank_effect_vertical_positions(void*, int, bn::fixed_t<12> const*, unsigned short*)
 .text._ZN2bn15sprites_manager35fill_hblank_effect_first_attributesEiNS_12sprite_shapeENS_8bpp_modeEiPKNS_23sprite_first_attributesEPt
                0x0000000008001808      0x108 bn_sprites_manager.o
                0x0000000008001808                bn::sprites_manager::fill_hblank_effect_first_attributes(int, bn::sprite_shape, bn::bpp_mode, int, bn::sprite_first_attributes const*, unsigned short*)
 .text._ZN2bn15sprites_manager44fill_hblank_effect_regular_second_attributesEPviNS_11sprite_sizeEPKNS_32sprite_regular_second_attributesEPt
                0x0000000008001910       0x60 bn_sprites_manager.o
                0x0000000008001910                bn::sprites_manager::fill_hblank_effect_regular_second_attributes(void*, int, bn::sprite_size, bn::sprite_regular_second_attributes const*, unsigned short*)
 .text._ZN2bn15sprites_manager43fill_hblank_effect_affine_second_attributesEPviNS_11sprite_sizeEPKNS_31sprite_affine_second_attributesEPt
                0x0000000008001970       0x58 bn_sprites_manager.o
                0x0000000008001970                bn::sprites_manager::fill_hblank_effect_affine_second_attributes(void*, int, bn::sprite_size, bn::sprite_affine_second_attributes const*, unsigned short*)
 .text._ZN2bn15sprites_manager14update_camerasEv
                0x00000000080019c8       0x2c bn_sprites_manager.o
                0x00000000080019c8                bn::sprites_manager::update_cameras()
 .text._ZN2bn15sprites_manager6commitEv
                0x00000000080019f4       0x94 bn_sprites_manager.o
                0x00000000080019f4                bn::sprites_manager::commit()
 .text._ZN3_bn6assert9show_argsIA54_cEEvPKcS4_S4_iRKT_
                0x0000000008001a88       0x50 bn_sprites_manager.o
                0x0000000008001a88                void _bn::assert::show_args<char [54]>(char const*, char const*, char const*, int, char const (&) [54])
 .text._ZN3_bn6assert9show_argsIA15_ciEEvPKcS4_S4_iRKT_RKT0_
                0x0000000008001ad8       0x58 bn_sprites_manager.o
                0x0000000008001ad8                void _bn::assert::show_args<char [15], int>(char const*, char const*, char const*, int, char const (&) [15], int const&)
 .text._ZNK2bn17sprite_shape_size11tiles_countENS_8bpp_modeE
                0x0000000008001b30      0x150 bn_sprites_manager.o
                0x0000000008001b30                bn::sprite_shape_size::tiles_count(bn::bpp_mode) const
 .text._ZN3_bn6assert9show_argsIA25_ciEEvPKcS4_S4_iRKT_RKT0_
                0x0000000008001c80       0x58 bn_sprites_manager.o
                0x0000000008001c80                void _bn::assert::show_args<char [25], int>(char const*, char const*, char const*, int, char const (&) [25], int const&)
 .text._ZN3_bn6assert9show_argsIA22_cEEvPKcS4_S4_iRKT_
                0x0000000008001cd8       0x50 bn_sprites_manager.o
                0x0000000008001cd8                void _bn::assert::show_args<char [22]>(char const*, char const*, char const*, int, char const (&) [22])
 .text._ZN2bn15sprites_manager12_GLOBAL__N_118_remove_affine_matERNS_20sprites_manager_itemE
                0x0000000008001d28       0xd8 bn_sprites_manager.o
 .text._ZN2bn15sprites_manager40remove_identity_affine_mat_if_not_neededEPv
                0x0000000008001e00       0x18 bn_sprites_manager.o
                0x0000000008001e00                bn::sprites_manager::remove_identity_affine_mat_if_not_needed(void*)
 .text._ZN2bn15sprites_manager7paletteEPv
                0x0000000008001e18       0x34 bn_sprites_manager.o
                0x0000000008001e18                bn::sprites_manager::palette(void*)
 .text._ZN3_bn6assert9show_argsIA27_ciEEvPKcS4_S4_iRKT_RKT0_
                0x0000000008001e4c       0x58 bn_sprites_manager.o
                0x0000000008001e4c                void _bn::assert::show_args<char [27], int>(char const*, char const*, char const*, int, char const (&) [27], int const&)
 .text._ZN3_bn6assert9show_argsIA37_cEEvPKcS4_S4_iRKT_
                0x0000000008001ea4       0x50 bn_sprites_manager.o
                0x0000000008001ea4                void _bn::assert::show_args<char [37]>(char const*, char const*, char const*, int, char const (&) [37])
 .text._ZN3_bn6assert9show_argsIA18_ciEEvPKcS4_S4_iRKT_RKT0_
                0x0000000008001ef4       0x58 bn_sprites_manager.o
                0x0000000008001ef4                void _bn::assert::show_args<char [18], int>(char const*, char const*, char const*, int, char const (&) [18], int const&)
 .text._ZN3_bn6assert9show_argsIJA22_ciA4_ciEEEvPKcS5_S5_iDpRKT_
                0x0000000008001f4c       0x5c bn_sprites_manager.o
                0x0000000008001f4c                void _bn::assert::show_args<char [22], int, char [4], int>(char const*, char const*, char const*, int, char const (&) [22], int const&, char const (&) [4], int const&)
 .text._ZN2bn15sprites_manager9set_tilesEPvONS_16sprite_tiles_ptrE
                0x0000000008001fa8      0x120 bn_sprites_manager.o
                0x0000000008001fa8                bn::sprites_manager::set_tiles(void*, bn::sprite_tiles_ptr&&)
 .text._ZN2bn10sprite_ptr9set_tilesEONS_16sprite_tiles_ptrE
                0x00000000080020c8       0x10 bn_sprites_manager.o
                0x00000000080020c8                bn::sprite_ptr::set_tiles(bn::sprite_tiles_ptr&&)
 .text._ZN3_bn6assert9show_argsIA22_ciEEvPKcS4_S4_iRKT_RKT0_
                0x00000000080020d8       0x58 bn_sprites_manager.o
                0x00000000080020d8                void _bn::assert::show_args<char [22], int>(char const*, char const*, char const*, int, char const (&) [22], int const&)
 .text._ZN3_bn6assert9show_argsIA27_cEEvPKcS4_S4_iRKT_
                0x0000000008002130       0x50 bn_sprites_manager.o
                0x0000000008002130                void _bn::assert::show_args<char [27]>(char const*, char const*, char const*, int, char const (&) [27])
 .text._ZN2bn15sprites_manager6updateEv
                0x0000000008002180      0x178 bn_sprites_manager.o
                0x0000000008002180                bn::sprites_manager::update()
 .text._ZN3_bn6assert9show_argsIA31_cEEvPKcS4_S4_iRKT_
                0x00000000080022f8       0x50 bn_sprites_manager.o
                0x00000000080022f8                void _bn::assert::show_args<char [31]>(char const*, char const*, char const*, int, char const (&) [31])
 .text._ZN3_bn6assert9show_argsIJA27_ciA4_ciEEEvPKcS5_S5_iDpRKT_
                0x0000000008002348       0x5c bn_sprites_manager.o
                0x0000000008002348                void _bn::assert::show_args<char [27], int, char [4], int>(char const*, char const*, char const*, int, char const (&) [27], int const&, char const (&) [4], int const&)
 .text._ZN2bn15sprites_manager35fill_hblank_effect_third_attributesENS_17sprite_shape_sizeEPKNS_23sprite_third_attributesEPt
                0x00000000080023a4       0xb4 bn_sprites_manager.o
                0x00000000080023a4                bn::sprites_manager::fill_hblank_effect_third_attributes(bn::sprite_shape_size, bn::sprite_third_attributes const*, unsigned short*)
 .text._ZN2bn14sorted_sprites6sorter6insertERNS_20sprites_manager_itemE
                0x0000000008002458      0x170 bn_sprites_manager.o
                0x0000000008002458                bn::sorted_sprites::sorter::insert(bn::sprites_manager_item&)
 .text._ZN2bn15sprites_manager6createERKNS_11fixed_pointERKNS_17sprite_shape_sizeEONS_16sprite_tiles_ptrEONS_18sprite_palette_ptrE
                0x00000000080025c8      0x1e0 bn_sprites_manager.o
                0x00000000080025c8                bn::sprites_manager::create(bn::fixed_point const&, bn::sprite_shape_size const&, bn::sprite_tiles_ptr&&, bn::sprite_palette_ptr&&)
 .text._ZN2bn10sprite_ptr6createENS_7fixed_tILi12EEES2_RKNS_11sprite_itemE
                0x00000000080027a8       0x58 bn_sprites_manager.o
                0x00000000080027a8                bn::sprite_ptr::create(bn::fixed_t<12>, bn::fixed_t<12>, bn::sprite_item const&)
 .text._ZNK2bn11sprite_item13create_spriteENS_7fixed_tILi12EEES2_
                0x0000000008002800       0x1c bn_sprites_manager.o
                0x0000000008002800                bn::sprite_item::create_sprite(bn::fixed_t<12>, bn::fixed_t<12>) const
 .text._ZN3_bn6assert9show_argsIA25_cN2bn7fixed_tILi12EEEEEvPKcS7_S7_iRKT_RKT0_
                0x000000000800281c       0x58 bn_sprites_manager.o
                0x000000000800281c                void _bn::assert::show_args<char [25], bn::fixed_t<12> >(char const*, char const*, char const*, int, char const (&) [25], bn::fixed_t<12> const&)
 .text.startup._GLOBAL__sub_I__ZN2bn7sprites16used_items_countEv
                0x0000000008002874       0x9c bn_sprites_manager.o
 .text.exit._GLOBAL__sub_D__ZN2bn7sprites16used_items_countEv
                0x0000000008002910       0x4c bn_sprites_manager.o
 .text._ZN2bn18best_fit_allocatorILi16EED2Ev
                0x000000000800295c       0x7c bn_memory_manager.o
                0x000000000800295c                bn::best_fit_allocator<16>::~best_fit_allocator()
                0x000000000800295c                bn::best_fit_allocator<16>::~best_fit_allocator()
 .text._ZN2bn14memory_manager4initEv
                0x00000000080029d8      0x110 bn_memory_manager.o
                0x00000000080029d8                bn::memory_manager::init()
 .text.exit._GLOBAL__sub_D__Znwj
                0x0000000008002ae8       0x20 bn_memory_manager.o
 .text._ZN2bn12hdma_manager7disableEv
                0x0000000008002b08       0x30 bn_hdma_manager.o
                0x0000000008002b08                bn::hdma_manager::disable()
 .text._ZN2bn12hdma_manager10force_stopEv
                0x0000000008002b38       0x3c bn_hdma_manager.o
                0x0000000008002b38                bn::hdma_manager::force_stop()
 .text._ZN2bn12hdma_manager6updateEv
                0x0000000008002b74       0x6c bn_hdma_manager.o
                0x0000000008002b74                bn::hdma_manager::update()
 .text._ZN2bn12hdma_manager6commitEv
                0x0000000008002be0       0xd0 bn_hdma_manager.o
                0x0000000008002be0                bn::hdma_manager::commit()
 .text.startup._GLOBAL__sub_I__ZN2bn4hdma7runningEv
                0x0000000008002cb0       0x34 bn_hdma_manager.o
 .text._ZN2bn5timerC2Ev
                0x0000000008002ce4       0x18 bn_timer.o
                0x0000000008002ce4                bn::timer::timer()
                0x0000000008002ce4                bn::timer::timer()
 .text._ZNK2bn5timer13elapsed_ticksEv
                0x0000000008002cfc       0x38 bn_timer.o
                0x0000000008002cfc                bn::timer::elapsed_ticks() const
 .text._ZN2bn5timer7restartEv
                0x0000000008002d34       0x18 bn_timer.o
                0x0000000008002d34                bn::timer::restart()
 .text._ZN2bn4core12_GLOBAL__N_111update_implEv
                0x0000000008002d4c       0x64 bn_core.o
 .text._ZN2bn4core12_GLOBAL__N_118hp_vblank_functionEv
                0x0000000008002db0       0x44 bn_core.o
 .text._ZN2bn4core12_GLOBAL__N_14stopEb.constprop.0
                0x0000000008002df4       0x40 bn_core.o
 .text._ZN2bn11string_viewC2EPKc
                0x0000000008002e34       0x1c bn_core.o
                0x0000000008002e34                bn::string_view::string_view(char const*)
                0x0000000008002e34                bn::string_view::string_view(char const*)
 .text._ZN2bn4core6updateEv
                0x0000000008002e50       0x78 bn_core.o
                0x0000000008002e50                bn::core::update()
 .text._ZN2bn4core4initERKNS_11string_viewE
                0x0000000008002ec8       0xa0 bn_core.o
                0x0000000008002ec8                bn::core::init(bn::string_view const&)
 .text._ZN2bn4core4initEv
                0x0000000008002f68       0x18 bn_core.o
                0x0000000008002f68                bn::core::init()
 .text._ZN3_bn6assert4showEPKcS2_S2_iRKN2bn12istring_baseE
                0x0000000008002f80       0x60 bn_core.o
                0x0000000008002f80                _bn::assert::show(char const*, char const*, char const*, int, bn::istring_base const&)
 .text._ZN3_bn6assert9show_argsIA24_cEEvPKcS4_S4_iRKT_
                0x0000000008002fe0       0x50 bn_core.o
                0x0000000008002fe0                void _bn::assert::show_args<char [24]>(char const*, char const*, char const*, int, char const (&) [24])
 .text.startup._GLOBAL__sub_I__ZN2bn4core4initEv
                0x0000000008003030       0x38 bn_core.o
 .text._ZN2bn17bg_blocks_manager12_GLOBAL__N_125_regular_map_blocks_countEii
                0x0000000008003068       0x38 bn_bg_blocks_manager.o
 .text._ZN2bn13ostringstream11append_argsIiJA4_ctEEEvRKT_DpRKT0_.isra.0
                0x00000000080030a0       0x24 bn_bg_blocks_manager.o
 .text._ZN2bn13ostringstream11append_argsIiJA4_ciEEEvRKT_DpRKT0_.isra.0
                0x00000000080030c4       0x24 bn_bg_blocks_manager.o
 .text._ZN2bn17bg_blocks_manager15decrease_usagesEi.part.0
                0x00000000080030e8       0xc0 bn_bg_blocks_manager.o
 .text._ZNK2bn18regular_bg_map_ptr2idEv
                0x00000000080031a8       0x18 bn_bg_blocks_manager.o
                0x00000000080031a8                bn::regular_bg_map_ptr::id() const
 .text._ZNK2bn18regular_bg_map_ptr10dimensionsEv
                0x00000000080031c0       0x20 bn_bg_blocks_manager.o
                0x00000000080031c0                bn::regular_bg_map_ptr::dimensions() const
 .text._ZN2bn18regular_bg_map_ptr8_destroyEv
                0x00000000080031e0       0x2c bn_bg_blocks_manager.o
                0x00000000080031e0                bn::regular_bg_map_ptr::_destroy()
 .text._ZNK2bn20regular_bg_tiles_ptr3cbbEv
                0x000000000800320c       0x18 bn_bg_blocks_manager.o
                0x000000000800320c                bn::regular_bg_tiles_ptr::cbb() const
 .text._ZNK2bn17affine_bg_map_ptr2idEv
                0x0000000008003224       0x18 bn_bg_blocks_manager.o
                0x0000000008003224                bn::affine_bg_map_ptr::id() const
 .text._ZNK2bn17affine_bg_map_ptr10dimensionsEv
                0x000000000800323c       0x20 bn_bg_blocks_manager.o
                0x000000000800323c                bn::affine_bg_map_ptr::dimensions() const
 .text._ZNK2bn19affine_bg_tiles_ptr3cbbEv
                0x000000000800325c       0x18 bn_bg_blocks_manager.o
                0x000000000800325c                bn::affine_bg_tiles_ptr::cbb() const
 .text._ZN2bn17bg_blocks_manager10log_statusEv
                0x0000000008003274      0x3fc bn_bg_blocks_manager.o
                0x0000000008003274                bn::bg_blocks_manager::log_status()
 .text._ZN2bn17bg_blocks_manager11must_commitEi
                0x0000000008003670       0x18 bn_bg_blocks_manager.o
                0x0000000008003670                bn::bg_blocks_manager::must_commit(int)
 .text._ZN3_bn6assert9show_argsIA26_cEEvPKcS4_S4_iRKT_
                0x0000000008003688       0x50 bn_bg_blocks_manager.o
                0x0000000008003688                void _bn::assert::show_args<char [26]>(char const*, char const*, char const*, int, char const (&) [26])
 .text._ZN3_bn6assert9show_argsIJA16_ciA4_ciEEEvPKcS5_S5_iDpRKT_
                0x00000000080036d8       0x5c bn_bg_blocks_manager.o
                0x00000000080036d8                void _bn::assert::show_args<char [16], int, char [4], int>(char const*, char const*, char const*, int, char const (&) [16], int const&, char const (&) [4], int const&)
 .text._ZN3_bn6assert9show_argsIJA58_ciA4_ciEEEvPKcS5_S5_iDpRKT_
                0x0000000008003734       0x5c bn_bg_blocks_manager.o
                0x0000000008003734                void _bn::assert::show_args<char [58], int, char [4], int>(char const*, char const*, char const*, int, char const (&) [58], int const&, char const (&) [4], int const&)
 .text._ZN3_bn6assert9show_argsIJA44_cPKtA4_cS4_EEEvPKcS7_S7_iDpRKT_
                0x0000000008003790       0x6c bn_bg_blocks_manager.o
                0x0000000008003790                void _bn::assert::show_args<char [44], unsigned short const*, char [4], unsigned short const*>(char const*, char const*, char const*, int, char const (&) [44], unsigned short const* const&, char const (&) [4], unsigned short const* const&)
 .text._ZN3_bn6assert9show_argsIJA46_ciA4_ciEEEvPKcS5_S5_iDpRKT_
                0x00000000080037fc       0x5c bn_bg_blocks_manager.o
                0x00000000080037fc                void _bn::assert::show_args<char [46], int, char [4], int>(char const*, char const*, char const*, int, char const (&) [46], int const&, char const (&) [4], int const&)
 .text._ZN3_bn6assert9show_argsIJA37_cbA4_cbEEEvPKcS5_S5_iDpRKT_
                0x0000000008003858       0x84 bn_bg_blocks_manager.o
                0x0000000008003858                void _bn::assert::show_args<char [37], bool, char [4], bool>(char const*, char const*, char const*, int, char const (&) [37], bool const&, char const (&) [4], bool const&)
 .text._ZN2bn17bg_blocks_manager12_GLOBAL__N_116_find_tiles_implEPKtNS_16compression_typeEib
                0x00000000080038dc      0x1f0 bn_bg_blocks_manager.o
 .text._ZN3_bn6assert9show_argsIJA34_ciA4_ctEEEvPKcS5_S5_iDpRKT_
                0x0000000008003acc       0x5c bn_bg_blocks_manager.o
                0x0000000008003acc                void _bn::assert::show_args<char [34], int, char [4], unsigned short>(char const*, char const*, char const*, int, char const (&) [34], int const&, char const (&) [4], unsigned short const&)
 .text._ZN3_bn6assert9show_argsIJA36_ciA4_ctEEEvPKcS5_S5_iDpRKT_
                0x0000000008003b28       0x5c bn_bg_blocks_manager.o
                0x0000000008003b28                void _bn::assert::show_args<char [36], int, char [4], unsigned short>(char const*, char const*, char const*, int, char const (&) [36], int const&, char const (&) [4], unsigned short const&)
 .text._ZN3_bn6assert9show_argsIJA54_ciA4_ciEEEvPKcS5_S5_iDpRKT_
                0x0000000008003b84       0x5c bn_bg_blocks_manager.o
                0x0000000008003b84                void _bn::assert::show_args<char [54], int, char [4], int>(char const*, char const*, char const*, int, char const (&) [54], int const&, char const (&) [4], int const&)
 .text._ZNK2bn17affine_bg_map_ptr5tilesEv
                0x0000000008003be0       0x48 bn_bg_blocks_manager.o
                0x0000000008003be0                bn::affine_bg_map_ptr::tiles() const
 .text._ZNK2bn18regular_bg_map_ptr5tilesEv
                0x0000000008003c28       0x48 bn_bg_blocks_manager.o
                0x0000000008003c28                bn::regular_bg_map_ptr::tiles() const
 .text._ZNK2bn18regular_bg_map_ptr3bppEv
                0x0000000008003c70       0x4c bn_bg_blocks_manager.o
                0x0000000008003c70                bn::regular_bg_map_ptr::bpp() const
 .text._ZN2bn17bg_blocks_manager21update_affine_map_rowEiii
                0x0000000008003cbc       0xfc bn_bg_blocks_manager.o
                0x0000000008003cbc                bn::bg_blocks_manager::update_affine_map_row(int, int, int)
 .text._ZN2bn17bg_blocks_manager23set_affine_map_positionEiii
                0x0000000008003db8      0x1ac bn_bg_blocks_manager.o
                0x0000000008003db8                bn::bg_blocks_manager::set_affine_map_position(int, int, int)
 .text._ZN2bn17bg_blocks_manager21update_affine_map_colEiii
                0x0000000008003f64      0x224 bn_bg_blocks_manager.o
                0x0000000008003f64                bn::bg_blocks_manager::update_affine_map_col(int, int, int)
 .text._ZN2bn17bg_blocks_manager22update_regular_map_colEiii
                0x0000000008004188      0x174 bn_bg_blocks_manager.o
                0x0000000008004188                bn::bg_blocks_manager::update_regular_map_col(int, int, int)
 .text._ZN2bn17bg_blocks_manager22update_regular_map_rowEiii
                0x00000000080042fc      0x148 bn_bg_blocks_manager.o
                0x00000000080042fc                bn::bg_blocks_manager::update_regular_map_row(int, int, int)
 .text._ZN2bn17bg_blocks_manager24set_regular_map_positionEiii
                0x0000000008004444      0x1e0 bn_bg_blocks_manager.o
                0x0000000008004444                bn::bg_blocks_manager::set_regular_map_position(int, int, int)
 .text._ZN2bn17bg_blocks_manager12_GLOBAL__N_112_commit_itemERKNS1_9item_typeE
                0x0000000008004624      0x2a8 bn_bg_blocks_manager.o
 .text._ZN2bn17bg_blocks_manager6commitEv
                0x00000000080048cc       0x40 bn_bg_blocks_manager.o
                0x00000000080048cc                bn::bg_blocks_manager::commit()
 .text._ZN3_bn6assert9show_argsIJA34_ciA4_ciEEEvPKcS5_S5_iDpRKT_
                0x000000000800490c       0x5c bn_bg_blocks_manager.o
                0x000000000800490c                void _bn::assert::show_args<char [34], int, char [4], int>(char const*, char const*, char const*, int, char const (&) [34], int const&, char const (&) [4], int const&)
 .text._ZN3_bn6assert9show_argsIJA38_ciA4_ciEEEvPKcS5_S5_iDpRKT_
                0x0000000008004968       0x5c bn_bg_blocks_manager.o
                0x0000000008004968                void _bn::assert::show_args<char [38], int, char [4], int>(char const*, char const*, char const*, int, char const (&) [38], int const&, char const (&) [4], int const&)
 .text._ZN2bn17bg_blocks_manager12_GLOBAL__N_122_find_regular_map_implERKNS_19regular_bg_map_itemERKNS_20regular_bg_tiles_ptrERKNS_14bg_palette_ptrE
                0x00000000080049c4      0x3b4 bn_bg_blocks_manager.o
 .text._ZN3_bn6assert9show_argsIJA32_cA15_cPKtA16_ciA17_ciA43_cN2bn11string_viewEEEEvPKcSC_SC_iDpRKT_
                0x0000000008004d78       0x94 bn_bg_blocks_manager.o
                0x0000000008004d78                void _bn::assert::show_args<char [32], char [15], unsigned short const*, char [16], int, char [17], int, char [43], bn::string_view>(char const*, char const*, char const*, int, char const (&) [32], char const (&) [15], unsigned short const* const&, char const (&) [16], int const&, char const (&) [17], int const&, char const (&) [43], bn::string_view const&)
 .text._ZN3_bn6assert9show_argsIA46_cEEvPKcS4_S4_iRKT_
                0x0000000008004e0c       0x50 bn_bg_blocks_manager.o
                0x0000000008004e0c                void _bn::assert::show_args<char [46]>(char const*, char const*, char const*, int, char const (&) [46])
 .text._ZN3_bn6assert9show_argsIJA30_cA13_cPKtA14_ciA15_ciA17_ciA43_cN2bn11string_viewEEEEvPKcSD_SD_iDpRKT_
                0x0000000008004e5c       0xa8 bn_bg_blocks_manager.o
                0x0000000008004e5c                void _bn::assert::show_args<char [30], char [13], unsigned short const*, char [14], int, char [15], int, char [17], int, char [43], bn::string_view>(char const*, char const*, char const*, int, char const (&) [30], char const (&) [13], unsigned short const* const&, char const (&) [14], int const&, char const (&) [15], int const&, char const (&) [17], int const&, char const (&) [43], bn::string_view const&)
 .text._ZN2bn17bg_blocks_manager12_GLOBAL__N_110items_list12insert_afterEiRKNS1_9item_typeE.constprop.0
                0x0000000008004f04      0x2b0 bn_bg_blocks_manager.o
 .text._ZN2bn17bg_blocks_manager4initEv
                0x00000000080051b4      0x15c bn_bg_blocks_manager.o
                0x00000000080051b4                bn::bg_blocks_manager::init()
 .text._ZN2bn13ostringstream11append_argsIA4_cJiEEEvRKT_DpRKT0_
                0x0000000008005310       0x18 bn_bg_blocks_manager.o
                0x0000000008005310                void bn::ostringstream::append_args<char [4], int>(char const (&) [4], int const&)
 .text._ZN3_bn6assert9show_argsIJA39_cPKN2bn4tileEA4_ciEEEvPKcS9_S9_iDpRKT_
                0x0000000008005328       0x64 bn_bg_blocks_manager.o
                0x0000000008005328                void _bn::assert::show_args<char [39], bn::tile const*, char [4], int>(char const*, char const*, char const*, int, char const (&) [39], bn::tile const* const&, char const (&) [4], int const&)
 .text._ZN2bn14iunordered_mapIPKviNS_4hashIS2_EENS_8equal_toIS2_EEE5eraseERKNS7_14const_iteratorE.isra.0
                0x000000000800538c      0x17c bn_bg_blocks_manager.o
 .text._ZN2bn17bg_blocks_manager12_GLOBAL__N_112_create_itemEiibONS1_11create_dataE
                0x0000000008005508      0x570 bn_bg_blocks_manager.o
 .text._ZN2bn17bg_blocks_manager12_GLOBAL__N_121_remove_adjacent_itemEiRNS1_9item_typeE
                0x0000000008005a78       0xd8 bn_bg_blocks_manager.o
 .text._ZN2bn17bg_blocks_manager6updateEv
                0x0000000008005b50      0x254 bn_bg_blocks_manager.o
                0x0000000008005b50                bn::bg_blocks_manager::update()
 .text._ZN2bn17bg_blocks_manager12_GLOBAL__N_112_create_implILNS1_11create_typeE2EEEiONS1_11create_dataE
                0x0000000008005da4       0xfc bn_bg_blocks_manager.o
 .text._ZN2bn17bg_blocks_manager18create_regular_mapERKNS_19regular_bg_map_itemEONS_20regular_bg_tiles_ptrEONS_14bg_palette_ptrEb
                0x0000000008005ea0      0x298 bn_bg_blocks_manager.o
                0x0000000008005ea0                bn::bg_blocks_manager::create_regular_map(bn::regular_bg_map_item const&, bn::regular_bg_tiles_ptr&&, bn::bg_palette_ptr&&, bool)
 .text._ZN2bn17bg_blocks_manager12_GLOBAL__N_112_create_implILNS1_11create_typeE0EEEiONS1_11create_dataE.constprop.0
                0x0000000008006138      0x198 bn_bg_blocks_manager.o
 .text._ZN2bn17bg_blocks_manager20create_regular_tilesERKNS_21regular_bg_tiles_itemEb
                0x00000000080062d0      0x154 bn_bg_blocks_manager.o
                0x00000000080062d0                bn::bg_blocks_manager::create_regular_tiles(bn::regular_bg_tiles_item const&, bool)
 .text._ZN2bn18regular_bg_map_ptr6createERKNS_15regular_bg_itemE
                0x0000000008006424       0x70 bn_bg_blocks_manager.o
                0x0000000008006424                bn::regular_bg_map_ptr::create(bn::regular_bg_item const&)
 .text.startup._GLOBAL__sub_I__ZN2bn7bg_maps16used_cells_countEv
                0x0000000008006494       0x98 bn_bg_blocks_manager.o
 .text.exit._GLOBAL__sub_D__ZN2bn7bg_maps16used_cells_countEv
                0x000000000800652c       0x80 bn_bg_blocks_manager.o
 .text._ZN2bn13ostringstreamC2ERNS_12istring_baseE
                0x00000000080065ac        0x8 bn_sstream.o
                0x00000000080065ac                bn::ostringstream::ostringstream(bn::istring_base&)
                0x00000000080065ac                bn::ostringstream::ostringstream(bn::istring_base&)
 .text._ZNK2bn13ostringstream4sizeEv
                0x00000000080065b4        0x8 bn_sstream.o
                0x00000000080065b4                bn::ostringstream::size() const
 .text._ZN3_bn6assert9show_argsIJA19_ciA4_ciEEEvPKcS5_S5_iDpRKT_
                0x00000000080065bc      0x170 bn_sstream.o
                0x00000000080065bc                void _bn::assert::show_args<char [19], int, char [4], int>(char const*, char const*, char const*, int, char const (&) [19], int const&, char const (&) [4], int const&)
 .text._ZN2bn13ostringstream6appendEPKc
                0x000000000800672c       0x88 bn_sstream.o
                0x000000000800672c                bn::ostringstream::append(char const*)
 .text._ZN2bn7istring6appendEPKc.isra.0
                0x00000000080067b4       0x88 bn_sstream.o
 .text._ZN2bn13ostringstream6appendEi
                0x000000000800683c       0x9c bn_sstream.o
                0x000000000800683c                bn::ostringstream::append(int)
 .text._ZN3_bn6assert9show_argsIA26_ciEEvPKcS4_S4_iRKT_RKT0_
                0x00000000080068d8       0x54 bn_sstream.o
                0x00000000080068d8                void _bn::assert::show_args<char [26], int>(char const*, char const*, char const*, int, char const (&) [26], int const&)
 .text._ZN2bn13ostringstream6appendERKNS_11string_viewE
                0x000000000800692c       0x94 bn_sstream.o
                0x000000000800692c                bn::ostringstream::append(bn::string_view const&)
 .text._ZN2bn13ostringstream6appendEj
                0x00000000080069c0       0x9c bn_sstream.o
                0x00000000080069c0                bn::ostringstream::append(unsigned int)
 .text._ZN2bn13ostringstream6appendEPKv
                0x0000000008006a5c       0xe8 bn_sstream.o
                0x0000000008006a5c                bn::ostringstream::append(void const*)
 .text._ZN2bn13ostringstream16_append_fractionEji
                0x0000000008006b44       0xfc bn_sstream.o
                0x0000000008006b44                bn::ostringstream::_append_fraction(unsigned int, int)
 .text._ZN2bn13ostringstream6appendEc
                0x0000000008006c40       0x44 bn_sstream.o
                0x0000000008006c40                bn::ostringstream::append(char)
 .text._ZN2bn13audio_manager4initEPFvvES2_
                0x0000000008006c84        0xc bn_audio_manager.o
                0x0000000008006c84                bn::audio_manager::init(void (*)(), void (*)())
 .text._ZN2bn13audio_manager7disableEv
                0x0000000008006c90        0xc bn_audio_manager.o
                0x0000000008006c90                bn::audio_manager::disable()
 .text._ZN2bn13audio_manager22disable_vblank_handlerEv
                0x0000000008006c9c        0xc bn_audio_manager.o
                0x0000000008006c9c                bn::audio_manager::disable_vblank_handler()
 .text._ZN2bn13audio_manager6commitEv
                0x0000000008006ca8        0xc bn_audio_manager.o
                0x0000000008006ca8                bn::audio_manager::commit()
 .text._ZN2bn13audio_manager6updateEv
                0x0000000008006cb4      0x180 bn_audio_manager.o
                0x0000000008006cb4                bn::audio_manager::update()
 .text._ZN3_bn6assert9show_argsIA25_cEEvPKcS4_S4_iRKT_
                0x0000000008006e34       0x50 bn_audio_manager.o
                0x0000000008006e34                void _bn::assert::show_args<char [25]>(char const*, char const*, char const*, int, char const (&) [25])
 .text._ZN2bn13audio_manager10stop_musicEv
                0x0000000008006e84       0x70 bn_audio_manager.o
                0x0000000008006e84                bn::audio_manager::stop_music()
 .text._ZN2bn13audio_manager4stopEv
                0x0000000008006ef4       0x5c bn_audio_manager.o
                0x0000000008006ef4                bn::audio_manager::stop()
 .text._ZNK2bn10sound_item4playENS_7fixed_tILi12EEE
                0x0000000008006f50       0x9c bn_audio_manager.o
                0x0000000008006f50                bn::sound_item::play(bn::fixed_t<12>) const
 .text.startup._GLOBAL__sub_I__ZN2bn5audio16update_on_vblankEv
                0x0000000008006fec       0x30 bn_audio_manager.o
 .text._ZNK2bn21sprite_affine_mat_ptr15horizontal_flipEv
                0x000000000800701c       0x20 bn_sprite_affine_mats_manager.o
                0x000000000800701c                bn::sprite_affine_mat_ptr::horizontal_flip() const
 .text._ZNK2bn21sprite_affine_mat_ptr13vertical_flipEv
                0x000000000800703c       0x20 bn_sprite_affine_mats_manager.o
                0x000000000800703c                bn::sprite_affine_mat_ptr::vertical_flip() const
 .text._ZN2bn26sprite_affine_mats_manager20retrieve_commit_dataEv
                0x000000000800705c       0x44 bn_sprite_affine_mats_manager.o
                0x000000000800705c                bn::sprite_affine_mats_manager::retrieve_commit_data()
 .text._ZN2bn26sprite_affine_mats_manager15decrease_usagesEi.part.0
                0x00000000080070a0       0x68 bn_sprite_affine_mats_manager.o
 .text._ZN2bn21sprite_affine_mat_ptr8_destroyEv
                0x0000000008007108       0x2c bn_sprite_affine_mats_manager.o
                0x0000000008007108                bn::sprite_affine_mat_ptr::_destroy()
 .text._ZN2bn26sprite_affine_mats_manager6updateEv
                0x0000000008007134       0xa0 bn_sprite_affine_mats_manager.o
                0x0000000008007134                bn::sprite_affine_mats_manager::update()
 .text._ZN2bn26sprite_affine_mats_manager4initEPv
                0x00000000080071d4       0x6c bn_sprite_affine_mats_manager.o
                0x00000000080071d4                bn::sprite_affine_mats_manager::init(void*)
 .text._ZN2bn26sprite_affine_mats_manager14dettach_spriteEiRNS_24intrusive_list_node_typeE
                0x0000000008007240       0x4c bn_sprite_affine_mats_manager.o
                0x0000000008007240                bn::sprite_affine_mats_manager::dettach_sprite(int, bn::intrusive_list_node_type&)
 .text.startup._GLOBAL__sub_I__ZN2bn18sprite_affine_mats10used_countEv
                0x000000000800728c       0x98 bn_sprite_affine_mats_manager.o
 .text.exit._GLOBAL__sub_D__ZN2bn18sprite_affine_mats10used_countEv
                0x0000000008007324       0x3c bn_sprite_affine_mats_manager.o
 .text._ZN2bn12link_manager4initEv
                0x0000000008007360        0xc bn_link_manager.o
                0x0000000008007360                bn::link_manager::init()
 .text._ZN2bn12link_manager7disableEv
                0x000000000800736c       0x18 bn_link_manager.o
                0x000000000800736c                bn::link_manager::disable()
 .text._ZN2bn12link_manager6commitEv
                0x0000000008007384        0xc bn_link_manager.o
                0x0000000008007384                bn::link_manager::commit()
 .text._ZN2bn2hw8palettes9grayscaleEPKNS_5colorEiiPS2_.part.0
                0x0000000008007390       0x40 bn_palettes_manager.o
 .text._ZN2bn14bg_palette_ptrC2ERKS0_
                0x00000000080073d0       0x2c bn_palettes_manager.o
                0x00000000080073d0                bn::bg_palette_ptr::bg_palette_ptr(bn::bg_palette_ptr const&)
                0x00000000080073d0                bn::bg_palette_ptr::bg_palette_ptr(bn::bg_palette_ptr const&)
 .text._ZNK2bn14bg_palette_ptr3bppEv
                0x00000000080073fc       0x20 bn_palettes_manager.o
                0x00000000080073fc                bn::bg_palette_ptr::bpp() const
 .text._ZNK2bn18sprite_palette_ptr3bppEv
                0x000000000800741c       0x1c bn_palettes_manager.o
                0x000000000800741c                bn::sprite_palette_ptr::bpp() const
 .text._ZN2bn13palettes_bank11colors_hashERKNS_4spanIKNS_5colorEEE
                0x0000000008007438       0x28 bn_palettes_manager.o
                0x0000000008007438                bn::palettes_bank::colors_hash(bn::span<bn::color const> const&)
 .text._ZNK2bn13palettes_bank10log_statusEv
                0x0000000008007460      0x188 bn_palettes_manager.o
                0x0000000008007460                bn::palettes_bank::log_status() const
 .text._ZNK2bn13palettes_bank20retrieve_commit_dataEv
                0x00000000080075e8       0x58 bn_palettes_manager.o
                0x00000000080075e8                bn::palettes_bank::retrieve_commit_data() const
 .text._ZNK2bn13palettes_bank12_same_colorsERKNS_4spanIKNS_5colorEEEi
                0x0000000008007640       0x50 bn_palettes_manager.o
                0x0000000008007640                bn::palettes_bank::_same_colors(bn::span<bn::color const> const&, int) const
 .text._ZN2bn13palettes_bank10find_bpp_4ERKNS_4spanIKNS_5colorEEEt
                0x0000000008007690       0xdc bn_palettes_manager.o
                0x0000000008007690                bn::palettes_bank::find_bpp_4(bn::span<bn::color const> const&, unsigned short)
 .text._ZN2bn13palettes_bank29_check_global_effects_enabledEv
                0x000000000800776c       0x6c bn_palettes_manager.o
                0x000000000800776c                bn::palettes_bank::_check_global_effects_enabled()
 .text._ZNK2bn13palettes_bank21_apply_global_effectsEiPNS_5colorE
                0x00000000080077d8      0x13c bn_palettes_manager.o
                0x00000000080077d8                bn::palettes_bank::_apply_global_effects(int, bn::color*) const
 .text._ZNK2bn13palettes_bank25fill_hblank_effect_colorsEPKNS_5colorEPt
                0x0000000008007914       0x30 bn_palettes_manager.o
                0x0000000008007914                bn::palettes_bank::fill_hblank_effect_colors(bn::color const*, unsigned short*) const
 .text._ZNK2bn13palettes_bank7palette13apply_effectsEiPNS_5colorE
                0x0000000008007944       0xbc bn_palettes_manager.o
                0x0000000008007944                bn::palettes_bank::palette::apply_effects(int, bn::color*) const
 .text._ZNK2bn13palettes_bank25fill_hblank_effect_colorsEiPKNS_5colorEPt
                0x0000000008007a00       0x44 bn_palettes_manager.o
                0x0000000008007a00                bn::palettes_bank::fill_hblank_effect_colors(int, bn::color const*, unsigned short*) const
 .text._ZN2bn13palettes_bank15_update_paletteEi
                0x0000000008007a44       0x6c bn_palettes_manager.o
                0x0000000008007a44                bn::palettes_bank::_update_palette(int)
 .text._ZN2bn13palettes_bank6updateEv
                0x0000000008007ab0      0x124 bn_palettes_manager.o
                0x0000000008007ab0                bn::palettes_bank::update()
 .text._ZN2bn13palettes_bankC2Ev
                0x0000000008007bd4       0xcc bn_palettes_manager.o
                0x0000000008007bd4                bn::palettes_bank::palettes_bank()
                0x0000000008007bd4                bn::palettes_bank::palettes_bank()
 .text._ZN2bn16palettes_manager20sprite_palettes_bankEv
                0x0000000008007ca0        0x8 bn_palettes_manager.o
                0x0000000008007ca0                bn::palettes_manager::sprite_palettes_bank()
 .text._ZN2bn16palettes_manager16bg_palettes_bankEv
                0x0000000008007ca8        0x8 bn_palettes_manager.o
                0x0000000008007ca8                bn::palettes_manager::bg_palettes_bank()
 .text._ZN2bn16palettes_manager6updateEv
                0x0000000008007cb0       0x20 bn_palettes_manager.o
                0x0000000008007cb0                bn::palettes_manager::update()
 .text._ZN2bn16palettes_manager6commitEv
                0x0000000008007cd0       0xb4 bn_palettes_manager.o
                0x0000000008007cd0                bn::palettes_manager::commit()
 .text._ZN2bn16palettes_manager4stopEv
                0x0000000008007d84       0x20 bn_palettes_manager.o
                0x0000000008007d84                bn::palettes_manager::stop()
 .text._ZN3_bn6assert9show_argsIJA43_ciS2_A42_cEEEvPKcS5_S5_iDpRKT_
                0x0000000008007da4       0x68 bn_palettes_manager.o
                0x0000000008007da4                void _bn::assert::show_args<char [43], int, char [43], char [42]>(char const*, char const*, char const*, int, char const (&) [43], int const&, char const (&) [43], char const (&) [42])
 .text._ZN2bn13palettes_bank12create_bpp_8ERKNS_4spanIKNS_5colorEEENS_16compression_typeEb
                0x0000000008007e0c      0x210 bn_palettes_manager.o
                0x0000000008007e0c                bn::palettes_bank::create_bpp_8(bn::span<bn::color const> const&, bn::compression_type, bool)
 .text._ZN3_bn6assert9show_argsIA20_cN2bn7fixed_tILi12EEEEEvPKcS7_S7_iRKT_RKT0_
                0x000000000800801c       0x58 bn_palettes_manager.o
                0x000000000800801c                void _bn::assert::show_args<char [20], bn::fixed_t<12> >(char const*, char const*, char const*, int, char const (&) [20], bn::fixed_t<12> const&)
 .text._ZN2bn11bg_palettes18set_fade_intensityENS_7fixed_tILi12EEE
                0x0000000008008074       0x8c bn_palettes_manager.o
                0x0000000008008074                bn::bg_palettes::set_fade_intensity(bn::fixed_t<12>)
 .text._ZN2bn15sprite_palettes18set_fade_intensityENS_7fixed_tILi12EEE
                0x0000000008008100       0x80 bn_palettes_manager.o
                0x0000000008008100                bn::sprite_palettes::set_fade_intensity(bn::fixed_t<12>)
 .text._ZN3_bn6assert9show_argsIJA39_cPKN2bn5colorEA4_ciEEEvPKcS9_S9_iDpRKT_
                0x0000000008008180       0x64 bn_palettes_manager.o
                0x0000000008008180                void _bn::assert::show_args<char [39], bn::color const*, char [4], int>(char const*, char const*, char const*, int, char const (&) [39], bn::color const* const&, char const (&) [4], int const&)
 .text._ZNK2bn15bg_palette_item10decompressENS_4spanINS_5colorEEE
                0x00000000080081e4      0x154 bn_palettes_manager.o
                0x00000000080081e4                bn::bg_palette_item::decompress(bn::span<bn::color>) const
 .text._ZNK2bn19sprite_palette_item10decompressENS_4spanINS_5colorEEE
                0x0000000008008338      0x154 bn_palettes_manager.o
                0x0000000008008338                bn::sprite_palette_item::decompress(bn::span<bn::color>) const
 .text._ZN2bn13palettes_bank12create_bpp_4ERKNS_4spanIKNS_5colorEEEtb
                0x000000000800848c      0x2a0 bn_palettes_manager.o
                0x000000000800848c                bn::palettes_bank::create_bpp_4(bn::span<bn::color const> const&, unsigned short, bool)
 .text._ZN2bn12_GLOBAL__N_112_create_implERKNS_15bg_palette_itemEb
                0x000000000800872c       0x94 bn_palettes_manager.o
 .text._ZN2bn14bg_palette_ptr6createERKNS_15bg_palette_itemE
                0x00000000080087c0       0x54 bn_palettes_manager.o
                0x00000000080087c0                bn::bg_palette_ptr::create(bn::bg_palette_item const&)
 .text._ZNK2bn15bg_palette_item14create_paletteEv
                0x0000000008008814       0x10 bn_palettes_manager.o
                0x0000000008008814                bn::bg_palette_item::create_palette() const
 .text._ZN2bn12_GLOBAL__N_112_create_implERKNS_19sprite_palette_itemEb
                0x0000000008008824       0x7c bn_palettes_manager.o
 .text._ZNK2bn19sprite_palette_item14create_paletteEv
                0x00000000080088a0       0x48 bn_palettes_manager.o
                0x00000000080088a0                bn::sprite_palette_item::create_palette() const
 .text._ZN2bn14iunordered_mapItsNS_13palettes_bank15identity_hasherENS_8equal_toItEEE5eraseERKNS5_14const_iteratorE.isra.0
                0x00000000080088e8      0x174 bn_palettes_manager.o
 .text._ZN2bn13palettes_bank15decrease_usagesEi.part.0
                0x0000000008008a5c       0xdc bn_palettes_manager.o
 .text._ZN2bn18sprite_palette_ptr8_destroyEv
                0x0000000008008b38       0x28 bn_palettes_manager.o
                0x0000000008008b38                bn::sprite_palette_ptr::_destroy()
 .text._ZN2bn14bg_palette_ptr8_destroyEv
                0x0000000008008b60       0x34 bn_palettes_manager.o
                0x0000000008008b60                bn::bg_palette_ptr::_destroy()
 .text._ZN2bn14bg_palette_ptraSERKS0_
                0x0000000008008b94       0x5c bn_palettes_manager.o
                0x0000000008008b94                bn::bg_palette_ptr::operator=(bn::bg_palette_ptr const&)
 .text.startup._GLOBAL__sub_I__ZN2bn11bg_palettes17used_colors_countEv
                0x0000000008008bf0       0x20 bn_palettes_manager.o
 .text._ZN2bn12gpio_manager6commitEv
                0x0000000008008c10       0x48 bn_gpio_manager.o
                0x0000000008008c10                bn::gpio_manager::commit()
 .text._ZN2bn12gpio_manager4stopEv
                0x0000000008008c58       0x3c bn_gpio_manager.o
                0x0000000008008c58                bn::gpio_manager::stop()
 .text._ZN3_bn6assert9show_argsIJA25_ciA4_ctEEEvPKcS5_S5_iDpRKT_
                0x0000000008008c94       0x6c bn_sprite_text_generator.o
                0x0000000008008c94                void _bn::assert::show_args<char [25], int, char [4], unsigned short>(char const*, char const*, char const*, int, char const (&) [25], int const&, char const (&) [4], unsigned short const&)
 .text._ZNK2bn10camera_ptr8positionEv
                0x0000000008008d00       0x14 bn_cameras_manager.o
                0x0000000008008d00                bn::camera_ptr::position() const
 .text._ZN2bn15cameras_manager6updateEv
                0x0000000008008d14       0x28 bn_cameras_manager.o
                0x0000000008008d14                bn::cameras_manager::update()
 .text._ZN2bn15cameras_manager4initEv
                0x0000000008008d3c       0x54 bn_cameras_manager.o
                0x0000000008008d3c                bn::cameras_manager::init()
 .text._ZN2bn10camera_ptr8_destroyEv
                0x0000000008008d90       0x60 bn_cameras_manager.o
                0x0000000008008d90                bn::camera_ptr::_destroy()
 .text.startup._GLOBAL__sub_I__ZN2bn7cameras16used_items_countEv
                0x0000000008008df0       0x2c bn_cameras_manager.o
 .text._ZN2bn3logERKNS_12istring_baseE
                0x0000000008008e1c        0xc bn_log.o
                0x0000000008008e1c                bn::log(bn::istring_base const&)
 .text._ZNK2bn16sprite_tiles_ptr2idEv
                0x0000000008008e28       0x18 bn_sprite_tiles_manager.o
                0x0000000008008e28                bn::sprite_tiles_ptr::id() const
 .text._ZNK2bn16sprite_tiles_ptr11tiles_countEv
                0x0000000008008e40       0x18 bn_sprite_tiles_manager.o
                0x0000000008008e40                bn::sprite_tiles_ptr::tiles_count() const
 .text._ZN2bn20sprite_tiles_manager10log_statusEv
                0x0000000008008e58      0x1f8 bn_sprite_tiles_manager.o
                0x0000000008008e58                bn::sprite_tiles_manager::log_status()
 .text._ZN2bn20sprite_tiles_manager6commitEv
                0x0000000008009050       0xc8 bn_sprite_tiles_manager.o
                0x0000000008009050                bn::sprite_tiles_manager::commit()
 .text._ZN3_bn6assert9show_argsIJA44_cPKN2bn4tileEA4_cS6_EEEvPKcS9_S9_iDpRKT_
                0x0000000008009118       0x6c bn_sprite_tiles_manager.o
                0x0000000008009118                void _bn::assert::show_args<char [44], bn::tile const*, char [4], bn::tile const*>(char const*, char const*, char const*, int, char const (&) [44], bn::tile const* const&, char const (&) [4], bn::tile const* const&)
 .text._ZN3_bn6assert9show_argsIJA46_ciA4_cjEEEvPKcS5_S5_iDpRKT_
                0x0000000008009184       0x6c bn_sprite_tiles_manager.o
                0x0000000008009184                void _bn::assert::show_args<char [46], int, char [4], unsigned int>(char const*, char const*, char const*, int, char const (&) [46], int const&, char const (&) [4], unsigned int const&)
 .text._ZN3_bn6assert9show_argsIJA28_cA15_cPKN2bn4tileEA16_ciA43_cNS4_11string_viewEEEEvPKcSC_SC_iDpRKT_
                0x00000000080091f0       0x84 bn_sprite_tiles_manager.o
                0x00000000080091f0                void _bn::assert::show_args<char [28], char [15], bn::tile const*, char [16], int, char [43], bn::string_view>(char const*, char const*, char const*, int, char const (&) [28], char const (&) [15], bn::tile const* const&, char const (&) [16], int const&, char const (&) [43], bn::string_view const&)
 .text._ZN2bn20sprite_tiles_manager12_GLOBAL__N_116_erase_free_itemEi
                0x0000000008009274       0xe4 bn_sprite_tiles_manager.o
 .text._ZN2bn20sprite_tiles_manager15decrease_usagesEi.part.0
                0x0000000008009358      0x10c bn_sprite_tiles_manager.o
 .text._ZN2bn16sprite_tiles_ptr8_destroyEv
                0x0000000008009464       0x28 bn_sprite_tiles_manager.o
                0x0000000008009464                bn::sprite_tiles_ptr::_destroy()
 .text._ZN2bn20sprite_tiles_manager12_GLOBAL__N_117_insert_free_itemEiPt
                0x000000000800948c       0xd0 bn_sprite_tiles_manager.o
 .text._ZN2bn14iunordered_mapIPKNS_4tileEiNS_4hashIS3_EENS_8equal_toIS3_EEE5eraseERKNS8_14const_iteratorE.isra.0
                0x000000000800955c      0x17c bn_sprite_tiles_manager.o
 .text._ZN2bn20sprite_tiles_manager12_GLOBAL__N_112_create_itemEiPKNS_4tileENS_16compression_typeEib
                0x00000000080096d8      0x334 bn_sprite_tiles_manager.o
 .text._ZN2bn20sprite_tiles_manager6updateEv
                0x0000000008009a0c      0x270 bn_sprite_tiles_manager.o
                0x0000000008009a0c                bn::sprite_tiles_manager::update()
 .text._ZN2bn20sprite_tiles_manager12_GLOBAL__N_112_create_implEPKNS_4tileENS_16compression_typeEi
                0x0000000008009c7c      0x1f4 bn_sprite_tiles_manager.o
 .text._ZN2bn20sprite_tiles_manager4initEv
                0x0000000008009e70      0x148 bn_sprite_tiles_manager.o
                0x0000000008009e70                bn::sprite_tiles_manager::init()
 .text._ZN2bn20sprite_tiles_manager12_GLOBAL__N_110_find_implEPKNS_4tileENS_16compression_typeEi
                0x0000000008009fb8      0x270 bn_sprite_tiles_manager.o
 .text._ZN2bn20sprite_tiles_manager6createERKNS_4spanIKNS_4tileEEENS_16compression_typeE
                0x000000000800a228      0x140 bn_sprite_tiles_manager.o
                0x000000000800a228                bn::sprite_tiles_manager::create(bn::span<bn::tile const> const&, bn::compression_type)
 .text._ZNK2bn17sprite_tiles_item12create_tilesEv
                0x000000000800a368       0x94 bn_sprite_tiles_manager.o
                0x000000000800a368                bn::sprite_tiles_item::create_tiles() const
 .text._ZNK2bn17sprite_tiles_item12create_tilesEi
                0x000000000800a3fc       0xe4 bn_sprite_tiles_manager.o
                0x000000000800a3fc                bn::sprite_tiles_item::create_tiles(int) const
 .text.startup._GLOBAL__sub_I__ZN2bn12sprite_tiles16used_tiles_countEv
                0x000000000800a4e0      0x10c bn_sprite_tiles_manager.o
 .text._ZN2bn22hblank_effects_manager12_GLOBAL__N_19item_type18_output_values_ptrEv
                0x000000000800a5ec       0x40 bn_hblank_effects_manager.o
 .text._ZN2bn7type_idINS_4pairIiiEEEENS_9type_id_tEv
                0x000000000800a62c        0x8 bn_hblank_effects_manager.o
                0x000000000800a62c                bn::type_id_t bn::type_id<bn::pair<int, int> >()
 .text._ZN2bn7type_idINS_33regular_bg_attributes_hbe_handler15last_value_typeEEENS_9type_id_tEv
                0x000000000800a634        0x8 bn_hblank_effects_manager.o
                0x000000000800a634                bn::type_id_t bn::type_id<bn::regular_bg_attributes_hbe_handler::last_value_type>()
 .text._ZN2bn7type_idINS_32affine_bg_attributes_hbe_handler15last_value_typeEEENS_9type_id_tEv
                0x000000000800a63c        0x8 bn_hblank_effects_manager.o
                0x000000000800a63c                bn::type_id_t bn::type_id<bn::affine_bg_attributes_hbe_handler::last_value_type>()
 .text._ZN2bn7type_idIiEENS_9type_id_tEv
                0x000000000800a644        0x8 bn_hblank_effects_manager.o
                0x000000000800a644                bn::type_id_t bn::type_id<int>()
 .text._ZN2bn7type_idINS_47affine_bg_pivot_horizontal_position_hbe_handler15last_value_typeEEENS_9type_id_tEv
                0x000000000800a64c        0x8 bn_hblank_effects_manager.o
                0x000000000800a64c                bn::type_id_t bn::type_id<bn::affine_bg_pivot_horizontal_position_hbe_handler::last_value_type>()
 .text._ZN2bn7type_idINS_45affine_bg_pivot_vertical_position_hbe_handler15last_value_typeEEENS_9type_id_tEv
                0x000000000800a654        0x8 bn_hblank_effects_manager.o
                0x000000000800a654                bn::type_id_t bn::type_id<bn::affine_bg_pivot_vertical_position_hbe_handler::last_value_type>()
 .text._ZN2bn7type_idINS_35sprite_first_attributes_hbe_handler15last_value_typeEEENS_9type_id_tEv
                0x000000000800a65c        0x8 bn_hblank_effects_manager.o
                0x000000000800a65c                bn::type_id_t bn::type_id<bn::sprite_first_attributes_hbe_handler::last_value_type>()
 .text._ZN2bn7type_idINS_35sprite_second_attributes_last_valueEEENS_9type_id_tEv
                0x000000000800a664        0x8 bn_hblank_effects_manager.o
                0x000000000800a664                bn::type_id_t bn::type_id<bn::sprite_second_attributes_last_value>()
 .text._ZN2bn7type_idINS_17sprite_shape_sizeEEENS_9type_id_tEv
                0x000000000800a66c        0x8 bn_hblank_effects_manager.o
                0x000000000800a66c                bn::type_id_t bn::type_id<bn::sprite_shape_size>()
 .text._ZN2bn22hblank_effects_manager7disableEv
                0x000000000800a674       0x24 bn_hblank_effects_manager.o
                0x000000000800a674                bn::hblank_effects_manager::disable()
 .text._ZN2bn22hblank_effects_manager6commitEv
                0x000000000800a698       0x74 bn_hblank_effects_manager.o
                0x000000000800a698                bn::hblank_effects_manager::commit()
 .text._ZN2bn22hblank_effects_manager12_GLOBAL__N_110_is_uint32ENS0_12handler_typeE
                0x000000000800a70c       0x64 bn_hblank_effects_manager.o
 .text._ZN2bn8optionalINS_29affine_bg_pa_register_hbe_ptrEEdeEv.part.0
                0x000000000800a770       0x28 bn_hblank_effects_manager.o
 .text._ZN3_bn6assert9show_argsIA21_cEEvPKcS4_S4_iRKT_
                0x000000000800a798       0x50 bn_hblank_effects_manager.o
                0x000000000800a798                void _bn::assert::show_args<char [21]>(char const*, char const*, char const*, int, char const (&) [21])
 .text._ZN2bn22hblank_effects_manager12_GLOBAL__N_19item_type12check_updateEv
                0x000000000800a7e8     0x1e28 bn_hblank_effects_manager.o
 .text._ZN2bn22hblank_effects_manager6updateEv
                0x000000000800c610      0x1ec bn_hblank_effects_manager.o
                0x000000000800c610                bn::hblank_effects_manager::update()
 .text._ZN2bn22hblank_effects_manager4initEv
                0x000000000800c7fc       0xd4 bn_hblank_effects_manager.o
                0x000000000800c7fc                bn::hblank_effects_manager::init()
 .text.startup._GLOBAL__sub_I__ZN2bn4hbes10used_countEv
                0x000000000800c8d0       0xfc bn_hblank_effects_manager.o
 .text.exit._GLOBAL__sub_D__ZN2bn4hbes10used_countEv
                0x000000000800c9cc       0x40 bn_hblank_effects_manager.o
 .text._ZN2bn6keypad9a_pressedEv
                0x000000000800ca0c       0x10 bn_keypad_manager.o
                0x000000000800ca0c                bn::keypad::a_pressed()
 .text._ZN2bn6keypad9b_pressedEv
                0x000000000800ca1c       0x10 bn_keypad_manager.o
                0x000000000800ca1c                bn::keypad::b_pressed()
 .text._ZN2bn6keypad13start_pressedEv
                0x000000000800ca2c       0x10 bn_keypad_manager.o
                0x000000000800ca2c                bn::keypad::start_pressed()
 .text._ZN2bn6keypad10right_heldEv
                0x000000000800ca3c       0x10 bn_keypad_manager.o
                0x000000000800ca3c                bn::keypad::right_held()
 .text._ZN2bn6keypad9left_heldEv
                0x000000000800ca4c       0x10 bn_keypad_manager.o
                0x000000000800ca4c                bn::keypad::left_held()
 .text._ZN2bn6keypad7up_heldEv
                0x000000000800ca5c       0x10 bn_keypad_manager.o
                0x000000000800ca5c                bn::keypad::up_held()
 .text._ZN2bn6keypad9down_heldEv
                0x000000000800ca6c       0x10 bn_keypad_manager.o
                0x000000000800ca6c                bn::keypad::down_held()
 .text._ZN2bn6keypad9r_pressedEv
                0x000000000800ca7c       0x10 bn_keypad_manager.o
                0x000000000800ca7c                bn::keypad::r_pressed()
 .text._ZN2bn6keypad9l_pressedEv
                0x000000000800ca8c       0x10 bn_keypad_manager.o
                0x000000000800ca8c                bn::keypad::l_pressed()
 .text._ZN2bn14keypad_manager4stopEv
                0x000000000800ca9c        0x4 bn_keypad_manager.o
                0x000000000800ca9c                bn::keypad_manager::stop()
 .text._ZN2bn14keypad_manager6updateEv
                0x000000000800caa0       0xa8 bn_keypad_manager.o
                0x000000000800caa0                bn::keypad_manager::update()
 .text._ZN3_bn6assert9show_argsIA24_ciEEvPKcS4_S4_iRKT_RKT0_
                0x000000000800cb48       0x58 bn_keypad_manager.o
                0x000000000800cb48                void _bn::assert::show_args<char [24], int>(char const*, char const*, char const*, int, char const (&) [24], int const&)
 .text._ZN2bn14keypad_manager4initERKNS_11string_viewE
                0x000000000800cba0       0x58 bn_keypad_manager.o
                0x000000000800cba0                bn::keypad_manager::init(bn::string_view const&)
 .text._ZN2bn11bgs_manager12_GLOBAL__N_129_check_unique_regular_big_mapERNS1_9item_typeE
                0x000000000800cbf8       0x68 bn_bgs_manager.o
 .text._ZN2bn13ostringstream11append_argsIiJA4_ciEEEvRKT_DpRKT0_.isra.0
                0x000000000800cc60       0x24 bn_bgs_manager.o
 .text._ZNK2bn14regular_bg_ptr7visibleEv
                0x000000000800cc84        0xc bn_bgs_manager.o
                0x000000000800cc84                bn::regular_bg_ptr::visible() const
 .text._ZN2bn14regular_bg_ptr11set_visibleEb
                0x000000000800cc90       0x30 bn_bgs_manager.o
                0x000000000800cc90                bn::regular_bg_ptr::set_visible(bool)
 .text._ZN2bn11bgs_manager5hw_idEPv
                0x000000000800ccc0       0x24 bn_bgs_manager.o
                0x000000000800ccc0                bn::bgs_manager::hw_id(void*)
 .text._ZN2bn11bgs_manager11hw_positionEPv
                0x000000000800cce4        0x4 bn_bgs_manager.o
                0x000000000800cce4                bn::bgs_manager::hw_position(void*)
 .text._ZN2bn11bgs_manager14mat_attributesEPv
                0x000000000800cce8        0x4 bn_bgs_manager.o
                0x000000000800cce8                bn::bgs_manager::mat_attributes(void*)
 .text._ZN2bn11bgs_manager20update_windows_flagsEPj
                0x000000000800ccec       0x7c bn_bgs_manager.o
                0x000000000800ccec                bn::bgs_manager::update_windows_flags(unsigned int*)
 .text._ZN2bn11bgs_manager36fill_hblank_effect_regular_positionsEiPKNS_7fixed_tILi12EEEPt
                0x000000000800cd68       0x38 bn_bgs_manager.o
                0x000000000800cd68                bn::bgs_manager::fill_hblank_effect_regular_positions(int, bn::fixed_t<12> const*, unsigned short*)
 .text._ZN2bn11bgs_manager45fill_hblank_effect_pivot_horizontal_positionsEPvPKNS_7fixed_tILi12EEEPj
                0x000000000800cda0       0x24 bn_bgs_manager.o
                0x000000000800cda0                bn::bgs_manager::fill_hblank_effect_pivot_horizontal_positions(void*, bn::fixed_t<12> const*, unsigned int*)
 .text._ZN2bn11bgs_manager43fill_hblank_effect_pivot_vertical_positionsEPvPKNS_7fixed_tILi12EEEPj
                0x000000000800cdc4       0x24 bn_bgs_manager.o
                0x000000000800cdc4                bn::bgs_manager::fill_hblank_effect_pivot_vertical_positions(void*, bn::fixed_t<12> const*, unsigned int*)
 .text._ZN2bn11bgs_manager6commitEv
                0x000000000800cde8       0xf8 bn_bgs_manager.o
                0x000000000800cde8                bn::bgs_manager::commit()
 .text._ZN2bn11bgs_manager4stopEv
                0x000000000800cee0       0x28 bn_bgs_manager.o
                0x000000000800cee0                bn::bgs_manager::stop()
 .text._ZN3_bn6assert9show_argsIA30_cEEvPKcS4_S4_iRKT_
                0x000000000800cf08       0x50 bn_bgs_manager.o
                0x000000000800cf08                void _bn::assert::show_args<char [30]>(char const*, char const*, char const*, int, char const (&) [30])
 .text._ZN3_bn6assert9show_argsIJA60_ciA4_ciEEEvPKcS5_S5_iDpRKT_
                0x000000000800cf58       0x5c bn_bgs_manager.o
                0x000000000800cf58                void _bn::assert::show_args<char [60], int, char [4], int>(char const*, char const*, char const*, int, char const (&) [60], int const&, char const (&) [4], int const&)
 .text._ZN3_bn6assert9show_argsIJA59_ciA4_ciEEEvPKcS5_S5_iDpRKT_
                0x000000000800cfb4       0x5c bn_bgs_manager.o
                0x000000000800cfb4                void _bn::assert::show_args<char [59], int, char [4], int>(char const*, char const*, char const*, int, char const (&) [59], int const&, char const (&) [4], int const&)
 .text._ZN3_bn6assert9show_argsIJA57_ciA4_ciEEEvPKcS5_S5_iDpRKT_
                0x000000000800d010       0x5c bn_bgs_manager.o
                0x000000000800d010                void _bn::assert::show_args<char [57], int, char [4], int>(char const*, char const*, char const*, int, char const (&) [57], int const&, char const (&) [4], int const&)
 .text._ZN2bn11bgs_manager14update_camerasEv
                0x000000000800d06c      0x2d4 bn_bgs_manager.o
                0x000000000800d06c                bn::bgs_manager::update_cameras()
 .text._ZN2bn11bgs_manager15commit_big_mapsEv
                0x000000000800d340      0x1d4 bn_bgs_manager.o
                0x000000000800d340                bn::bgs_manager::commit_big_maps()
 .text._ZN2bn11bgs_manager12_GLOBAL__N_19item_type18update_regular_mapEv
                0x000000000800d514      0x29c bn_bgs_manager.o
 .text._ZN2bn18regular_bg_builder11release_mapEv
                0x000000000800d7b0       0x54 bn_bgs_manager.o
                0x000000000800d7b0                bn::regular_bg_builder::release_map()
 .text._ZN2bn11bgs_manager11regular_mapEPv
                0x000000000800d804       0x34 bn_bgs_manager.o
                0x000000000800d804                bn::bgs_manager::regular_map(void*)
 .text._ZN2bn11bgs_manager10affine_mapEPv
                0x000000000800d838       0x34 bn_bgs_manager.o
                0x000000000800d838                bn::bgs_manager::affine_map(void*)
 .text._ZN2bn11bgs_manager37fill_hblank_effect_regular_attributesEPvPKNS_21regular_bg_attributesEPt
                0x000000000800d86c      0x104 bn_bgs_manager.o
                0x000000000800d86c                bn::bgs_manager::fill_hblank_effect_regular_attributes(void*, bn::regular_bg_attributes const*, unsigned short*)
 .text._ZN2bn11bgs_manager36fill_hblank_effect_affine_attributesEPvPKNS_20affine_bg_attributesEPt
                0x000000000800d970      0x108 bn_bgs_manager.o
                0x000000000800d970                bn::bgs_manager::fill_hblank_effect_affine_attributes(void*, bn::affine_bg_attributes const*, unsigned short*)
 .text._ZN2bn11bgs_manager15rebuild_handlesEv.part.0
                0x000000000800da78      0x174 bn_bgs_manager.o
 .text._ZN2bn11bgs_manager6updateEv
                0x000000000800dbec      0x1d0 bn_bgs_manager.o
                0x000000000800dbec                bn::bgs_manager::update()
 .text._ZN2bn11bgs_manager12_GLOBAL__N_112_insert_itemERNS1_9item_typeE
                0x000000000800ddbc      0x100 bn_bgs_manager.o
 .text._ZN2bn11bgs_manager6createEONS_18regular_bg_builderE
                0x000000000800debc      0x208 bn_bgs_manager.o
                0x000000000800debc                bn::bgs_manager::create(bn::regular_bg_builder&&)
 .text._ZNK2bn15regular_bg_item9create_bgENS_7fixed_tILi12EEES2_
                0x000000000800e0c4       0x80 bn_bgs_manager.o
                0x000000000800e0c4                bn::regular_bg_item::create_bg(bn::fixed_t<12>, bn::fixed_t<12>) const
 .text.startup._GLOBAL__sub_I__ZN2bn3bgs16used_items_countEv
                0x000000000800e144       0x64 bn_bgs_manager.o
 .text.exit._GLOBAL__sub_D__ZN2bn3bgs16used_items_countEv
                0x000000000800e1a8       0x14 bn_bgs_manager.o
 .text._ZN2bn18igeneric_pool_baseC2EPci
                0x000000000800e1bc       0x10 bn_generic_pool.o
                0x000000000800e1bc                bn::igeneric_pool_base::igeneric_pool_base(char*, int)
                0x000000000800e1bc                bn::igeneric_pool_base::igeneric_pool_base(char*, int)
 .text._ZN2bn18igeneric_pool_base5_freeEPc
                0x000000000800e1cc       0x10 bn_generic_pool.o
                0x000000000800e1cc                bn::igeneric_pool_base::_free(char*)
 .text._ZN2bn18igeneric_pool_baseD2Ev
                0x000000000800e1dc       0x30 bn_generic_pool.o
                0x000000000800e1dc                bn::igeneric_pool_base::~igeneric_pool_base()
                0x000000000800e1dc                bn::igeneric_pool_base::~igeneric_pool_base()
 .text._ZN2bn18igeneric_pool_base9_allocateEv
                0x000000000800e20c       0x48 bn_generic_pool.o
                0x000000000800e20c                bn::igeneric_pool_base::_allocate()
 .text._ZN2bn2hw4link12_GLOBAL__N_119_resetStateCallbackEv
                0x000000000800e254       0x4c bn_hw_link.o
 .text._ZN2bn2hw4link4initEv
                0x000000000800e2a0       0xc0 bn_hw_link.o
                0x000000000800e2a0                bn::hw::link::init()
 .text._ZN2bn2hw4link6activeEv
                0x000000000800e360       0x10 bn_hw_link.o
                0x000000000800e360                bn::hw::link::active()
 .text._ZN2bn2hw4link7disableEv
                0x000000000800e370       0x6c bn_hw_link.o
                0x000000000800e370                bn::hw::link::disable()
 .text._ZN2bn2hw4link6commitEv
                0x000000000800e3dc       0x30 bn_hw_link.o
                0x000000000800e3dc                bn::hw::link::commit()
 .text._ZN2bn2hw4link11_timer_intrEv
                0x000000000800e40c       0xf8 bn_hw_link.o
                0x000000000800e40c                bn::hw::link::_timer_intr()
 .text._ZN2bn2hw4link12_serial_intrEv
                0x000000000800e504      0x1bc bn_hw_link.o
                0x000000000800e504                bn::hw::link::_serial_intr()
 .text._ZN2bn2hw4link12_GLOBAL__N_117_sendDataCallbackEv
                0x000000000800e6c0       0xe0 bn_hw_link.o
 .text._ZN2bn2hw4link12_GLOBAL__N_124_receiveResponseCallbackERK12LinkResponse
                0x000000000800e7a0      0x158 bn_hw_link.o
 .text.startup._GLOBAL__sub_I__ZN2bn2hw4link4initEv
                0x000000000800e8f8       0x68 bn_hw_link.o
 .text._ZN2bn2hw3logERKNS_12istring_baseE
                0x000000000800e960       0x78 bn_hw_log.o
                0x000000000800e960                bn::hw::log(bn::istring_base const&)
 .text._ZN3_bn6assert9show_argsIA40_cEEvPKcS4_S4_iRKT_
                0x000000000800e9d8       0x50 bn_hw_common.bn_noflto.o
                0x000000000800e9d8                void _bn::assert::show_args<char [40]>(char const*, char const*, char const*, int, char const (&) [40])
 .text.__aeabi_idiv0
                0x000000000800ea28       0x24 bn_hw_common.bn_noflto.o
                0x000000000800ea28                __aeabi_idiv0
 .text._ZN2bn2hw8game_pak4initEv
                0x000000000800ea4c       0x28 bn_hw_game_pak.o
                0x000000000800ea4c                bn::hw::game_pak::init()
 .text._ZN2bn2hw4sram4initEv
                0x000000000800ea74       0x10 bn_hw_sram.o
                0x000000000800ea74                bn::hw::sram::init()
 .text._ZN2bn11system_fontC2Ev
                0x000000000800ea84       0x18 bn_hw_system_font.o
                0x000000000800ea84                bn::system_font::system_font()
                0x000000000800ea84                bn::system_font::system_font()
 .text._ZNK2bn11system_font8tte_fontEv
                0x000000000800ea9c        0x4 bn_hw_system_font.o
                0x000000000800ea9c                bn::system_font::tte_font() const
 .text._ZN2bn2hw3irq4initEv
                0x000000000800eaa0        0xc bn_hw_irq.o
                0x000000000800eaa0                bn::hw::irq::init()
 .text._ZN2bn2hw3irq7set_isrENS1_2idEPFvvE
                0x000000000800eaac       0x10 bn_hw_irq.o
                0x000000000800eaac                bn::hw::irq::set_isr(bn::hw::irq::id, void (*)())
 .text._ZN2bn2hw3irq6enableENS1_2idE
                0x000000000800eabc       0x10 bn_hw_irq.o
                0x000000000800eabc                bn::hw::irq::enable(bn::hw::irq::id)
 .text._ZN2bn2hw3irq7disableENS1_2idE
                0x000000000800eacc       0x10 bn_hw_irq.o
                0x000000000800eacc                bn::hw::irq::disable(bn::hw::irq::id)
 .text._ZN2bn2hw8game_pak14_slow_game_pakEv
                0x000000000800eadc       0x88 bn_hw_game_pak.bn_ewram.o
                0x000000000800eadc                bn::hw::game_pak::_slow_game_pak()
 .text._ZN2bn2hw4show5errorERKNS_11system_fontERKNS_11string_viewES7_S7_iS7_S7_
                0x000000000800eb64      0x320 bn_hw_show.o
                0x000000000800eb64                bn::hw::show::error(bn::system_font const&, bn::string_view const&, bn::string_view const&, bn::string_view const&, int, bn::string_view const&, bn::string_view const&)
 .text._ZN2bn2hw8palettes12_GLOBAL__N_110lut_effectEPKNS_5colorEPKhiPS3_
                0x000000000800ee84       0x40 bn_hw_palettes.o
 .text._ZN2bn2hw8palettes10brightnessEPKNS_5colorEiiPS2_
                0x000000000800eec4       0x54 bn_hw_palettes.o
                0x000000000800eec4                bn::hw::palettes::brightness(bn::color const*, int, int, bn::color*)
 .text._ZN2bn2hw8palettes8contrastEPKNS_5colorEiiPS2_
                0x000000000800ef18       0x18 bn_hw_palettes.o
                0x000000000800ef18                bn::hw::palettes::contrast(bn::color const*, int, int, bn::color*)
 .text._ZN2bn2hw8palettes9intensityEPKNS_5colorEiiPS2_
                0x000000000800ef30       0x18 bn_hw_palettes.o
                0x000000000800ef30                bn::hw::palettes::intensity(bn::color const*, int, int, bn::color*)
 .text._ZN2bn2hw8palettes9hue_shiftEPKNS_5colorEiiPS2_
                0x000000000800ef48      0x154 bn_hw_palettes.o
                0x000000000800ef48                bn::hw::palettes::hue_shift(bn::color const*, int, int, bn::color*)
 .text._ZN2bn2hw8palettes6rotateEPKNS_5colorEiiPS2_
                0x000000000800f09c       0x2c bn_hw_palettes.o
                0x000000000800f09c                bn::hw::palettes::rotate(bn::color const*, int, int, bn::color*)
 .text._ZN2bn2hw4text5parseEiRNS_5arrayIcLi32EEE
                0x000000000800f0c8       0xbc bn_hw_text.o
                0x000000000800f0c8                bn::hw::text::parse(int, bn::array<char, 32>&)
 .text._ZN2bn2hw4text5parseEjRNS_5arrayIcLi32EEE
                0x000000000800f184       0xa0 bn_hw_text.o
                0x000000000800f184                bn::hw::text::parse(unsigned int, bn::array<char, 32>&)
 .text._ZN2bn2hw4text5parseEPKvRNS_5arrayIcLi32EEE
                0x000000000800f224       0x30 bn_hw_text.o
                0x000000000800f224                bn::hw::text::parse(void const*, bn::array<char, 32>&)
 .text._ZN2bn2hw5audio12_GLOBAL__N_124_disabled_vblank_handlerEv
                0x000000000800f254       0x20 bn_hw_audio.bn_noflto.o
 .text._ZN2bn2hw5audio12_GLOBAL__N_17_commitEv
                0x000000000800f274       0x7c bn_hw_audio.bn_noflto.o
 .text._ZN2bn2hw5audio12_GLOBAL__N_123_enabled_vblank_handlerEv
                0x000000000800f2f0       0x2c bn_hw_audio.bn_noflto.o
 .text._ZN2bn2hw5audio4initEPFvvES3_
                0x000000000800f31c       0x74 bn_hw_audio.bn_noflto.o
                0x000000000800f31c                bn::hw::audio::init(void (*)(), void (*)())
 .text._ZN2bn2hw5audio7disableEv
                0x000000000800f390       0x34 bn_hw_audio.bn_noflto.o
                0x000000000800f390                bn::hw::audio::disable()
 .text._ZN2bn2hw5audio13music_playingEv
                0x000000000800f3c4       0x10 bn_hw_audio.bn_noflto.o
                0x000000000800f3c4                bn::hw::audio::music_playing()
 .text._ZN2bn2hw5audio10play_musicEiib
                0x000000000800f3d4       0x2c bn_hw_audio.bn_noflto.o
                0x000000000800f3d4                bn::hw::audio::play_music(int, int, bool)
 .text._ZN2bn2hw5audio10stop_musicEv
                0x000000000800f400        0xc bn_hw_audio.bn_noflto.o
                0x000000000800f400                bn::hw::audio::stop_music()
 .text._ZN2bn2hw5audio11pause_musicEv
                0x000000000800f40c        0xc bn_hw_audio.bn_noflto.o
                0x000000000800f40c                bn::hw::audio::pause_music()
 .text._ZN2bn2hw5audio12resume_musicEv
                0x000000000800f418        0xc bn_hw_audio.bn_noflto.o
                0x000000000800f418                bn::hw::audio::resume_music()
 .text._ZN2bn2hw5audio14music_positionEv
                0x000000000800f424        0xc bn_hw_audio.bn_noflto.o
                0x000000000800f424                bn::hw::audio::music_position()
 .text._ZN2bn2hw5audio18set_music_positionEi
                0x000000000800f430        0xc bn_hw_audio.bn_noflto.o
                0x000000000800f430                bn::hw::audio::set_music_position(int)
 .text._ZN2bn2hw5audio16set_music_volumeEi
                0x000000000800f43c        0xc bn_hw_audio.bn_noflto.o
                0x000000000800f43c                bn::hw::audio::set_music_volume(int)
 .text._ZN2bn2hw5audio22disable_vblank_handlerEv
                0x000000000800f448       0x14 bn_hw_audio.bn_noflto.o
                0x000000000800f448                bn::hw::audio::disable_vblank_handler()
 .text._ZN2bn2hw5audio6commitEv
                0x000000000800f45c       0x20 bn_hw_audio.bn_noflto.o
                0x000000000800f45c                bn::hw::audio::commit()
 .text._ZN2bn2hw5audio12_GLOBAL__N_119_add_sound_to_queueEit
                0x000000000800f47c       0xa0 bn_hw_audio.bn_noflto.o
 .text._ZN2bn2hw5audio15stop_all_soundsEv
                0x000000000800f51c       0x6c bn_hw_audio.bn_noflto.o
                0x000000000800f51c                bn::hw::audio::stop_all_sounds()
 .text._ZN2bn2hw5audio12_GLOBAL__N_119_check_sounds_queueEv.part.0
                0x000000000800f588       0x9c bn_hw_audio.bn_noflto.o
 .text._ZN2bn2hw5audio10play_soundEiiiii
                0x000000000800f624       0x44 bn_hw_audio.bn_noflto.o
                0x000000000800f624                bn::hw::audio::play_sound(int, int, int, int, int)
 .text._ZN2bn2hw5audio10play_soundEii
                0x000000000800f668       0x30 bn_hw_audio.bn_noflto.o
                0x000000000800f668                bn::hw::audio::play_sound(int, int)
 .text._ZN2bn2hw5audio6updateEb
                0x000000000800f698       0xa4 bn_hw_audio.bn_noflto.o
                0x000000000800f698                bn::hw::audio::update(bool)
 .text.startup._GLOBAL__sub_I__ZN2bn2hw5audio4initEPFvvES3_
                0x000000000800f73c       0x34 bn_hw_audio.bn_noflto.o
 .text.exit._GLOBAL__sub_D__ZN2bn2hw5audio4initEPFvvES3_
                0x000000000800f770       0x74 bn_hw_audio.bn_noflto.o
 .text._ZN2bn2hw6memory4initEv
                0x000000000800f7e4        0x4 bn_hw_memory.o
                0x000000000800f7e4                bn::hw::memory::init()
 .text._ZN2bn2hw6memory16ewram_heap_startEv
                0x000000000800f7e8        0x8 bn_hw_memory.o
                0x000000000800f7e8                bn::hw::memory::ewram_heap_start()
 .text._ZN2bn2hw6memory14ewram_heap_endEv
                0x000000000800f7f0        0x8 bn_hw_memory.o
                0x000000000800f7f0                bn::hw::memory::ewram_heap_end()
 .text.clr_grayscale
                0x000000000800f7f8       0x78 tonc_color.o
                0x000000000800f7f8                clr_grayscale
 .text.sbmp8_rect
                0x000000000800f870       0x68 tonc_sbmp8.o
                0x000000000800f870                sbmp8_rect
 .text.__toncset
                0x000000000800f8d8       0x90 tonc_core.o
                0x000000000800f8d8                __toncset
 .text.sbmp16_rect
                0x000000000800f968       0x64 tonc_sbmp16.o
                0x000000000800f968                sbmp16_rect
 .text.dummy_drawg
                0x000000000800f9cc        0x4 tte_main.o
                0x000000000800f9cc                dummy_drawg
 .text.dummy_erase
                0x000000000800f9d0        0x4 tte_main.o
                0x000000000800f9d0                dummy_erase
 .text.tte_init_base
                0x000000000800f9d4       0x90 tte_main.o
                0x000000000800f9d4                tte_init_base
 .text.utf8_decode_char
                0x000000000800fa64       0xb4 tte_main.o
                0x000000000800fa64                utf8_decode_char
 .text.tte_write
                0x000000000800fb18       0xe8 tte_main.o
                0x000000000800fb18                tte_write
 .text.tte_get_text_size
                0x000000000800fc00       0xb0 tte_main.o
                0x000000000800fc00                tte_get_text_size
 .text.tte_set_margins
                0x000000000800fcb0       0x18 tte_main.o
                0x000000000800fcb0                tte_set_margins
 .text.bmp16_drawg_b1cts
                0x000000000800fcc8       0xb4 bmp16_drawg_b1cs.o
                0x000000000800fcc8                bmp16_drawg_b1cts
 .text.bmp8_erase
                0x000000000800fd7c       0x28 tte_init_bmp.o
                0x000000000800fd7c                bmp8_erase
 .text.bmp16_erase
                0x000000000800fda4       0x28 tte_init_bmp.o
                0x000000000800fda4                bmp16_erase
 .text.tte_init_bmp
                0x000000000800fdcc       0xe4 tte_init_bmp.o
                0x000000000800fdcc                tte_init_bmp
 .text.bmp8_drawg_b1cts
                0x000000000800feb0       0xfc bmp8_drawg_b1cs.o
                0x000000000800feb0                bmp8_drawg_b1cts
 .text.IRQ_Init
                0x000000000800ffac       0x48 interrupts_gba.o
                0x000000000800ffac                IRQ_Init
 .text.IRQ_SetHandler
                0x000000000800fff4       0x10 interrupts_gba.o
                0x000000000800fff4                IRQ_SetHandler
 .text.IRQ_Enable
                0x0000000008010004       0x64 interrupts_gba.o
                0x0000000008010004                IRQ_Enable
 .text.IRQ_Disable