Archive member included to satisfy reference by file (symbol)

/opt/devkitpro/libgba/lib/libmm.a(mm_mas.o)
                              bn_hw_audio.bn_noflto.o (mmStart)
/opt/devkitpro/libgba/lib/libmm.a(mm_main.o)
                              /opt/devkitpro/libgba/lib/libmm.a(mm_mas.o) (mmCallback)
/opt/devkitpro/libgba/lib/libmm.a(mm_effect.o)
                              bn_hw_audio.bn_noflto.o (mmEffect)
/opt/devkitpro/libgba/lib/libmm.a(mm_mas_arm.o)
                              /opt/devkitpro/libgba/lib/libmm.a(mm_mas.o) (mmAllocChannel)
/opt/devkitpro/libgba/lib/libmm.a(mm_mixer_gba.o)
                              bn_hw_audio.bn_noflto.o (mmVBlank)
/opt/devkitpro/libgba/lib/libmm.a(mm_main_gba.o)
                              /opt/devkitpro/libgba/lib/libmm.a(mm_mixer_gba.o) (mm_vblank_function)
/opt/devkitpro/devkitARM/bin/../lib/gcc/arm-none-eabi/12.1.0/thumb/libgcc.a(_call_via_rX.o)
                              /opt/devkitpro/libgba/lib/libmm.a(mm_main_gba.o) (_call_via_r1)
/opt/devkitpro/devkitARM/bin/../lib/gcc/arm-none-eabi/12.1.0/thumb/libgcc.a(_aeabi_ldivmod.o)
                              bn_hw_text.o (__aeabi_ldivmod)
/opt/devkitpro/devkitARM/bin/../lib/gcc/arm-none-eabi/12.1.0/thumb/libgcc.a(_aeabi_uldivmod.o)
                              bn_hw_text.o (__aeabi_uldivmod)
/opt/devkitpro/devkitARM/bin/../lib/gcc/arm-none-eabi/12.1.0/thumb/libgcc.a(_udivmoddi4.o)
                              /opt/devkitpro/devkitARM/bin/../lib/gcc/arm-none-eabi/12.1.0/thumb/libgcc.a(_aeabi_ldivmod.o) (__udivmoddi4)
/opt/devkitpro/devkitARM/bin/../lib/gcc/arm-none-eabi/12.1.0/../../../../arm-none-eabi/lib/thumb/libg.a(lib_a-init.o)
                              /opt/devkitpro/devkitARM/bin/../lib/gcc/arm-none-eabi/12.1.0/../../../../arm-none-eabi/lib/thumb/gba_crt0.o (__libc_init_array)
/opt/devkitpro/devkitARM/bin/../lib/gcc/arm-none-eabi/12.1.0/../../../../arm-none-eabi/lib/thumb/libsysbase.a(malloc_vars.o)
                              /opt/devkitpro/devkitARM/bin/../lib/gcc/arm-none-eabi/12.1.0/../../../../arm-none-eabi/lib/thumb/gba_crt0.o (fake_heap_end)

Discarded input sections

 .text          0x0000000000000000        0x0 /opt/devkitpro/devkitARM/bin/../lib/gcc/arm-none-eabi/12.1.0/../../../../arm-none-eabi/lib/thumb/gba_crt0.o
 .data          0x0000000000000000        0x0 /opt/devkitpro/devkitARM/bin/../lib/gcc/arm-none-eabi/12.1.0/../../../../arm-none-eabi/lib/thumb/gba_crt0.o
 .bss           0x0000000000000000        0x0 /opt/devkitpro/devkitARM/bin/../lib/gcc/arm-none-eabi/12.1.0/../../../../arm-none-eabi/lib/thumb/gba_crt0.o
 .text          0x0000000000000000        0x0 /opt/devkitpro/devkitARM/bin/../lib/gcc/arm-none-eabi/12.1.0/thumb/crti.o
 .data          0x0000000000000000        0x0 /opt/devkitpro/devkitARM/bin/../lib/gcc/arm-none-eabi/12.1.0/thumb/crti.o
 .bss           0x0000000000000000        0x0 /opt/devkitpro/devkitARM/bin/../lib/gcc/arm-none-eabi/12.1.0/thumb/crti.o
 .text          0x0000000000000000        0x0 /opt/devkitpro/devkitARM/bin/../lib/gcc/arm-none-eabi/12.1.0/thumb/crtbegin.o
 .data          0x0000000000000000        0x0 /opt/devkitpro/devkitARM/bin/../lib/gcc/arm-none-eabi/12.1.0/thumb/crtbegin.o
 .bss           0x0000000000000000        0x0 /opt/devkitpro/devkitARM/bin/../lib/gcc/arm-none-eabi/12.1.0/thumb/crtbegin.o
 .rodata.all_implied_fbits
                0x0000000000000000       0x24 /opt/devkitpro/devkitARM/bin/../lib/gcc/arm-none-eabi/12.1.0/thumb/crtbegin.o
 .data.__dso_handle
                0x0000000000000000        0x4 /opt/devkitpro/devkitARM/bin/../lib/gcc/arm-none-eabi/12.1.0/thumb/crtbegin.o
 .text          0x0000000000000000        0x0 _bn_audio_soundbank.bin.o
 .data          0x0000000000000000        0x0 _bn_audio_soundbank.bin.o
 .bss           0x0000000000000000        0x0 _bn_audio_soundbank.bin.o
 .text          0x0000000000000000        0x0 shapecons_bn_gfx.o
 .data          0x0000000000000000        0x0 shapecons_bn_gfx.o
 .bss           0x0000000000000000        0x0 shapecons_bn_gfx.o
 .text          0x0000000000000000        0x0 title_bn_gfx.o
 .data          0x0000000000000000        0x0 title_bn_gfx.o
 .bss           0x0000000000000000        0x0 title_bn_gfx.o
 .group         0x0000000000000000        0xc main.o
 .group         0x0000000000000000        0xc main.o
 .text          0x0000000000000000        0x0 main.o
 .data          0x0000000000000000        0x0 main.o
 .bss           0x0000000000000000        0x0 main.o
 .text          0x0000000000000000        0x0 bn_reciprocal_lut.o
 .data          0x0000000000000000        0x0 bn_reciprocal_lut.o
 .bss           0x0000000000000000        0x0 bn_reciprocal_lut.o
 .rodata._ZN2bn17reciprocal_16_lutE
                0x0000000000000000        0x4 bn_reciprocal_lut.o
 .rodata._ZN2bn14reciprocal_lutE
                0x0000000000000000        0x4 bn_reciprocal_lut.o
 .rodata._ZN2bn12_GLOBAL__N_1L22reciprocal_16_lut_implE
                0x0000000000000000      0x802 bn_reciprocal_lut.o
[...]
Memory Configuration

Name             Origin             Length             Attributes
rom              0x0000000008000000 0x0000000002000000
iwram            0x0000000003000000 0x0000000000008000
ewram            0x0000000002000000 0x0000000000040000
*default*        0x0000000000000000 0xffffffffffffffff

Linker script and memory map

                0x0000000008000000                __text_start = ORIGIN (rom)
                0x0000000002040000                __eheap_end = (ORIGIN (ewram) + LENGTH (ewram))
                0x0000000003000000                __iwram_start = ORIGIN (iwram)
                0x0000000003008000                __iwram_top = (ORIGIN (iwram) + LENGTH (iwram))
                0x0000000003007fa0                __sp_irq = (__iwram_top - 0x60)
                0x0000000003007f00                __sp_usr = (__sp_irq - 0xa0)
                0x0000000003007ff8                __irq_flags = 0x3007ff8
                0x0000000008000000                . = __text_start

.crt0           0x0000000008000000      0x210
 *(.crt0)
 .crt0          0x0000000008000000      0x210 /opt/devkitpro/devkitARM/bin/../lib/gcc/arm-none-eabi/12.1.0/../../../../arm-none-eabi/lib/thumb/gba_crt0.o
                0x0000000008000000                _start
                0x00000000080000c4                __boot_method
                0x00000000080000c5                __slave_number
                0x00000000080000e0                start_vector
                0x0000000008000210                . = ALIGN (0x4)

.init           0x0000000008000210        0xc
 *(SORT_NONE(.init))
 .init          0x0000000008000210        0x4 /opt/devkitpro/devkitARM/bin/../lib/gcc/arm-none-eabi/12.1.0/thumb/crti.o
                0x0000000008000210                _init
 .init          0x0000000008000214        0x8 /opt/devkitpro/devkitARM/bin/../lib/gcc/arm-none-eabi/12.1.0/thumb/crtn.o

.plt            0x000000000800021c        0x0
 *(.plt)
                0x000000000800021c                . = ALIGN (0x4)

.text           0x0000000008000220    0x12cd8
 *(EXCLUDE_FILE(*.iwram*) .text*)
 .text.__do_global_dtors_aux
                0x0000000008000220       0x2c /opt/devkitpro/devkitARM/bin/../lib/gcc/arm-none-eabi/12.1.0/thumb/crtbegin.o
 .text.frame_dummy
                0x000000000800024c       0x24 /opt/devkitpro/devkitARM/bin/../lib/gcc/arm-none-eabi/12.1.0/thumb/crtbegin.o
 .text._Z18update_from_buttonRN2bn10sprite_ptrE
                0x0000000008000270       0xdc main.o
                0x0000000008000270                update_from_button(bn::sprite_ptr&)
 .text.startup.main
                0x000000000800034c       0x44 main.o
                0x000000000800034c                main
 .text._ZN2bn15display_manager12_GLOBAL__N_134_update_rect_windows_hw_boundariesEi
                0x0000000008000390       0x8c bn_display_manager.o
 .text._ZN2bn15display_manager4initEv
                0x000000000800041c       0x40 bn_display_manager.o
                0x000000000800041c                bn::display_manager::init()
 .text._ZN2bn15display_manager8set_modeEi
                0x000000000800045c       0x1c bn_display_manager.o
                0x000000000800045c                bn::display_manager::set_mode(int)
 .text._ZN2bn15display_manager14set_bg_enabledEib
                0x0000000008000478       0x1c bn_display_manager.o
                0x0000000008000478                bn::display_manager::set_bg_enabled(int, bool)
 .text._ZN2bn15display_manager15disable_all_bgsEv
                0x0000000008000494       0x18 bn_display_manager.o
                0x0000000008000494                bn::display_manager::disable_all_bgs()
 .text._ZN2bn15display_manager36fill_mosaic_hblank_effect_attributesEPKNS_17mosaic_attributesEPt
                0x00000000080004ac       0xb4 bn_display_manager.o
                0x00000000080004ac                bn::display_manager::fill_mosaic_hblank_effect_attributes(bn::mosaic_attributes const*, unsigned short*)
 .text._ZN2bn15display_manager23set_blending_bg_enabledEib
                0x0000000008000560       0x14 bn_display_manager.o
                0x0000000008000560                bn::display_manager::set_blending_bg_enabled(int, bool)
 .text._ZN2bn15display_manager32blending_transparency_top_weightEv
                0x0000000008000574       0x18 bn_display_manager.o
                0x0000000008000574                bn::display_manager::blending_transparency_top_weight()
 .text._ZN2bn15display_manager35blending_transparency_bottom_weightEv
                0x000000000800058c       0x28 bn_display_manager.o
                0x000000000800058c                bn::display_manager::blending_transparency_bottom_weight()
 .text._ZN2bn15display_manager51fill_blending_transparency_hblank_effect_attributesEPKNS_32blending_transparency_attributesEPt
                0x00000000080005b4       0x30 bn_display_manager.o
                0x00000000080005b4                bn::display_manager::fill_blending_transparency_hblank_effect_attributes(bn::blending_transparency_attributes const*, unsigned short*)
 .text._ZN2bn15display_manager21blending_fade_enabledEv
                0x00000000080005e4       0x10 bn_display_manager.o
                0x00000000080005e4                bn::display_manager::blending_fade_enabled()
 .text._ZN2bn15display_manager39fill_blending_fade_hblank_effect_alphasEPKNS_19blending_fade_alphaEPt
                0x00000000080005f4       0x24 bn_display_manager.o
                0x00000000080005f4                bn::display_manager::fill_blending_fade_hblank_effect_alphas(bn::blending_fade_alpha const*, unsigned short*)
 .text._ZN2bn15display_manager26update_windows_visible_bgsEv
                0x0000000008000618       0x10 bn_display_manager.o
                0x0000000008000618                bn::display_manager::update_windows_visible_bgs()
 .text._ZN2bn15display_manager36rect_window_hw_horizontal_boundariesEi
                0x0000000008000628       0x14 bn_display_manager.o
                0x0000000008000628                bn::display_manager::rect_window_hw_horizontal_boundaries(int)
 .text._ZN2bn15display_manager34rect_window_hw_vertical_boundariesEi
                0x000000000800063c       0x14 bn_display_manager.o
                0x000000000800063c                bn::display_manager::rect_window_hw_vertical_boundaries(int)
 .text._ZN2bn15display_manager52fill_rect_window_hblank_effect_horizontal_boundariesERKNS_4pairIiiEEPKNS1_INS_7fixed_tILi12EEES6_EEPt
                0x0000000008000650      0x13c bn_display_manager.o
                0x0000000008000650                bn::display_manager::fill_rect_window_hblank_effect_horizontal_boundaries(bn::pair<int, int> const&, bn::pair<bn::fixed_t<12>, bn::fixed_t<12> > const*, unsigned short*)
 .text._ZN2bn15display_manager50fill_rect_window_hblank_effect_vertical_boundariesERKNS_4pairIiiEEPKNS1_INS_7fixed_tILi12EEES6_EEPt
                0x000000000800078c      0x13c bn_display_manager.o
                0x000000000800078c                bn::display_manager::fill_rect_window_hblank_effect_vertical_boundaries(bn::pair<int, int> const&, bn::pair<bn::fixed_t<12>, bn::fixed_t<12> > const*, unsigned short*)
 .text._ZN2bn15display_manager36fill_green_swap_hblank_effect_statesEPKbPt
                0x00000000080008c8       0x38 bn_display_manager.o
                0x00000000080008c8                bn::display_manager::fill_green_swap_hblank_effect_states(bool const*, unsigned short*)
 .text._ZN2bn15display_manager14update_camerasEv
                0x0000000008000900       0x40 bn_display_manager.o
                0x0000000008000900                bn::display_manager::update_cameras()
 .text._ZN2bn15display_manager6updateEv
                0x0000000008000940      0x214 bn_display_manager.o
                0x0000000008000940                bn::display_manager::update()
 .text._ZN2bn15display_manager6commitEv
                0x0000000008000b54      0x164 bn_display_manager.o
                0x0000000008000b54                bn::display_manager::commit()
 .text._ZN2bn15display_manager4stopEv
                0x0000000008000cb8       0x28 bn_display_manager.o
                0x0000000008000cb8                bn::display_manager::stop()
 .text._ZN3_bn6assert9show_argsIA66_cEEvPKcS4_S4_iRKT_
                0x0000000008000ce0       0x50 bn_display_manager.o
                0x0000000008000ce0                void _bn::assert::show_args<char [66]>(char const*, char const*, char const*, int, char const (&) [66])
 .text.startup._GLOBAL__sub_I__ZNK2bn6window7show_bgERKNS_14regular_bg_ptrE
                0x0000000008000d30       0x7c bn_display_manager.o
 .text.exit._GLOBAL__sub_D__ZNK2bn6window7show_bgERKNS_14regular_bg_ptrE
                0x0000000008000dac       0x48 bn_display_manager.o
 .text._ZN2bn19ibest_fit_allocatorC2ERNS_5ilistINS0_9item_typeEEERNS_7ivectorINS3_8iteratorEEE
                0x0000000008000df4        0x8 bn_best_fit_allocator.o
                0x0000000008000df4                bn::ibest_fit_allocator::ibest_fit_allocator(bn::ilist<bn::ibest_fit_allocator::item_type>&, bn::ivector<bn::ilist<bn::ibest_fit_allocator::item_type>::iterator>&)
                0x0000000008000df4                bn::ibest_fit_allocator::ibest_fit_allocator(bn::ilist<bn::ibest_fit_allocator::item_type>&, bn::ivector<bn::ilist<bn::ibest_fit_allocator::item_type>::iterator>&)
 .text._ZN3_bn6assert9show_argsIA18_cEEvPKcS4_S4_iRKT_
                0x0000000008000dfc       0x50 bn_best_fit_allocator.o
                0x0000000008000dfc                void _bn::assert::show_args<char [18]>(char const*, char const*, char const*, int, char const (&) [18])
 .text._ZN2bn19ibest_fit_allocatorD2Ev
                0x0000000008000e4c       0x34 bn_best_fit_allocator.o
                0x0000000008000e4c                bn::ibest_fit_allocator::~ibest_fit_allocator()
                0x0000000008000e4c                bn::ibest_fit_allocator::~ibest_fit_allocator()
 .text._ZN3_bn6assert9show_argsIA16_ciEEvPKcS4_S4_iRKT_RKT0_
                0x0000000008000e80       0x58 bn_best_fit_allocator.o
                0x0000000008000e80                void _bn::assert::show_args<char [16], int>(char const*, char const*, char const*, int, char const (&) [16], int const&)
 .text._ZN3_bn6assert9show_argsIA14_ciEEvPKcS4_S4_iRKT_RKT0_
                0x0000000008000ed8       0x58 bn_best_fit_allocator.o
                0x0000000008000ed8                void _bn::assert::show_args<char [14], int>(char const*, char const*, char const*, int, char const (&) [14], int const&)
 .text._ZN3_bn6assert9show_argsIA14_cEEvPKcS4_S4_iRKT_
                0x0000000008000f30       0x50 bn_best_fit_allocator.o
                0x0000000008000f30                void _bn::assert::show_args<char [14]>(char const*, char const*, char const*, int, char const (&) [14])
 .text._ZN3_bn6assert9show_argsIA19_cEEvPKcS4_S4_iRKT_
                0x0000000008000f80       0x50 bn_best_fit_allocator.o
                0x0000000008000f80                void _bn::assert::show_args<char [19]>(char const*, char const*, char const*, int, char const (&) [19])
 .text._ZN3_bn6assert9show_argsIA13_cEEvPKcS4_S4_iRKT_
                0x0000000008000fd0       0x50 bn_best_fit_allocator.o
                0x0000000008000fd0                void _bn::assert::show_args<char [13]>(char const*, char const*, char const*, int, char const (&) [13])
 .text._ZN3_bn6assert9show_argsIA16_cEEvPKcS4_S4_iRKT_
                0x0000000008001020       0x50 bn_best_fit_allocator.o
                0x0000000008001020                void _bn::assert::show_args<char [16]>(char const*, char const*, char const*, int, char const (&) [16])
 .text._ZN3_bn6assert9show_argsIA17_cEEvPKcS4_S4_iRKT_
                0x0000000008001070       0x50 bn_best_fit_allocator.o
                0x0000000008001070                void _bn::assert::show_args<char [17]>(char const*, char const*, char const*, int, char const (&) [17])
 .text._ZN3_bn6assert9show_argsIA15_cEEvPKcS4_S4_iRKT_
                0x00000000080010c0       0x50 bn_best_fit_allocator.o
                0x00000000080010c0                void _bn::assert::show_args<char [15]>(char const*, char const*, char const*, int, char const (&) [15])
 .text._ZN2bn19ibest_fit_allocator5_initEPvi
                0x0000000008001110      0x104 bn_best_fit_allocator.o
                0x0000000008001110                bn::ibest_fit_allocator::_init(void*, int)
 .text._ZN3_bn6assert9show_argsIA33_cEEvPKcS4_S4_iRKT_
                0x0000000008001214       0x50 bn_best_fit_allocator.o
                0x0000000008001214                void _bn::assert::show_args<char [33]>(char const*, char const*, char const*, int, char const (&) [33])
 .text._ZN3_bn6assert9show_argsIA17_ciEEvPKcS4_S4_iRKT_RKT0_
                0x0000000008001264       0x58 bn_sram.o
                0x0000000008001264                void _bn::assert::show_args<char [17], int>(char const*, char const*, char const*, int, char const (&) [17], int const&)
 .text._ZN2bn15sprites_manager12_GLOBAL__N_125_update_indexes_to_commitERKNS_20sprites_manager_itemE
                0x00000000080012bc       0x48 bn_sprites_manager.o
 .text._ZN2bn13ostringstream11append_argsIiJA4_ciEEEvRKT_DpRKT0_.isra.0
                0x0000000008001304       0x24 bn_sprites_manager.o
 .text._ZN2bn15sprites_manager12_GLOBAL__N_123_update_item_dimensionsERNS_20sprites_manager_itemE
                0x0000000008001328       0xcc bn_sprites_manager.o
 .text._ZNK2bn10sprite_ptr1xEv
                0x00000000080013f4        0x8 bn_sprites_manager.o
                0x00000000080013f4                bn::sprite_ptr::x() const
 .text._ZN2bn10sprite_ptr5set_xENS_7fixed_tILi12EEE
                0x00000000080013fc       0x48 bn_sprites_manager.o
                0x00000000080013fc                bn::sprite_ptr::set_x(bn::fixed_t<12>)
 .text._ZNK2bn10sprite_ptr1yEv
                0x0000000008001444        0x8 bn_sprites_manager.o
                0x0000000008001444                bn::sprite_ptr::y() const
 .text._ZN2bn10sprite_ptr5set_yENS_7fixed_tILi12EEE
                0x000000000800144c       0x44 bn_sprites_manager.o
                0x000000000800144c                bn::sprite_ptr::set_y(bn::fixed_t<12>)
 .text._ZN2bn15sprites_manager4initEv
                0x0000000008001490       0x34 bn_sprites_manager.o
                0x0000000008001490                bn::sprites_manager::init()
 .text._ZN2bn15sprites_manager5hw_idEPv
                0x00000000080014c4       0x24 bn_sprites_manager.o
                0x00000000080014c4                bn::sprites_manager::hw_id(void*)
 .text._ZN2bn15sprites_manager5shapeEPv
                0x00000000080014e8        0x8 bn_sprites_manager.o
                0x00000000080014e8                bn::sprites_manager::shape(void*)
 .text._ZN2bn15sprites_manager4sizeEPv
                0x00000000080014f0        0x8 bn_sprites_manager.o
                0x00000000080014f0                bn::sprites_manager::size(void*)
 .text._ZN2bn15sprites_manager10shape_sizeEPv
                0x00000000080014f8       0x14 bn_sprites_manager.o
                0x00000000080014f8                bn::sprites_manager::shape_size(void*)
 .text._ZN2bn15sprites_manager11hw_positionEPv
                0x000000000800150c        0x4 bn_sprites_manager.o
                0x000000000800150c                bn::sprites_manager::hw_position(void*)
 .text._ZN2bn15sprites_manager9view_modeEPv
                0x0000000008001510        0xc bn_sprites_manager.o
                0x0000000008001510                bn::sprites_manager::view_mode(void*)
 .text._ZN2bn15sprites_manager10affine_matEPv
                0x000000000800151c        0x4 bn_sprites_manager.o
                0x000000000800151c                bn::sprites_manager::affine_mat(void*)
 .text._ZN2bn15sprites_manager39fill_hblank_effect_horizontal_positionsEPviPKNS_7fixed_tILi12EEEPt
                0x0000000008001520       0x44 bn_sprites_manager.o
                0x0000000008001520                bn::sprites_manager::fill_hblank_effect_horizontal_positions(void*, int, bn::fixed_t<12> const*, unsigned short*)
 .text._ZN2bn15sprites_manager37fill_hblank_effect_vertical_positionsEPviPKNS_7fixed_tILi12EEEPt
                0x0000000008001564       0x44 bn_sprites_manager.o
                0x0000000008001564                bn::sprites_manager::fill_hblank_effect_vertical_positions(void*, int, bn::fixed_t<12> const*, unsigned short*)
 .text._ZN2bn15sprites_manager35fill_hblank_effect_first_attributesEiNS_12sprite_shapeENS_8bpp_modeEiPKNS_23sprite_first_attributesEPt
                0x00000000080015a8      0x108 bn_sprites_manager.o
                0x00000000080015a8                bn::sprites_manager::fill_hblank_effect_first_attributes(int, bn::sprite_shape, bn::bpp_mode, int, bn::sprite_first_attributes const*, unsigned short*)
 .text._ZN2bn15sprites_manager44fill_hblank_effect_regular_second_attributesEPviNS_11sprite_sizeEPKNS_32sprite_regular_second_attributesEPt
                0x00000000080016b0       0x60 bn_sprites_manager.o
                0x00000000080016b0                bn::sprites_manager::fill_hblank_effect_regular_second_attributes(void*, int, bn::sprite_size, bn::sprite_regular_second_attributes const*, unsigned short*)
 .text._ZN2bn15sprites_manager43fill_hblank_effect_affine_second_attributesEPviNS_11sprite_sizeEPKNS_31sprite_affine_second_attributesEPt
                0x0000000008001710       0x58 bn_sprites_manager.o
                0x0000000008001710                bn::sprites_manager::fill_hblank_effect_affine_second_attributes(void*, int, bn::sprite_size, bn::sprite_affine_second_attributes const*, unsigned short*)
 .text._ZN2bn15sprites_manager14update_camerasEv
                0x0000000008001768       0x2c bn_sprites_manager.o
                0x0000000008001768                bn::sprites_manager::update_cameras()
 .text._ZN2bn15sprites_manager6commitEv
                0x0000000008001794       0x94 bn_sprites_manager.o
                0x0000000008001794                bn::sprites_manager::commit()
 .text._ZN3_bn6assert9show_argsIA54_cEEvPKcS4_S4_iRKT_
                0x0000000008001828       0x50 bn_sprites_manager.o
                0x0000000008001828                void _bn::assert::show_args<char [54]>(char const*, char const*, char const*, int, char const (&) [54])
 .text._ZN3_bn6assert9show_argsIA15_ciEEvPKcS4_S4_iRKT_RKT0_
                0x0000000008001878       0x58 bn_sprites_manager.o
                0x0000000008001878                void _bn::assert::show_args<char [15], int>(char const*, char const*, char const*, int, char const (&) [15], int const&)
 .text._ZNK2bn17sprite_shape_size11tiles_countENS_8bpp_modeE
                0x00000000080018d0      0x150 bn_sprites_manager.o
                0x00000000080018d0                bn::sprite_shape_size::tiles_count(bn::bpp_mode) const
 .text._ZN3_bn6assert9show_argsIA25_ciEEvPKcS4_S4_iRKT_RKT0_
                0x0000000008001a20       0x58 bn_sprites_manager.o
                0x0000000008001a20                void _bn::assert::show_args<char [25], int>(char const*, char const*, char const*, int, char const (&) [25], int const&)
 .text._ZN3_bn6assert9show_argsIA22_cEEvPKcS4_S4_iRKT_
                0x0000000008001a78       0x50 bn_sprites_manager.o
                0x0000000008001a78                void _bn::assert::show_args<char [22]>(char const*, char const*, char const*, int, char const (&) [22])
 .text._ZN2bn15sprites_manager12_GLOBAL__N_118_remove_affine_matERNS_20sprites_manager_itemE
                0x0000000008001ac8       0xd8 bn_sprites_manager.o
 .text._ZN2bn15sprites_manager40remove_identity_affine_mat_if_not_neededEPv
                0x0000000008001ba0       0x18 bn_sprites_manager.o
                0x0000000008001ba0                bn::sprites_manager::remove_identity_affine_mat_if_not_needed(void*)
 .text._ZN2bn15sprites_manager7paletteEPv
                0x0000000008001bb8       0x34 bn_sprites_manager.o
                0x0000000008001bb8                bn::sprites_manager::palette(void*)
 .text._ZN3_bn6assert9show_argsIA27_ciEEvPKcS4_S4_iRKT_RKT0_
                0x0000000008001bec       0x58 bn_sprites_manager.o
                0x0000000008001bec                void _bn::assert::show_args<char [27], int>(char const*, char const*, char const*, int, char const (&) [27], int const&)
 .text._ZN3_bn6assert9show_argsIA37_cEEvPKcS4_S4_iRKT_
                0x0000000008001c44       0x50 bn_sprites_manager.o
                0x0000000008001c44                void _bn::assert::show_args<char [37]>(char const*, char const*, char const*, int, char const (&) [37])
 .text._ZN3_bn6assert9show_argsIA18_ciEEvPKcS4_S4_iRKT_RKT0_
                0x0000000008001c94       0x58 bn_sprites_manager.o
                0x0000000008001c94                void _bn::assert::show_args<char [18], int>(char const*, char const*, char const*, int, char const (&) [18], int const&)
 .text._ZN3_bn6assert9show_argsIJA22_ciA4_ciEEEvPKcS5_S5_iDpRKT_
                0x0000000008001cec       0x5c bn_sprites_manager.o
                0x0000000008001cec                void _bn::assert::show_args<char [22], int, char [4], int>(char const*, char const*, char const*, int, char const (&) [22], int const&, char const (&) [4], int const&)
 .text._ZN2bn15sprites_manager9set_tilesEPvONS_16sprite_tiles_ptrE
                0x0000000008001d48      0x120 bn_sprites_manager.o
                0x0000000008001d48                bn::sprites_manager::set_tiles(void*, bn::sprite_tiles_ptr&&)
 .text._ZN2bn10sprite_ptr9set_tilesEONS_16sprite_tiles_ptrE
                0x0000000008001e68       0x10 bn_sprites_manager.o
                0x0000000008001e68                bn::sprite_ptr::set_tiles(bn::sprite_tiles_ptr&&)
 .text._ZN3_bn6assert9show_argsIA22_ciEEvPKcS4_S4_iRKT_RKT0_
                0x0000000008001e78       0x58 bn_sprites_manager.o
                0x0000000008001e78                void _bn::assert::show_args<char [22], int>(char const*, char const*, char const*, int, char const (&) [22], int const&)
 .text._ZN3_bn6assert9show_argsIA27_cEEvPKcS4_S4_iRKT_
                0x0000000008001ed0       0x50 bn_sprites_manager.o
                0x0000000008001ed0                void _bn::assert::show_args<char [27]>(char const*, char const*, char const*, int, char const (&) [27])
 .text._ZN2bn15sprites_manager6updateEv
                0x0000000008001f20      0x178 bn_sprites_manager.o
                0x0000000008001f20                bn::sprites_manager::update()
 .text._ZN3_bn6assert9show_argsIA31_cEEvPKcS4_S4_iRKT_
                0x0000000008002098       0x50 bn_sprites_manager.o
                0x0000000008002098                void _bn::assert::show_args<char [31]>(char const*, char const*, char const*, int, char const (&) [31])
 .text._ZN3_bn6assert9show_argsIJA27_ciA4_ciEEEvPKcS5_S5_iDpRKT_
                0x00000000080020e8       0x5c bn_sprites_manager.o
                0x00000000080020e8                void _bn::assert::show_args<char [27], int, char [4], int>(char const*, char const*, char const*, int, char const (&) [27], int const&, char const (&) [4], int const&)
 .text._ZN2bn15sprites_manager35fill_hblank_effect_third_attributesENS_17sprite_shape_sizeEPKNS_23sprite_third_attributesEPt
                0x0000000008002144       0xb4 bn_sprites_manager.o
                0x0000000008002144                bn::sprites_manager::fill_hblank_effect_third_attributes(bn::sprite_shape_size, bn::sprite_third_attributes const*, unsigned short*)
 .text._ZN2bn14sorted_sprites6sorter6insertERNS_20sprites_manager_itemE
                0x00000000080021f8      0x170 bn_sprites_manager.o
                0x00000000080021f8                bn::sorted_sprites::sorter::insert(bn::sprites_manager_item&)
 .text._ZN2bn15sprites_manager6createERKNS_11fixed_pointERKNS_17sprite_shape_sizeEONS_16sprite_tiles_ptrEONS_18sprite_palette_ptrE
                0x0000000008002368      0x1e0 bn_sprites_manager.o
                0x0000000008002368                bn::sprites_manager::create(bn::fixed_point const&, bn::sprite_shape_size const&, bn::sprite_tiles_ptr&&, bn::sprite_palette_ptr&&)
 .text._ZN2bn10sprite_ptr6createENS_7fixed_tILi12EEES2_RKNS_11sprite_itemE
                0x0000000008002548       0x58 bn_sprites_manager.o
                0x0000000008002548                bn::sprite_ptr::create(bn::fixed_t<12>, bn::fixed_t<12>, bn::sprite_item const&)
 .text._ZNK2bn11sprite_item13create_spriteENS_7fixed_tILi12EEES2_
                0x00000000080025a0       0x1c bn_sprites_manager.o
                0x00000000080025a0                bn::sprite_item::create_sprite(bn::fixed_t<12>, bn::fixed_t<12>) const
 .text.startup._GLOBAL__sub_I__ZN2bn7sprites16used_items_countEv
                0x00000000080025bc       0x9c bn_sprites_manager.o
 .text.exit._GLOBAL__sub_D__ZN2bn7sprites16used_items_countEv
                0x0000000008002658       0x4c bn_sprites_manager.o
 .text._ZN2bn18best_fit_allocatorILi16EED2Ev
                0x00000000080026a4       0x7c bn_memory_manager.o
                0x00000000080026a4                bn::best_fit_allocator<16>::~best_fit_allocator()
                0x00000000080026a4                bn::best_fit_allocator<16>::~best_fit_allocator()
 .text._ZN2bn14memory_manager4initEv
                0x0000000008002720      0x110 bn_memory_manager.o
                0x0000000008002720                bn::memory_manager::init()
 .text.exit._GLOBAL__sub_D__Znwj
                0x0000000008002830       0x20 bn_memory_manager.o
 .text._ZN2bn12hdma_manager7disableEv
                0x0000000008002850       0x30 bn_hdma_manager.o
                0x0000000008002850                bn::hdma_manager::disable()
 .text._ZN2bn12hdma_manager10force_stopEv
                0x0000000008002880       0x3c bn_hdma_manager.o
                0x0000000008002880                bn::hdma_manager::force_stop()
 .text._ZN2bn12hdma_manager6updateEv
                0x00000000080028bc       0x6c bn_hdma_manager.o
                0x00000000080028bc                bn::hdma_manager::update()
 .text._ZN2bn12hdma_manager6commitEv
                0x0000000008002928       0xd0 bn_hdma_manager.o
                0x0000000008002928                bn::hdma_manager::commit()
 .text.startup._GLOBAL__sub_I__ZN2bn4hdma7runningEv
                0x00000000080029f8       0x34 bn_hdma_manager.o
 .text._ZN2bn5timerC2Ev
                0x0000000008002a2c       0x18 bn_timer.o
                0x0000000008002a2c                bn::timer::timer()
                0x0000000008002a2c                bn::timer::timer()
 .text._ZNK2bn5timer13elapsed_ticksEv
                0x0000000008002a44       0x38 bn_timer.o
                0x0000000008002a44                bn::timer::elapsed_ticks() const
 .text._ZN2bn5timer7restartEv
                0x0000000008002a7c       0x18 bn_timer.o
                0x0000000008002a7c                bn::timer::restart()
 .text._ZN2bn4core12_GLOBAL__N_111update_implEv
                0x0000000008002a94       0x64 bn_core.o
 .text._ZN2bn4core12_GLOBAL__N_118hp_vblank_functionEv
                0x0000000008002af8       0x44 bn_core.o
 .text._ZN2bn4core12_GLOBAL__N_14stopEb.constprop.0
                0x0000000008002b3c       0x40 bn_core.o
 .text._ZN2bn11string_viewC2EPKc
                0x0000000008002b7c       0x1c bn_core.o
                0x0000000008002b7c                bn::string_view::string_view(char const*)
                0x0000000008002b7c                bn::string_view::string_view(char const*)
 .text._ZN2bn4core6updateEv
                0x0000000008002b98       0x78 bn_core.o
                0x0000000008002b98                bn::core::update()
 .text._ZN2bn4core4initERKNS_11string_viewE
                0x0000000008002c10       0xa0 bn_core.o
                0x0000000008002c10                bn::core::init(bn::string_view const&)
 .text._ZN2bn4core4initEv
                0x0000000008002cb0       0x18 bn_core.o
                0x0000000008002cb0                bn::core::init()
 .text._ZN3_bn6assert4showEPKcS2_S2_iRKN2bn12istring_baseE
                0x0000000008002cc8       0x60 bn_core.o
                0x0000000008002cc8                _bn::assert::show(char const*, char const*, char const*, int, bn::istring_base const&)
 .text._ZN3_bn6assert9show_argsIA24_cEEvPKcS4_S4_iRKT_
                0x0000000008002d28       0x50 bn_core.o
                0x0000000008002d28                void _bn::assert::show_args<char [24]>(char const*, char const*, char const*, int, char const (&) [24])
 .text.startup._GLOBAL__sub_I__ZN2bn4core4initEv
                0x0000000008002d78       0x38 bn_core.o
 .text._ZN2bn17bg_blocks_manager12_GLOBAL__N_125_regular_map_blocks_countEii
                0x0000000008002db0       0x38 bn_bg_blocks_manager.o
 .text._ZN2bn13ostringstream11append_argsIiJA4_ctEEEvRKT_DpRKT0_.isra.0
                0x0000000008002de8       0x24 bn_bg_blocks_manager.o
 .text._ZN2bn13ostringstream11append_argsIiJA4_ciEEEvRKT_DpRKT0_.isra.0
                0x0000000008002e0c       0x24 bn_bg_blocks_manager.o
 .text._ZN2bn17bg_blocks_manager15decrease_usagesEi.part.0
                0x0000000008002e30       0xc0 bn_bg_blocks_manager.o
 .text._ZNK2bn18regular_bg_map_ptr2idEv
                0x0000000008002ef0       0x18 bn_bg_blocks_manager.o
                0x0000000008002ef0                bn::regular_bg_map_ptr::id() const
 .text._ZNK2bn18regular_bg_map_ptr10dimensionsEv
                0x0000000008002f08       0x20 bn_bg_blocks_manager.o
                0x0000000008002f08                bn::regular_bg_map_ptr::dimensions() const
 .text._ZN2bn18regular_bg_map_ptr8_destroyEv
                0x0000000008002f28       0x2c bn_bg_blocks_manager.o
                0x0000000008002f28                bn::regular_bg_map_ptr::_destroy()
 .text._ZNK2bn20regular_bg_tiles_ptr3cbbEv
                0x0000000008002f54       0x18 bn_bg_blocks_manager.o
                0x0000000008002f54                bn::regular_bg_tiles_ptr::cbb() const
 .text._ZNK2bn17affine_bg_map_ptr2idEv
                0x0000000008002f6c       0x18 bn_bg_blocks_manager.o
                0x0000000008002f6c                bn::affine_bg_map_ptr::id() const
 .text._ZNK2bn17affine_bg_map_ptr10dimensionsEv
                0x0000000008002f84       0x20 bn_bg_blocks_manager.o
                0x0000000008002f84                bn::affine_bg_map_ptr::dimensions() const
 .text._ZN2bn17affine_bg_map_ptr8_destroyEv
                0x0000000008002fa4       0x2c bn_bg_blocks_manager.o
                0x0000000008002fa4                bn::affine_bg_map_ptr::_destroy()
 .text._ZNK2bn19affine_bg_tiles_ptr3cbbEv
                0x0000000008002fd0       0x18 bn_bg_blocks_manager.o
                0x0000000008002fd0                bn::affine_bg_tiles_ptr::cbb() const
 .text._ZN2bn17bg_blocks_manager10log_statusEv
                0x0000000008002fe8      0x3fc bn_bg_blocks_manager.o
                0x0000000008002fe8                bn::bg_blocks_manager::log_status()
 .text._ZN2bn17bg_blocks_manager11must_commitEi
                0x00000000080033e4       0x18 bn_bg_blocks_manager.o
                0x00000000080033e4                bn::bg_blocks_manager::must_commit(int)
 .text._ZN3_bn6assert9show_argsIA26_cEEvPKcS4_S4_iRKT_
                0x00000000080033fc       0x50 bn_bg_blocks_manager.o
                0x00000000080033fc                void _bn::assert::show_args<char [26]>(char const*, char const*, char const*, int, char const (&) [26])
 .text._ZN3_bn6assert9show_argsIJA16_ciA4_ciEEEvPKcS5_S5_iDpRKT_
                0x000000000800344c       0x5c bn_bg_blocks_manager.o
                0x000000000800344c                void _bn::assert::show_args<char [16], int, char [4], int>(char const*, char const*, char const*, int, char const (&) [16], int const&, char const (&) [4], int const&)
 .text._ZN3_bn6assert9show_argsIJA58_ciA4_ciEEEvPKcS5_S5_iDpRKT_
                0x00000000080034a8       0x5c bn_bg_blocks_manager.o
                0x00000000080034a8                void _bn::assert::show_args<char [58], int, char [4], int>(char const*, char const*, char const*, int, char const (&) [58], int const&, char const (&) [4], int const&)
 .text._ZN3_bn6assert9show_argsIJA44_cPKtA4_cS4_EEEvPKcS7_S7_iDpRKT_
                0x0000000008003504       0x6c bn_bg_blocks_manager.o
                0x0000000008003504                void _bn::assert::show_args<char [44], unsigned short const*, char [4], unsigned short const*>(char const*, char const*, char const*, int, char const (&) [44], unsigned short const* const&, char const (&) [4], unsigned short const* const&)
 .text._ZN3_bn6assert9show_argsIJA46_ciA4_ciEEEvPKcS5_S5_iDpRKT_
                0x0000000008003570       0x5c bn_bg_blocks_manager.o
                0x0000000008003570                void _bn::assert::show_args<char [46], int, char [4], int>(char const*, char const*, char const*, int, char const (&) [46], int const&, char const (&) [4], int const&)
 .text._ZN3_bn6assert9show_argsIJA37_cbA4_cbEEEvPKcS5_S5_iDpRKT_
                0x00000000080035cc       0x84 bn_bg_blocks_manager.o
                0x00000000080035cc                void _bn::assert::show_args<char [37], bool, char [4], bool>(char const*, char const*, char const*, int, char const (&) [37], bool const&, char const (&) [4], bool const&)
 .text._ZN2bn17bg_blocks_manager12_GLOBAL__N_116_find_tiles_implEPKtNS_16compression_typeEib
                0x0000000008003650      0x1f0 bn_bg_blocks_manager.o
 .text._ZN3_bn6assert9show_argsIJA34_ciA4_ctEEEvPKcS5_S5_iDpRKT_
                0x0000000008003840       0x5c bn_bg_blocks_manager.o
                0x0000000008003840                void _bn::assert::show_args<char [34], int, char [4], unsigned short>(char const*, char const*, char const*, int, char const (&) [34], int const&, char const (&) [4], unsigned short const&)
 .text._ZN3_bn6assert9show_argsIJA36_ciA4_ctEEEvPKcS5_S5_iDpRKT_
                0x000000000800389c       0x5c bn_bg_blocks_manager.o
                0x000000000800389c                void _bn::assert::show_args<char [36], int, char [4], unsigned short>(char const*, char const*, char const*, int, char const (&) [36], int const&, char const (&) [4], unsigned short const&)
 .text._ZN3_bn6assert9show_argsIJA54_ciA4_ciEEEvPKcS5_S5_iDpRKT_
                0x00000000080038f8       0x5c bn_bg_blocks_manager.o
                0x00000000080038f8                void _bn::assert::show_args<char [54], int, char [4], int>(char const*, char const*, char const*, int, char const (&) [54], int const&, char const (&) [4], int const&)
 .text._ZNK2bn17affine_bg_map_ptr5tilesEv
                0x0000000008003954       0x48 bn_bg_blocks_manager.o
                0x0000000008003954                bn::affine_bg_map_ptr::tiles() const
 .text._ZNK2bn18regular_bg_map_ptr5tilesEv
                0x000000000800399c       0x48 bn_bg_blocks_manager.o
                0x000000000800399c                bn::regular_bg_map_ptr::tiles() const
 .text._ZNK2bn18regular_bg_map_ptr3bppEv
                0x00000000080039e4       0x4c bn_bg_blocks_manager.o
                0x00000000080039e4                bn::regular_bg_map_ptr::bpp() const
 .text._ZN2bn17bg_blocks_manager21update_affine_map_rowEiii
                0x0000000008003a30       0xfc bn_bg_blocks_manager.o
                0x0000000008003a30                bn::bg_blocks_manager::update_affine_map_row(int, int, int)
 .text._ZN2bn17bg_blocks_manager23set_affine_map_positionEiii
                0x0000000008003b2c      0x1ac bn_bg_blocks_manager.o
                0x0000000008003b2c                bn::bg_blocks_manager::set_affine_map_position(int, int, int)
 .text._ZN2bn17bg_blocks_manager21update_affine_map_colEiii
                0x0000000008003cd8      0x224 bn_bg_blocks_manager.o
                0x0000000008003cd8                bn::bg_blocks_manager::update_affine_map_col(int, int, int)
 .text._ZN2bn17bg_blocks_manager22update_regular_map_colEiii
                0x0000000008003efc      0x174 bn_bg_blocks_manager.o
                0x0000000008003efc                bn::bg_blocks_manager::update_regular_map_col(int, int, int)
 .text._ZN2bn17bg_blocks_manager22update_regular_map_rowEiii
                0x0000000008004070      0x148 bn_bg_blocks_manager.o
                0x0000000008004070                bn::bg_blocks_manager::update_regular_map_row(int, int, int)
 .text._ZN2bn17bg_blocks_manager24set_regular_map_positionEiii
                0x00000000080041b8      0x1e0 bn_bg_blocks_manager.o
                0x00000000080041b8                bn::bg_blocks_manager::set_regular_map_position(int, int, int)
 .text._ZN2bn17bg_blocks_manager12_GLOBAL__N_112_commit_itemERKNS1_9item_typeE
                0x0000000008004398      0x2a8 bn_bg_blocks_manager.o
 .text._ZN2bn17bg_blocks_manager6commitEv
                0x0000000008004640       0x40 bn_bg_blocks_manager.o
                0x0000000008004640                bn::bg_blocks_manager::commit()
 .text._ZN3_bn6assert9show_argsIJA34_ciA4_ciEEEvPKcS5_S5_iDpRKT_
                0x0000000008004680       0x5c bn_bg_blocks_manager.o
                0x0000000008004680                void _bn::assert::show_args<char [34], int, char [4], int>(char const*, char const*, char const*, int, char const (&) [34], int const&, char const (&) [4], int const&)
 .text._ZN3_bn6assert9show_argsIJA38_ciA4_ciEEEvPKcS5_S5_iDpRKT_
                0x00000000080046dc       0x5c bn_bg_blocks_manager.o
                0x00000000080046dc                void _bn::assert::show_args<char [38], int, char [4], int>(char const*, char const*, char const*, int, char const (&) [38], int const&, char const (&) [4], int const&)
 .text._ZN2bn17bg_blocks_manager12_GLOBAL__N_122_find_regular_map_implERKNS_19regular_bg_map_itemERKNS_20regular_bg_tiles_ptrERKNS_14bg_palette_ptrE
                0x0000000008004738      0x3b4 bn_bg_blocks_manager.o
 .text._ZN3_bn6assert9show_argsIJA32_cA15_cPKtA16_ciA17_ciA43_cN2bn11string_viewEEEEvPKcSC_SC_iDpRKT_
                0x0000000008004aec       0x94 bn_bg_blocks_manager.o
                0x0000000008004aec                void _bn::assert::show_args<char [32], char [15], unsigned short const*, char [16], int, char [17], int, char [43], bn::string_view>(char const*, char const*, char const*, int, char const (&) [32], char const (&) [15], unsigned short const* const&, char const (&) [16], int const&, char const (&) [17], int const&, char const (&) [43], bn::string_view const&)
 .text._ZN3_bn6assert9show_argsIA46_cEEvPKcS4_S4_iRKT_
                0x0000000008004b80       0x50 bn_bg_blocks_manager.o
                0x0000000008004b80                void _bn::assert::show_args<char [46]>(char const*, char const*, char const*, int, char const (&) [46])
 .text._ZN3_bn6assert9show_argsIJA30_cA13_cPKtA14_ciA15_ciA17_ciA43_cN2bn11string_viewEEEEvPKcSD_SD_iDpRKT_
                0x0000000008004bd0       0xa8 bn_bg_blocks_manager.o
                0x0000000008004bd0                void _bn::assert::show_args<char [30], char [13], unsigned short const*, char [14], int, char [15], int, char [17], int, char [43], bn::string_view>(char const*, char const*, char const*, int, char const (&) [30], char const (&) [13], unsigned short const* const&, char const (&) [14], int const&, char const (&) [15], int const&, char const (&) [17], int const&, char const (&) [43], bn::string_view const&)
 .text._ZN2bn17bg_blocks_manager12_GLOBAL__N_110items_list12insert_afterEiRKNS1_9item_typeE.constprop.0
                0x0000000008004c78      0x2b0 bn_bg_blocks_manager.o
 .text._ZN2bn17bg_blocks_manager4initEv
                0x0000000008004f28      0x15c bn_bg_blocks_manager.o
                0x0000000008004f28                bn::bg_blocks_manager::init()
 .text._ZN2bn13ostringstream11append_argsIA4_cJiEEEvRKT_DpRKT0_
                0x0000000008005084       0x18 bn_bg_blocks_manager.o
                0x0000000008005084                void bn::ostringstream::append_args<char [4], int>(char const (&) [4], int const&)
 .text._ZN3_bn6assert9show_argsIJA39_cPKN2bn4tileEA4_ciEEEvPKcS9_S9_iDpRKT_
                0x000000000800509c       0x64 bn_bg_blocks_manager.o
                0x000000000800509c                void _bn::assert::show_args<char [39], bn::tile const*, char [4], int>(char const*, char const*, char const*, int, char const (&) [39], bn::tile const* const&, char const (&) [4], int const&)
 .text._ZN2bn14iunordered_mapIPKviNS_4hashIS2_EENS_8equal_toIS2_EEE5eraseERKNS7_14const_iteratorE.isra.0
                0x0000000008005100      0x17c bn_bg_blocks_manager.o
 .text._ZN2bn17bg_blocks_manager12_GLOBAL__N_112_create_itemEiibONS1_11create_dataE
                0x000000000800527c      0x570 bn_bg_blocks_manager.o
 .text._ZN2bn17bg_blocks_manager12_GLOBAL__N_121_remove_adjacent_itemEiRNS1_9item_typeE
                0x00000000080057ec       0xd8 bn_bg_blocks_manager.o
 .text._ZN2bn17bg_blocks_manager6updateEv
                0x00000000080058c4      0x254 bn_bg_blocks_manager.o
                0x00000000080058c4                bn::bg_blocks_manager::update()
 .text._ZN2bn17bg_blocks_manager12_GLOBAL__N_112_create_implILNS1_11create_typeE2EEEiONS1_11create_dataE
                0x0000000008005b18       0xfc bn_bg_blocks_manager.o
 .text._ZN2bn17bg_blocks_manager18create_regular_mapERKNS_19regular_bg_map_itemEONS_20regular_bg_tiles_ptrEONS_14bg_palette_ptrEb
                0x0000000008005c14      0x298 bn_bg_blocks_manager.o
                0x0000000008005c14                bn::bg_blocks_manager::create_regular_map(bn::regular_bg_map_item const&, bn::regular_bg_tiles_ptr&&, bn::bg_palette_ptr&&, bool)
 .text._ZN2bn17bg_blocks_manager12_GLOBAL__N_112_create_implILNS1_11create_typeE0EEEiONS1_11create_dataE.constprop.0
                0x0000000008005eac      0x198 bn_bg_blocks_manager.o
 .text._ZN2bn17bg_blocks_manager20create_regular_tilesERKNS_21regular_bg_tiles_itemEb
                0x0000000008006044      0x154 bn_bg_blocks_manager.o
                0x0000000008006044                bn::bg_blocks_manager::create_regular_tiles(bn::regular_bg_tiles_item const&, bool)
 .text._ZN2bn18regular_bg_map_ptr6createERKNS_15regular_bg_itemE
                0x0000000008006198       0x70 bn_bg_blocks_manager.o
                0x0000000008006198                bn::regular_bg_map_ptr::create(bn::regular_bg_item const&)
 .text.startup._GLOBAL__sub_I__ZN2bn7bg_maps16used_cells_countEv
                0x0000000008006208       0x98 bn_bg_blocks_manager.o
 .text.exit._GLOBAL__sub_D__ZN2bn7bg_maps16used_cells_countEv
                0x00000000080062a0       0x80 bn_bg_blocks_manager.o
 .text._ZN2bn13ostringstreamC2ERNS_12istring_baseE
                0x0000000008006320        0x8 bn_sstream.o
                0x0000000008006320                bn::ostringstream::ostringstream(bn::istring_base&)
                0x0000000008006320                bn::ostringstream::ostringstream(bn::istring_base&)
 .text._ZN3_bn6assert9show_argsIJA19_ciA4_ciEEEvPKcS5_S5_iDpRKT_
                0x0000000008006328      0x170 bn_sstream.o
                0x0000000008006328                void _bn::assert::show_args<char [19], int, char [4], int>(char const*, char const*, char const*, int, char const (&) [19], int const&, char const (&) [4], int const&)
 .text._ZN2bn13ostringstream6appendEPKc
                0x0000000008006498       0x88 bn_sstream.o
                0x0000000008006498                bn::ostringstream::append(char const*)
 .text._ZN2bn7istring6appendEPKc.isra.0
                0x0000000008006520       0x88 bn_sstream.o
 .text._ZN2bn13ostringstream6appendEi
                0x00000000080065a8       0x9c bn_sstream.o
                0x00000000080065a8                bn::ostringstream::append(int)
 .text._ZN3_bn6assert9show_argsIA26_ciEEvPKcS4_S4_iRKT_RKT0_
                0x0000000008006644       0x54 bn_sstream.o
                0x0000000008006644                void _bn::assert::show_args<char [26], int>(char const*, char const*, char const*, int, char const (&) [26], int const&)
 .text._ZN2bn13ostringstream6appendERKNS_11string_viewE
                0x0000000008006698       0x94 bn_sstream.o
                0x0000000008006698                bn::ostringstream::append(bn::string_view const&)
 .text._ZN2bn13ostringstream6appendEj
                0x000000000800672c       0x9c bn_sstream.o
                0x000000000800672c                bn::ostringstream::append(unsigned int)
 .text._ZN2bn13ostringstream6appendEPKv
                0x00000000080067c8       0xe8 bn_sstream.o
                0x00000000080067c8                bn::ostringstream::append(void const*)
 .text._ZN2bn13ostringstream6appendEc
                0x00000000080068b0       0x44 bn_sstream.o
                0x00000000080068b0                bn::ostringstream::append(char)
 .text._ZN2bn13audio_manager4initEPFvvES2_
                0x00000000080068f4        0xc bn_audio_manager.o
                0x00000000080068f4                bn::audio_manager::init(void (*)(), void (*)())
 .text._ZN2bn13audio_manager7disableEv
                0x0000000008006900        0xc bn_audio_manager.o
                0x0000000008006900                bn::audio_manager::disable()
 .text._ZN2bn13audio_manager22disable_vblank_handlerEv
                0x000000000800690c        0xc bn_audio_manager.o
                0x000000000800690c                bn::audio_manager::disable_vblank_handler()
 .text._ZN2bn13audio_manager6commitEv
                0x0000000008006918        0xc bn_audio_manager.o
                0x0000000008006918                bn::audio_manager::commit()
 .text._ZN2bn13audio_manager6updateEv
                0x0000000008006924      0x180 bn_audio_manager.o
                0x0000000008006924                bn::audio_manager::update()
 .text._ZN3_bn6assert9show_argsIA25_cEEvPKcS4_S4_iRKT_
                0x0000000008006aa4       0x50 bn_audio_manager.o
                0x0000000008006aa4                void _bn::assert::show_args<char [25]>(char const*, char const*, char const*, int, char const (&) [25])
 .text._ZN2bn13audio_manager10stop_musicEv
                0x0000000008006af4       0x70 bn_audio_manager.o
                0x0000000008006af4                bn::audio_manager::stop_music()
 .text._ZN2bn13audio_manager4stopEv
                0x0000000008006b64       0x5c bn_audio_manager.o
                0x0000000008006b64                bn::audio_manager::stop()
 .text.startup._GLOBAL__sub_I__ZN2bn5audio16update_on_vblankEv
                0x0000000008006bc0       0x30 bn_audio_manager.o
 .text._ZNK2bn21sprite_affine_mat_ptr15horizontal_flipEv
                0x0000000008006bf0       0x20 bn_sprite_affine_mats_manager.o
                0x0000000008006bf0                bn::sprite_affine_mat_ptr::horizontal_flip() const
 .text._ZNK2bn21sprite_affine_mat_ptr13vertical_flipEv
                0x0000000008006c10       0x20 bn_sprite_affine_mats_manager.o
                0x0000000008006c10                bn::sprite_affine_mat_ptr::vertical_flip() const
 .text._ZN2bn26sprite_affine_mats_manager20retrieve_commit_dataEv
                0x0000000008006c30       0x44 bn_sprite_affine_mats_manager.o
                0x0000000008006c30                bn::sprite_affine_mats_manager::retrieve_commit_data()
 .text._ZN2bn26sprite_affine_mats_manager15decrease_usagesEi.part.0
                0x0000000008006c74       0x68 bn_sprite_affine_mats_manager.o
 .text._ZN2bn21sprite_affine_mat_ptr8_destroyEv
                0x0000000008006cdc       0x2c bn_sprite_affine_mats_manager.o
                0x0000000008006cdc                bn::sprite_affine_mat_ptr::_destroy()
 .text._ZN2bn26sprite_affine_mats_manager6updateEv
                0x0000000008006d08       0xa0 bn_sprite_affine_mats_manager.o
                0x0000000008006d08                bn::sprite_affine_mats_manager::update()
 .text._ZN2bn26sprite_affine_mats_manager4initEPv
                0x0000000008006da8       0x6c bn_sprite_affine_mats_manager.o
                0x0000000008006da8                bn::sprite_affine_mats_manager::init(void*)
 .text._ZN2bn26sprite_affine_mats_manager14dettach_spriteEiRNS_24intrusive_list_node_typeE
                0x0000000008006e14       0x4c bn_sprite_affine_mats_manager.o
                0x0000000008006e14                bn::sprite_affine_mats_manager::dettach_sprite(int, bn::intrusive_list_node_type&)
 .text.startup._GLOBAL__sub_I__ZN2bn18sprite_affine_mats10used_countEv
                0x0000000008006e60       0x98 bn_sprite_affine_mats_manager.o
 .text.exit._GLOBAL__sub_D__ZN2bn18sprite_affine_mats10used_countEv
                0x0000000008006ef8       0x3c bn_sprite_affine_mats_manager.o
 .text._ZN2bn12link_manager4initEv
                0x0000000008006f34        0xc bn_link_manager.o
                0x0000000008006f34                bn::link_manager::init()
 .text._ZN2bn12link_manager7disableEv
                0x0000000008006f40       0x18 bn_link_manager.o
                0x0000000008006f40                bn::link_manager::disable()
 .text._ZN2bn12link_manager6commitEv
                0x0000000008006f58        0xc bn_link_manager.o
                0x0000000008006f58                bn::link_manager::commit()
 .text._ZN3_bn6assert9show_argsIJA23_ciA4_ciEEEvPKcS5_S5_iDpRKT_
                0x0000000008006f64       0x6c bn_link_manager.o
                0x0000000008006f64                void _bn::assert::show_args<char [23], int, char [4], int>(char const*, char const*, char const*, int, char const (&) [23], int const&, char const (&) [4], int const&)
 .text._ZN2bn2hw8palettes9grayscaleEPKNS_5colorEiiPS2_.part.0
                0x0000000008006fd0       0x40 bn_palettes_manager.o
 .text._ZN2bn14bg_palette_ptrC2ERKS0_
                0x0000000008007010       0x2c bn_palettes_manager.o
                0x0000000008007010                bn::bg_palette_ptr::bg_palette_ptr(bn::bg_palette_ptr const&)
                0x0000000008007010                bn::bg_palette_ptr::bg_palette_ptr(bn::bg_palette_ptr const&)
 .text._ZNK2bn14bg_palette_ptr3bppEv
                0x000000000800703c       0x20 bn_palettes_manager.o
                0x000000000800703c                bn::bg_palette_ptr::bpp() const
 .text._ZNK2bn18sprite_palette_ptr3bppEv
                0x000000000800705c       0x1c bn_palettes_manager.o
                0x000000000800705c                bn::sprite_palette_ptr::bpp() const
 .text._ZN2bn13palettes_bank11colors_hashERKNS_4spanIKNS_5colorEEE
                0x0000000008007078       0x28 bn_palettes_manager.o
                0x0000000008007078                bn::palettes_bank::colors_hash(bn::span<bn::color const> const&)
 .text._ZNK2bn13palettes_bank10log_statusEv
                0x00000000080070a0      0x188 bn_palettes_manager.o
                0x00000000080070a0                bn::palettes_bank::log_status() const
 .text._ZNK2bn13palettes_bank20retrieve_commit_dataEv
                0x0000000008007228       0x58 bn_palettes_manager.o
                0x0000000008007228                bn::palettes_bank::retrieve_commit_data() const
 .text._ZNK2bn13palettes_bank12_same_colorsERKNS_4spanIKNS_5colorEEEi
                0x0000000008007280       0x50 bn_palettes_manager.o
                0x0000000008007280                bn::palettes_bank::_same_colors(bn::span<bn::color const> const&, int) const
 .text._ZN2bn13palettes_bank10find_bpp_4ERKNS_4spanIKNS_5colorEEEt
                0x00000000080072d0       0xdc bn_palettes_manager.o
                0x00000000080072d0                bn::palettes_bank::find_bpp_4(bn::span<bn::color const> const&, unsigned short)
 .text._ZNK2bn13palettes_bank21_apply_global_effectsEiPNS_5colorE
                0x00000000080073ac      0x13c bn_palettes_manager.o
                0x00000000080073ac                bn::palettes_bank::_apply_global_effects(int, bn::color*) const
 .text._ZNK2bn13palettes_bank25fill_hblank_effect_colorsEPKNS_5colorEPt
                0x00000000080074e8       0x30 bn_palettes_manager.o
                0x00000000080074e8                bn::palettes_bank::fill_hblank_effect_colors(bn::color const*, unsigned short*) const
 .text._ZNK2bn13palettes_bank7palette13apply_effectsEiPNS_5colorE
                0x0000000008007518       0xbc bn_palettes_manager.o
                0x0000000008007518                bn::palettes_bank::palette::apply_effects(int, bn::color*) const
 .text._ZNK2bn13palettes_bank25fill_hblank_effect_colorsEiPKNS_5colorEPt
                0x00000000080075d4       0x44 bn_palettes_manager.o
                0x00000000080075d4                bn::palettes_bank::fill_hblank_effect_colors(int, bn::color const*, unsigned short*) const
 .text._ZN2bn13palettes_bank15_update_paletteEi
                0x0000000008007618       0x6c bn_palettes_manager.o
                0x0000000008007618                bn::palettes_bank::_update_palette(int)
 .text._ZN2bn13palettes_bank6updateEv
                0x0000000008007684      0x124 bn_palettes_manager.o
                0x0000000008007684                bn::palettes_bank::update()
 .text._ZN2bn13palettes_bankC2Ev
                0x00000000080077a8       0xcc bn_palettes_manager.o
                0x00000000080077a8                bn::palettes_bank::palettes_bank()
                0x00000000080077a8                bn::palettes_bank::palettes_bank()
 .text._ZN2bn16palettes_manager20sprite_palettes_bankEv
                0x0000000008007874        0x8 bn_palettes_manager.o
                0x0000000008007874                bn::palettes_manager::sprite_palettes_bank()
 .text._ZN2bn16palettes_manager16bg_palettes_bankEv
                0x000000000800787c        0x8 bn_palettes_manager.o
                0x000000000800787c                bn::palettes_manager::bg_palettes_bank()
 .text._ZN2bn16palettes_manager6updateEv
                0x0000000008007884       0x20 bn_palettes_manager.o
                0x0000000008007884                bn::palettes_manager::update()
 .text._ZN2bn16palettes_manager6commitEv
                0x00000000080078a4       0xb4 bn_palettes_manager.o
                0x00000000080078a4                bn::palettes_manager::commit()
 .text._ZN2bn16palettes_manager4stopEv
                0x0000000008007958       0x20 bn_palettes_manager.o
                0x0000000008007958                bn::palettes_manager::stop()
 .text._ZN3_bn6assert9show_argsIJA43_ciS2_A42_cEEEvPKcS5_S5_iDpRKT_
                0x0000000008007978       0x68 bn_palettes_manager.o
                0x0000000008007978                void _bn::assert::show_args<char [43], int, char [43], char [42]>(char const*, char const*, char const*, int, char const (&) [43], int const&, char const (&) [43], char const (&) [42])
 .text._ZN2bn13palettes_bank12create_bpp_8ERKNS_4spanIKNS_5colorEEENS_16compression_typeEb
                0x00000000080079e0      0x210 bn_palettes_manager.o
                0x00000000080079e0                bn::palettes_bank::create_bpp_8(bn::span<bn::color const> const&, bn::compression_type, bool)
 .text._ZN3_bn6assert9show_argsIJA39_cPKN2bn5colorEA4_ciEEEvPKcS9_S9_iDpRKT_
                0x0000000008007bf0       0x64 bn_palettes_manager.o
                0x0000000008007bf0                void _bn::assert::show_args<char [39], bn::color const*, char [4], int>(char const*, char const*, char const*, int, char const (&) [39], bn::color const* const&, char const (&) [4], int const&)
 .text._ZNK2bn15bg_palette_item10decompressENS_4spanINS_5colorEEE
                0x0000000008007c54      0x154 bn_palettes_manager.o
                0x0000000008007c54                bn::bg_palette_item::decompress(bn::span<bn::color>) const
 .text._ZNK2bn19sprite_palette_item10decompressENS_4spanINS_5colorEEE
                0x0000000008007da8      0x154 bn_palettes_manager.o
                0x0000000008007da8                bn::sprite_palette_item::decompress(bn::span<bn::color>) const
 .text._ZN2bn13palettes_bank12create_bpp_4ERKNS_4spanIKNS_5colorEEEtb
                0x0000000008007efc      0x2a0 bn_palettes_manager.o
                0x0000000008007efc                bn::palettes_bank::create_bpp_4(bn::span<bn::color const> const&, unsigned short, bool)
 .text._ZN2bn12_GLOBAL__N_112_create_implERKNS_15bg_palette_itemEb
                0x000000000800819c       0x94 bn_palettes_manager.o
 .text._ZN2bn14bg_palette_ptr6createERKNS_15bg_palette_itemE
                0x0000000008008230       0x54 bn_palettes_manager.o
                0x0000000008008230                bn::bg_palette_ptr::create(bn::bg_palette_item const&)
 .text._ZNK2bn15bg_palette_item14create_paletteEv
                0x0000000008008284       0x10 bn_palettes_manager.o
                0x0000000008008284                bn::bg_palette_item::create_palette() const
 .text._ZN2bn12_GLOBAL__N_112_create_implERKNS_19sprite_palette_itemEb
                0x0000000008008294       0x7c bn_palettes_manager.o
 .text._ZNK2bn19sprite_palette_item14create_paletteEv
                0x0000000008008310       0x48 bn_palettes_manager.o
                0x0000000008008310                bn::sprite_palette_item::create_palette() const
 .text._ZN2bn14iunordered_mapItsNS_13palettes_bank15identity_hasherENS_8equal_toItEEE5eraseERKNS5_14const_iteratorE.isra.0
                0x0000000008008358      0x174 bn_palettes_manager.o
 .text._ZN2bn13palettes_bank15decrease_usagesEi.part.0
                0x00000000080084cc       0xdc bn_palettes_manager.o
 .text._ZN2bn18sprite_palette_ptr8_destroyEv
                0x00000000080085a8       0x28 bn_palettes_manager.o
                0x00000000080085a8                bn::sprite_palette_ptr::_destroy()
 .text._ZN2bn14bg_palette_ptr8_destroyEv
                0x00000000080085d0       0x34 bn_palettes_manager.o
                0x00000000080085d0                bn::bg_palette_ptr::_destroy()
 .text._ZN2bn14bg_palette_ptraSERKS0_
                0x0000000008008604       0x5c bn_palettes_manager.o
                0x0000000008008604                bn::bg_palette_ptr::operator=(bn::bg_palette_ptr const&)
 .text.startup._GLOBAL__sub_I__ZN2bn11bg_palettes17used_colors_countEv
                0x0000000008008660       0x20 bn_palettes_manager.o
 .text._ZN2bn12gpio_manager6commitEv
                0x0000000008008680       0x48 bn_gpio_manager.o
                0x0000000008008680                bn::gpio_manager::commit()
 .text._ZN2bn12gpio_manager4stopEv
                0x00000000080086c8       0x3c bn_gpio_manager.o
                0x00000000080086c8                bn::gpio_manager::stop()
 .text._ZN3_bn6assert9show_argsIJA25_ciA4_ctEEEvPKcS5_S5_iDpRKT_
                0x0000000008008704       0x6c bn_sprite_text_generator.o
                0x0000000008008704                void _bn::assert::show_args<char [25], int, char [4], unsigned short>(char const*, char const*, char const*, int, char const (&) [25], int const&, char const (&) [4], unsigned short const&)
 .text._ZNK2bn10camera_ptr8positionEv
                0x0000000008008770       0x14 bn_cameras_manager.o
                0x0000000008008770                bn::camera_ptr::position() const
 .text._ZN2bn15cameras_manager6updateEv
                0x0000000008008784       0x28 bn_cameras_manager.o
                0x0000000008008784                bn::cameras_manager::update()
 .text._ZN2bn15cameras_manager4initEv
                0x00000000080087ac       0x54 bn_cameras_manager.o
                0x00000000080087ac                bn::cameras_manager::init()
 .text._ZN2bn10camera_ptr8_destroyEv
                0x0000000008008800       0x60 bn_cameras_manager.o
                0x0000000008008800                bn::camera_ptr::_destroy()
 .text.startup._GLOBAL__sub_I__ZN2bn7cameras16used_items_countEv
                0x0000000008008860       0x2c bn_cameras_manager.o
 .text._ZN2bn3logERKNS_12istring_baseE
                0x000000000800888c        0xc bn_log.o
                0x000000000800888c                bn::log(bn::istring_base const&)
 .text._ZNK2bn16sprite_tiles_ptr2idEv
                0x0000000008008898       0x18 bn_sprite_tiles_manager.o
                0x0000000008008898                bn::sprite_tiles_ptr::id() const
 .text._ZNK2bn16sprite_tiles_ptr11tiles_countEv
                0x00000000080088b0       0x18 bn_sprite_tiles_manager.o
                0x00000000080088b0                bn::sprite_tiles_ptr::tiles_count() const
 .text._ZN2bn20sprite_tiles_manager10log_statusEv
                0x00000000080088c8      0x1f8 bn_sprite_tiles_manager.o
                0x00000000080088c8                bn::sprite_tiles_manager::log_status()
 .text._ZN2bn20sprite_tiles_manager6commitEv
                0x0000000008008ac0       0xc8 bn_sprite_tiles_manager.o
                0x0000000008008ac0                bn::sprite_tiles_manager::commit()
 .text._ZN3_bn6assert9show_argsIJA44_cPKN2bn4tileEA4_cS6_EEEvPKcS9_S9_iDpRKT_
                0x0000000008008b88       0x6c bn_sprite_tiles_manager.o
                0x0000000008008b88                void _bn::assert::show_args<char [44], bn::tile const*, char [4], bn::tile const*>(char const*, char const*, char const*, int, char const (&) [44], bn::tile const* const&, char const (&) [4], bn::tile const* const&)
 .text._ZN3_bn6assert9show_argsIJA46_ciA4_cjEEEvPKcS5_S5_iDpRKT_
                0x0000000008008bf4       0x6c bn_sprite_tiles_manager.o
                0x0000000008008bf4                void _bn::assert::show_args<char [46], int, char [4], unsigned int>(char const*, char const*, char const*, int, char const (&) [46], int const&, char const (&) [4], unsigned int const&)
 .text._ZN3_bn6assert9show_argsIJA28_cA15_cPKN2bn4tileEA16_ciA43_cNS4_11string_viewEEEEvPKcSC_SC_iDpRKT_
                0x0000000008008c60       0x84 bn_sprite_tiles_manager.o
                0x0000000008008c60                void _bn::assert::show_args<char [28], char [15], bn::tile const*, char [16], int, char [43], bn::string_view>(char const*, char const*, char const*, int, char const (&) [28], char const (&) [15], bn::tile const* const&, char const (&) [16], int const&, char const (&) [43], bn::string_view const&)
 .text._ZN2bn20sprite_tiles_manager12_GLOBAL__N_116_erase_free_itemEi
                0x0000000008008ce4       0xe4 bn_sprite_tiles_manager.o
 .text._ZN2bn20sprite_tiles_manager15decrease_usagesEi.part.0
                0x0000000008008dc8      0x10c bn_sprite_tiles_manager.o
 .text._ZN2bn16sprite_tiles_ptr8_destroyEv
                0x0000000008008ed4       0x28 bn_sprite_tiles_manager.o
                0x0000000008008ed4                bn::sprite_tiles_ptr::_destroy()
 .text._ZN2bn20sprite_tiles_manager12_GLOBAL__N_117_insert_free_itemEiPt
                0x0000000008008efc       0xd0 bn_sprite_tiles_manager.o
 .text._ZN2bn14iunordered_mapIPKNS_4tileEiNS_4hashIS3_EENS_8equal_toIS3_EEE5eraseERKNS8_14const_iteratorE.isra.0
                0x0000000008008fcc      0x17c bn_sprite_tiles_manager.o
 .text._ZN2bn20sprite_tiles_manager12_GLOBAL__N_112_create_itemEiPKNS_4tileENS_16compression_typeEib
                0x0000000008009148      0x334 bn_sprite_tiles_manager.o
 .text._ZN2bn20sprite_tiles_manager6updateEv
                0x000000000800947c      0x270 bn_sprite_tiles_manager.o
                0x000000000800947c                bn::sprite_tiles_manager::update()
 .text._ZN2bn20sprite_tiles_manager12_GLOBAL__N_112_create_implEPKNS_4tileENS_16compression_typeEi
                0x00000000080096ec      0x1f4 bn_sprite_tiles_manager.o
 .text._ZN2bn20sprite_tiles_manager4initEv
                0x00000000080098e0      0x148 bn_sprite_tiles_manager.o
                0x00000000080098e0                bn::sprite_tiles_manager::init()
 .text._ZN2bn20sprite_tiles_manager12_GLOBAL__N_110_find_implEPKNS_4tileENS_16compression_typeEi
                0x0000000008009a28      0x270 bn_sprite_tiles_manager.o
 .text._ZN2bn20sprite_tiles_manager6createERKNS_4spanIKNS_4tileEEENS_16compression_typeE
                0x0000000008009c98      0x140 bn_sprite_tiles_manager.o
                0x0000000008009c98                bn::sprite_tiles_manager::create(bn::span<bn::tile const> const&, bn::compression_type)
 .text._ZNK2bn17sprite_tiles_item12create_tilesEv
                0x0000000008009dd8       0x94 bn_sprite_tiles_manager.o
                0x0000000008009dd8                bn::sprite_tiles_item::create_tiles() const
 .text._ZNK2bn17sprite_tiles_item12create_tilesEi
                0x0000000008009e6c       0xe4 bn_sprite_tiles_manager.o
                0x0000000008009e6c                bn::sprite_tiles_item::create_tiles(int) const
 .text.startup._GLOBAL__sub_I__ZN2bn12sprite_tiles16used_tiles_countEv
                0x0000000008009f50      0x10c bn_sprite_tiles_manager.o
 .text._ZN2bn22hblank_effects_manager12_GLOBAL__N_19item_type18_output_values_ptrEv
                0x000000000800a05c       0x40 bn_hblank_effects_manager.o
 .text._ZN2bn7type_idINS_4pairIiiEEEENS_9type_id_tEv
                0x000000000800a09c        0x8 bn_hblank_effects_manager.o
                0x000000000800a09c                bn::type_id_t bn::type_id<bn::pair<int, int> >()
 .text._ZN2bn7type_idINS_33regular_bg_attributes_hbe_handler15last_value_typeEEENS_9type_id_tEv
                0x000000000800a0a4        0x8 bn_hblank_effects_manager.o
                0x000000000800a0a4                bn::type_id_t bn::type_id<bn::regular_bg_attributes_hbe_handler::last_value_type>()
 .text._ZN2bn7type_idINS_32affine_bg_attributes_hbe_handler15last_value_typeEEENS_9type_id_tEv
                0x000000000800a0ac        0x8 bn_hblank_effects_manager.o
                0x000000000800a0ac                bn::type_id_t bn::type_id<bn::affine_bg_attributes_hbe_handler::last_value_type>()
 .text._ZN2bn7type_idIiEENS_9type_id_tEv
                0x000000000800a0b4        0x8 bn_hblank_effects_manager.o
                0x000000000800a0b4                bn::type_id_t bn::type_id<int>()
 .text._ZN2bn7type_idINS_47affine_bg_pivot_horizontal_position_hbe_handler15last_value_typeEEENS_9type_id_tEv
                0x000000000800a0bc        0x8 bn_hblank_effects_manager.o
                0x000000000800a0bc                bn::type_id_t bn::type_id<bn::affine_bg_pivot_horizontal_position_hbe_handler::last_value_type>()
 .text._ZN2bn7type_idINS_45affine_bg_pivot_vertical_position_hbe_handler15last_value_typeEEENS_9type_id_tEv
                0x000000000800a0c4        0x8 bn_hblank_effects_manager.o
                0x000000000800a0c4                bn::type_id_t bn::type_id<bn::affine_bg_pivot_vertical_position_hbe_handler::last_value_type>()
 .text._ZN2bn7type_idINS_35sprite_first_attributes_hbe_handler15last_value_typeEEENS_9type_id_tEv
                0x000000000800a0cc        0x8 bn_hblank_effects_manager.o
                0x000000000800a0cc                bn::type_id_t bn::type_id<bn::sprite_first_attributes_hbe_handler::last_value_type>()
 .text._ZN2bn7type_idINS_35sprite_second_attributes_last_valueEEENS_9type_id_tEv
                0x000000000800a0d4        0x8 bn_hblank_effects_manager.o
                0x000000000800a0d4                bn::type_id_t bn::type_id<bn::sprite_second_attributes_last_value>()
 .text._ZN2bn7type_idINS_17sprite_shape_sizeEEENS_9type_id_tEv
                0x000000000800a0dc        0x8 bn_hblank_effects_manager.o
                0x000000000800a0dc                bn::type_id_t bn::type_id<bn::sprite_shape_size>()
 .text._ZN2bn22hblank_effects_manager7disableEv
                0x000000000800a0e4       0x24 bn_hblank_effects_manager.o
                0x000000000800a0e4                bn::hblank_effects_manager::disable()
 .text._ZN2bn22hblank_effects_manager6commitEv
                0x000000000800a108       0x74 bn_hblank_effects_manager.o
                0x000000000800a108                bn::hblank_effects_manager::commit()
 .text._ZN2bn22hblank_effects_manager12_GLOBAL__N_110_is_uint32ENS0_12handler_typeE
                0x000000000800a17c       0x64 bn_hblank_effects_manager.o
 .text._ZN2bn8optionalINS_29affine_bg_pa_register_hbe_ptrEEdeEv.part.0
                0x000000000800a1e0       0x28 bn_hblank_effects_manager.o
 .text._ZN3_bn6assert9show_argsIA21_cEEvPKcS4_S4_iRKT_
                0x000000000800a208       0x50 bn_hblank_effects_manager.o
                0x000000000800a208                void _bn::assert::show_args<char [21]>(char const*, char const*, char const*, int, char const (&) [21])
 .text._ZN2bn22hblank_effects_manager12_GLOBAL__N_19item_type12check_updateEv
                0x000000000800a258     0x1e28 bn_hblank_effects_manager.o
 .text._ZN2bn22hblank_effects_manager6updateEv
                0x000000000800c080      0x1ec bn_hblank_effects_manager.o
                0x000000000800c080                bn::hblank_effects_manager::update()
 .text._ZN2bn22hblank_effects_manager4initEv
                0x000000000800c26c       0xd4 bn_hblank_effects_manager.o
                0x000000000800c26c                bn::hblank_effects_manager::init()
 .text.startup._GLOBAL__sub_I__ZN2bn4hbes10used_countEv
                0x000000000800c340       0xfc bn_hblank_effects_manager.o
 .text.exit._GLOBAL__sub_D__ZN2bn4hbes10used_countEv
                0x000000000800c43c       0x40 bn_hblank_effects_manager.o
 .text._ZN2bn6keypad9a_pressedEv
                0x000000000800c47c       0x10 bn_keypad_manager.o
                0x000000000800c47c                bn::keypad::a_pressed()
 .text._ZN2bn6keypad9b_pressedEv
                0x000000000800c48c       0x10 bn_keypad_manager.o
                0x000000000800c48c                bn::keypad::b_pressed()
 .text._ZN2bn6keypad10right_heldEv
                0x000000000800c49c       0x10 bn_keypad_manager.o
                0x000000000800c49c                bn::keypad::right_held()
 .text._ZN2bn6keypad9left_heldEv
                0x000000000800c4ac       0x10 bn_keypad_manager.o
                0x000000000800c4ac                bn::keypad::left_held()
 .text._ZN2bn6keypad7up_heldEv
                0x000000000800c4bc       0x10 bn_keypad_manager.o
                0x000000000800c4bc                bn::keypad::up_held()
 .text._ZN2bn6keypad9down_heldEv
                0x000000000800c4cc       0x10 bn_keypad_manager.o
                0x000000000800c4cc                bn::keypad::down_held()
 .text._ZN2bn14keypad_manager4stopEv
                0x000000000800c4dc        0x4 bn_keypad_manager.o
                0x000000000800c4dc                bn::keypad_manager::stop()
 .text._ZN2bn14keypad_manager6updateEv
                0x000000000800c4e0       0xa8 bn_keypad_manager.o
                0x000000000800c4e0                bn::keypad_manager::update()
 .text._ZN3_bn6assert9show_argsIA24_ciEEvPKcS4_S4_iRKT_RKT0_
                0x000000000800c588       0x58 bn_keypad_manager.o
                0x000000000800c588                void _bn::assert::show_args<char [24], int>(char const*, char const*, char const*, int, char const (&) [24], int const&)
 .text._ZN2bn14keypad_manager4initERKNS_11string_viewE
                0x000000000800c5e0       0x58 bn_keypad_manager.o
                0x000000000800c5e0                bn::keypad_manager::init(bn::string_view const&)
 .text._ZN2bn11bgs_manager12_GLOBAL__N_129_check_unique_regular_big_mapERNS1_9item_typeE
                0x000000000800c638       0x68 bn_bgs_manager.o
 .text._ZN2bn13ostringstream11append_argsIiJA4_ciEEEvRKT_DpRKT0_.isra.0
                0x000000000800c6a0       0x24 bn_bgs_manager.o
 .text._ZN2bn11bgs_manager5hw_idEPv
                0x000000000800c6c4       0x24 bn_bgs_manager.o
                0x000000000800c6c4                bn::bgs_manager::hw_id(void*)
 .text._ZN2bn11bgs_manager11hw_positionEPv
                0x000000000800c6e8        0x4 bn_bgs_manager.o
                0x000000000800c6e8                bn::bgs_manager::hw_position(void*)
 .text._ZN2bn11bgs_manager14mat_attributesEPv
                0x000000000800c6ec        0x4 bn_bgs_manager.o
                0x000000000800c6ec                bn::bgs_manager::mat_attributes(void*)
 .text._ZN2bn11bgs_manager20update_windows_flagsEPj
                0x000000000800c6f0       0x7c bn_bgs_manager.o
                0x000000000800c6f0                bn::bgs_manager::update_windows_flags(unsigned int*)
 .text._ZN2bn11bgs_manager36fill_hblank_effect_regular_positionsEiPKNS_7fixed_tILi12EEEPt
                0x000000000800c76c       0x38 bn_bgs_manager.o
                0x000000000800c76c                bn::bgs_manager::fill_hblank_effect_regular_positions(int, bn::fixed_t<12> const*, unsigned short*)
 .text._ZN2bn11bgs_manager45fill_hblank_effect_pivot_horizontal_positionsEPvPKNS_7fixed_tILi12EEEPj
                0x000000000800c7a4       0x24 bn_bgs_manager.o
                0x000000000800c7a4                bn::bgs_manager::fill_hblank_effect_pivot_horizontal_positions(void*, bn::fixed_t<12> const*, unsigned int*)
 .text._ZN2bn11bgs_manager43fill_hblank_effect_pivot_vertical_positionsEPvPKNS_7fixed_tILi12EEEPj
                0x000000000800c7c8       0x24 bn_bgs_manager.o
                0x000000000800c7c8                bn::bgs_manager::fill_hblank_effect_pivot_vertical_positions(void*, bn::fixed_t<12> const*, unsigned int*)
 .text._ZN2bn11bgs_manager6commitEv
                0x000000000800c7ec       0xf8 bn_bgs_manager.o
                0x000000000800c7ec                bn::bgs_manager::commit()
 .text._ZN2bn11bgs_manager4stopEv
                0x000000000800c8e4       0x28 bn_bgs_manager.o
                0x000000000800c8e4                bn::bgs_manager::stop()
 .text._ZN3_bn6assert9show_argsIA30_cEEvPKcS4_S4_iRKT_
                0x000000000800c90c       0x50 bn_bgs_manager.o
                0x000000000800c90c                void _bn::assert::show_args<char [30]>(char const*, char const*, char const*, int, char const (&) [30])
 .text._ZN3_bn6assert9show_argsIJA60_ciA4_ciEEEvPKcS5_S5_iDpRKT_
                0x000000000800c95c       0x5c bn_bgs_manager.o
                0x000000000800c95c                void _bn::assert::show_args<char [60], int, char [4], int>(char const*, char const*, char const*, int, char const (&) [60], int const&, char const (&) [4], int const&)
 .text._ZN3_bn6assert9show_argsIJA59_ciA4_ciEEEvPKcS5_S5_iDpRKT_
                0x000000000800c9b8       0x5c bn_bgs_manager.o
                0x000000000800c9b8                void _bn::assert::show_args<char [59], int, char [4], int>(char const*, char const*, char const*, int, char const (&) [59], int const&, char const (&) [4], int const&)
 .text._ZN3_bn6assert9show_argsIJA57_ciA4_ciEEEvPKcS5_S5_iDpRKT_
                0x000000000800ca14       0x5c bn_bgs_manager.o
                0x000000000800ca14                void _bn::assert::show_args<char [57], int, char [4], int>(char const*, char const*, char const*, int, char const (&) [57], int const&, char const (&) [4], int const&)
 .text._ZN2bn11bgs_manager14update_camerasEv
                0x000000000800ca70      0x2d4 bn_bgs_manager.o
                0x000000000800ca70                bn::bgs_manager::update_cameras()
 .text._ZN2bn11bgs_manager15commit_big_mapsEv
                0x000000000800cd44      0x1d4 bn_bgs_manager.o
                0x000000000800cd44                bn::bgs_manager::commit_big_maps()
 .text._ZN2bn11bgs_manager12_GLOBAL__N_19item_type18update_regular_mapEv
                0x000000000800cf18      0x29c bn_bgs_manager.o
 .text._ZN2bn18regular_bg_builder11release_mapEv
                0x000000000800d1b4       0x54 bn_bgs_manager.o
                0x000000000800d1b4                bn::regular_bg_builder::release_map()
 .text._ZN2bn11bgs_manager11regular_mapEPv
                0x000000000800d208       0x34 bn_bgs_manager.o
                0x000000000800d208                bn::bgs_manager::regular_map(void*)
 .text._ZN2bn11bgs_manager10affine_mapEPv
                0x000000000800d23c       0x34 bn_bgs_manager.o
                0x000000000800d23c                bn::bgs_manager::affine_map(void*)
 .text._ZN2bn11bgs_manager37fill_hblank_effect_regular_attributesEPvPKNS_21regular_bg_attributesEPt
                0x000000000800d270      0x104 bn_bgs_manager.o
                0x000000000800d270                bn::bgs_manager::fill_hblank_effect_regular_attributes(void*, bn::regular_bg_attributes const*, unsigned short*)
 .text._ZN2bn11bgs_manager36fill_hblank_effect_affine_attributesEPvPKNS_20affine_bg_attributesEPt
                0x000000000800d374      0x108 bn_bgs_manager.o
                0x000000000800d374                bn::bgs_manager::fill_hblank_effect_affine_attributes(void*, bn::affine_bg_attributes const*, unsigned short*)
 .text._ZN2bn11bgs_manager15rebuild_handlesEv.part.0
                0x000000000800d47c      0x174 bn_bgs_manager.o
 .text._ZN2bn11bgs_manager6updateEv
                0x000000000800d5f0      0x1d0 bn_bgs_manager.o
                0x000000000800d5f0                bn::bgs_manager::update()
 .text._ZN2bn11bgs_manager12_GLOBAL__N_112_insert_itemERNS1_9item_typeE
                0x000000000800d7c0      0x100 bn_bgs_manager.o
 .text._ZN2bn11bgs_manager6createEONS_18regular_bg_builderE
                0x000000000800d8c0      0x208 bn_bgs_manager.o
                0x000000000800d8c0                bn::bgs_manager::create(bn::regular_bg_builder&&)
 .text._ZNK2bn15regular_bg_item9create_bgENS_7fixed_tILi12EEES2_
                0x000000000800dac8       0x80 bn_bgs_manager.o
                0x000000000800dac8                bn::regular_bg_item::create_bg(bn::fixed_t<12>, bn::fixed_t<12>) const
 .text._ZN2bn5eraseERNS_7ivectorIPNS_11bgs_manager12_GLOBAL__N_19item_typeEEERKS4_.constprop.0.isra.0
                0x000000000800db48      0x150 bn_bgs_manager.o
 .text._ZN2bn11bgs_manager15decrease_usagesEPv
                0x000000000800dc98       0xc0 bn_bgs_manager.o
                0x000000000800dc98                bn::bgs_manager::decrease_usages(void*)
 .text._ZN2bn14regular_bg_ptr8_destroyEv
                0x000000000800dd58       0x10 bn_bgs_manager.o
                0x000000000800dd58                bn::regular_bg_ptr::_destroy()
 .text.startup._GLOBAL__sub_I__ZN2bn3bgs16used_items_countEv
                0x000000000800dd68       0x64 bn_bgs_manager.o
 .text.exit._GLOBAL__sub_D__ZN2bn3bgs16used_items_countEv
                0x000000000800ddcc       0x14 bn_bgs_manager.o
 .text._ZN2bn18igeneric_pool_baseC2EPci
                0x000000000800dde0       0x10 bn_generic_pool.o
                0x000000000800dde0                bn::igeneric_pool_base::igeneric_pool_base(char*, int)
                0x000000000800dde0                bn::igeneric_pool_base::igeneric_pool_base(char*, int)
 .text._ZN2bn18igeneric_pool_base5_freeEPc
                0x000000000800ddf0       0x10 bn_generic_pool.o
                0x000000000800ddf0                bn::igeneric_pool_base::_free(char*)
 .text._ZN2bn18igeneric_pool_baseD2Ev
                0x000000000800de00       0x30 bn_generic_pool.o
                0x000000000800de00                bn::igeneric_pool_base::~igeneric_pool_base()
                0x000000000800de00                bn::igeneric_pool_base::~igeneric_pool_base()
 .text._ZN2bn18igeneric_pool_base9_allocateEv
                0x000000000800de30       0x48 bn_generic_pool.o
                0x000000000800de30                bn::igeneric_pool_base::_allocate()
 .text._ZN2bn2hw4link12_GLOBAL__N_119_resetStateCallbackEv
                0x000000000800de78       0x4c bn_hw_link.o
 .text._ZN2bn2hw4link4initEv
                0x000000000800dec4       0xc0 bn_hw_link.o
                0x000000000800dec4                bn::hw::link::init()
 .text._ZN2bn2hw4link6activeEv
                0x000000000800df84       0x10 bn_hw_link.o
                0x000000000800df84                bn::hw::link::active()
 .text._ZN2bn2hw4link7disableEv
                0x000000000800df94       0x6c bn_hw_link.o
                0x000000000800df94                bn::hw::link::disable()
 .text._ZN2bn2hw4link6commitEv
                0x000000000800e000       0x30 bn_hw_link.o
                0x000000000800e000                bn::hw::link::commit()
 .text._ZN2bn2hw4link11_timer_intrEv
                0x000000000800e030       0xf8 bn_hw_link.o
                0x000000000800e030                bn::hw::link::_timer_intr()
 .text._ZN2bn2hw4link12_serial_intrEv
                0x000000000800e128      0x1bc bn_hw_link.o
                0x000000000800e128                bn::hw::link::_serial_intr()
 .text._ZN2bn2hw4link12_GLOBAL__N_117_sendDataCallbackEv
                0x000000000800e2e4       0xe0 bn_hw_link.o
 .text._ZN2bn2hw4link12_GLOBAL__N_124_receiveResponseCallbackERK12LinkResponse
                0x000000000800e3c4      0x158 bn_hw_link.o
 .text.startup._GLOBAL__sub_I__ZN2bn2hw4link4initEv
                0x000000000800e51c       0x68 bn_hw_link.o
 .text._ZN2bn2hw3logERKNS_12istring_baseE
                0x000000000800e584       0x78 bn_hw_log.o
                0x000000000800e584                bn::hw::log(bn::istring_base const&)
 .text._ZN3_bn6assert9show_argsIA40_cEEvPKcS4_S4_iRKT_
                0x000000000800e5fc       0x50 bn_hw_common.bn_noflto.o
                0x000000000800e5fc                void _bn::assert::show_args<char [40]>(char const*, char const*, char const*, int, char const (&) [40])
 .text.__aeabi_idiv0
                0x000000000800e64c       0x24 bn_hw_common.bn_noflto.o
                0x000000000800e64c                __aeabi_idiv0
 .text._ZN2bn2hw8game_pak4initEv
                0x000000000800e670       0x28 bn_hw_game_pak.o
                0x000000000800e670                bn::hw::game_pak::init()
 .text._ZN2bn2hw4sram4initEv
                0x000000000800e698       0x10 bn_hw_sram.o
                0x000000000800e698                bn::hw::sram::init()
 .text._ZN2bn11system_fontC2Ev
                0x000000000800e6a8       0x18 bn_hw_system_font.o
                0x000000000800e6a8                bn::system_font::system_font()
                0x000000000800e6a8                bn::system_font::system_font()
 .text._ZNK2bn11system_font8tte_fontEv
                0x000000000800e6c0        0x4 bn_hw_system_font.o
                0x000000000800e6c0                bn::system_font::tte_font() const
 .text._ZN2bn2hw3irq4initEv
                0x000000000800e6c4        0xc bn_hw_irq.o
                0x000000000800e6c4                bn::hw::irq::init()
 .text._ZN2bn2hw3irq7set_isrENS1_2idEPFvvE
                0x000000000800e6d0       0x10 bn_hw_irq.o
                0x000000000800e6d0                bn::hw::irq::set_isr(bn::hw::irq::id, void (*)())
 .text._ZN2bn2hw3irq6enableENS1_2idE
                0x000000000800e6e0       0x10 bn_hw_irq.o
                0x000000000800e6e0                bn::hw::irq::enable(bn::hw::irq::id)
 .text._ZN2bn2hw3irq7disableENS1_2idE
                0x000000000800e6f0       0x10 bn_hw_irq.o
                0x000000000800e6f0                bn::hw::irq::disable(bn::hw::irq::id)
 .text._ZN2bn2hw8game_pak14_slow_game_pakEv
                0x000000000800e700       0x88 bn_hw_game_pak.bn_ewram.o
                0x000000000800e700                bn::hw::game_pak::_slow_game_pak()
 .text._ZN2bn2hw4show5errorERKNS_11system_fontERKNS_11string_viewES7_S7_iS7_S7_
                0x000000000800e788      0x320 bn_hw_show.o
                0x000000000800e788                bn::hw::show::error(bn::system_font const&, bn::string_view const&, bn::string_view const&, bn::string_view const&, int, bn::string_view const&, bn::string_view const&)
 .text._ZN2bn2hw8palettes12_GLOBAL__N_110lut_effectEPKNS_5colorEPKhiPS3_
                0x000000000800eaa8       0x40 bn_hw_palettes.o
 .text._ZN2bn2hw8palettes10brightnessEPKNS_5colorEiiPS2_
                0x000000000800eae8       0x54 bn_hw_palettes.o
                0x000000000800eae8                bn::hw::palettes::brightness(bn::color const*, int, int, bn::color*)
 .text._ZN2bn2hw8palettes8contrastEPKNS_5colorEiiPS2_
                0x000000000800eb3c       0x18 bn_hw_palettes.o
                0x000000000800eb3c                bn::hw::palettes::contrast(bn::color const*, int, int, bn::color*)
 .text._ZN2bn2hw8palettes9intensityEPKNS_5colorEiiPS2_
                0x000000000800eb54       0x18 bn_hw_palettes.o
                0x000000000800eb54                bn::hw::palettes::intensity(bn::color const*, int, int, bn::color*)
 .text._ZN2bn2hw8palettes9hue_shiftEPKNS_5colorEiiPS2_
                0x000000000800eb6c      0x154 bn_hw_palettes.o
                0x000000000800eb6c                bn::hw::palettes::hue_shift(bn::color const*, int, int, bn::color*)
 .text._ZN2bn2hw8palettes6rotateEPKNS_5colorEiiPS2_
                0x000000000800ecc0       0x2c bn_hw_palettes.o
                0x000000000800ecc0                bn::hw::palettes::rotate(bn::color const*, int, int, bn::color*)
 .text._ZN2bn2hw4text5parseEiRNS_5arrayIcLi32EEE
                0x000000000800ecec       0xbc bn_hw_text.o
                0x000000000800ecec                bn::hw::text::parse(int, bn::array<char, 32>&)
 .text._ZN2bn2hw4text5parseEjRNS_5arrayIcLi32EEE
                0x000000000800eda8       0xa0 bn_hw_text.o
                0x000000000800eda8                bn::hw::text::parse(unsigned int, bn::array<char, 32>&)
 .text._ZN2bn2hw4text5parseEPKvRNS_5arrayIcLi32EEE
                0x000000000800ee48       0x30 bn_hw_text.o
                0x000000000800ee48                bn::hw::text::parse(void const*, bn::array<char, 32>&)
 .text._ZN2bn2hw5audio12_GLOBAL__N_124_disabled_vblank_handlerEv
                0x000000000800ee78       0x20 bn_hw_audio.bn_noflto.o
 .text._ZN2bn2hw5audio12_GLOBAL__N_17_commitEv
                0x000000000800ee98       0x7c bn_hw_audio.bn_noflto.o
 .text._ZN2bn2hw5audio12_GLOBAL__N_123_enabled_vblank_handlerEv
                0x000000000800ef14       0x2c bn_hw_audio.bn_noflto.o
 .text._ZN2bn2hw5audio4initEPFvvES3_
                0x000000000800ef40       0x74 bn_hw_audio.bn_noflto.o
                0x000000000800ef40                bn::hw::audio::init(void (*)(), void (*)())
 .text._ZN2bn2hw5audio7disableEv
                0x000000000800efb4       0x34 bn_hw_audio.bn_noflto.o
                0x000000000800efb4                bn::hw::audio::disable()
 .text._ZN2bn2hw5audio13music_playingEv
                0x000000000800efe8       0x10 bn_hw_audio.bn_noflto.o
                0x000000000800efe8                bn::hw::audio::music_playing()
 .text._ZN2bn2hw5audio10play_musicEiib
                0x000000000800eff8       0x2c bn_hw_audio.bn_noflto.o
                0x000000000800eff8                bn::hw::audio::play_music(int, int, bool)
 .text._ZN2bn2hw5audio10stop_musicEv
                0x000000000800f024        0xc bn_hw_audio.bn_noflto.o
                0x000000000800f024                bn::hw::audio::stop_music()
 .text._ZN2bn2hw5audio11pause_musicEv
                0x000000000800f030        0xc bn_hw_audio.bn_noflto.o
                0x000000000800f030                bn::hw::audio::pause_music()
 .text._ZN2bn2hw5audio12resume_musicEv
                0x000000000800f03c        0xc bn_hw_audio.bn_noflto.o
                0x000000000800f03c                bn::hw::audio::resume_music()
 .text._ZN2bn2hw5audio14music_positionEv
                0x000000000800f048        0xc bn_hw_audio.bn_noflto.o
                0x000000000800f048                bn::hw::audio::music_position()
 .text._ZN2bn2hw5audio18set_music_positionEi
                0x000000000800f054        0xc bn_hw_audio.bn_noflto.o
                0x000000000800f054                bn::hw::audio::set_music_position(int)
 .text._ZN2bn2hw5audio16set_music_volumeEi
                0x000000000800f060        0xc bn_hw_audio.bn_noflto.o
                0x000000000800f060                bn::hw::audio::set_music_volume(int)
 .text._ZN2bn2hw5audio22disable_vblank_handlerEv
                0x000000000800f06c       0x14 bn_hw_audio.bn_noflto.o
                0x000000000800f06c                bn::hw::audio::disable_vblank_handler()
 .text._ZN2bn2hw5audio6commitEv
                0x000000000800f080       0x20 bn_hw_audio.bn_noflto.o
                0x000000000800f080                bn::hw::audio::commit()
 .text._ZN2bn2hw5audio12_GLOBAL__N_119_add_sound_to_queueEit
                0x000000000800f0a0       0xa0 bn_hw_audio.bn_noflto.o
 .text._ZN2bn2hw5audio15stop_all_soundsEv
                0x000000000800f140       0x6c bn_hw_audio.bn_noflto.o
                0x000000000800f140                bn::hw::audio::stop_all_sounds()
 .text._ZN2bn2hw5audio12_GLOBAL__N_119_check_sounds_queueEv.part.0
                0x000000000800f1ac       0x9c bn_hw_audio.bn_noflto.o
 .text._ZN2bn2hw5audio10play_soundEiiiii
                0x000000000800f248       0x44 bn_hw_audio.bn_noflto.o
                0x000000000800f248                bn::hw::audio::play_sound(int, int, int, int, int)
 .text._ZN2bn2hw5audio10play_soundEii
                0x000000000800f28c       0x30 bn_hw_audio.bn_noflto.o
                0x000000000800f28c                bn::hw::audio::play_sound(int, int)
 .text._ZN2bn2hw5audio6updateEb
                0x000000000800f2bc       0xa4 bn_hw_audio.bn_noflto.o
                0x000000000800f2bc                bn::hw::audio::update(bool)
 .text.startup._GLOBAL__sub_I__ZN2bn2hw5audio4initEPFvvES3_
                0x000000000800f360       0x34 bn_hw_audio.bn_noflto.o
 .text.exit._GLOBAL__sub_D__ZN2bn2hw5audio4initEPFvvES3_
                0x000000000800f394       0x74 bn_hw_audio.bn_noflto.o
 .text._ZN2bn2hw6memory4initEv
                0x000000000800f408        0x4 bn_hw_memory.o
                0x000000000800f408                bn::hw::memory::init()
 .text._ZN2bn2hw6memory16ewram_heap_startEv
                0x000000000800f40c        0x8 bn_hw_memory.o
                0x000000000800f40c                bn::hw::memory::ewram_heap_start()
 .text._ZN2bn2hw6memory14ewram_heap_endEv
                0x000000000800f414        0x8 bn_hw_memory.o
                0x000000000800f414                bn::hw::memory::ewram_heap_end()
 .text.clr_grayscale
                0x000000000800f41c       0x78 tonc_color.o
                0x000000000800f41c                clr_grayscale
 .text.sbmp8_rect
                0x000000000800f494       0x68 tonc_sbmp8.o
                0x000000000800f494                sbmp8_rect
 .text.__toncset
                0x000000000800f4fc       0x90 tonc_core.o
                0x000000000800f4fc                __toncset
 .text.sbmp16_rect
                0x000000000800f58c       0x64 tonc_sbmp16.o
                0x000000000800f58c                sbmp16_rect
 .text.dummy_drawg
                0x000000000800f5f0        0x4 tte_main.o
                0x000000000800f5f0                dummy_drawg
 .text.dummy_erase
                0x000000000800f5f4        0x4 tte_main.o
                0x000000000800f5f4                dummy_erase
 .text.tte_init_base
                0x000000000800f5f8       0x90 tte_main.o
                0x000000000800f5f8                tte_init_base
 .text.utf8_decode_char
                0x000000000800f688       0xb4 tte_main.o
                0x000000000800f688                utf8_decode_char
 .text.tte_write
                0x000000000800f73c       0xe8 tte_main.o
                0x000000000800f73c                tte_write
 .text.tte_get_text_size
                0x000000000800f824       0xb0 tte_main.o
                0x000000000800f824                tte_get_text_size
 .text.tte_set_margins
                0x000000000800f8d4       0x18 tte_main.o
                0x000000000800f8d4                tte_set_margins
 .text.bmp16_drawg_b1cts
                0x000000000800f8ec       0xb4 bmp16_drawg_b1cs.o
                0x000000000800f8ec                bmp16_drawg_b1cts
 .text.bmp8_erase
                0x000000000800f9a0       0x28 tte_init_bmp.o
                0x000000000800f9a0                bmp8_erase
 .text.bmp16_erase
                0x000000000800f9c8       0x28 tte_init_bmp.o
                0x000000000800f9c8                bmp16_erase
 .text.tte_init_bmp
                0x000000000800f9f0       0xe4 tte_init_bmp.o
                0x000000000800f9f0                tte_init_bmp
 .text.bmp8_drawg_b1cts
                0x000000000800fad4       0xfc bmp8_drawg_b1cs.o
                0x000000000800fad4                bmp8_drawg_b1cts
 .text.IRQ_Init
                0x000000000800fbd0       0x48 interrupts_gba.o
                0x000000000800fbd0                IRQ_Init
 .text.IRQ_SetHandler
                0x000000000800fc18       0x10 interrupts_gba.o
                0x000000000800fc18                IRQ_SetHandler
 .text.IRQ_Enable
                0x000000000800fc28       0x64 interrupts_gba.o
                0x000000000800fc28                IRQ_Enable
 .text.IRQ_Disable
                0x000000000800fc8c       0x60 interrupts_gba.o
                0x000000000800fc8c                IRQ_Disable
 .text.channel3_refresh_registers
                0x000000000800fcec       0xd0 gbt_player.o
 .text.gbt_refresh_pattern_ptr
                0x000000000800fdbc       0x84 gbt_player.o
 .text.gbt_ch1234_nop
                0x000000000800fe40        0x4 gbt_player.o
 .text.gbt_ch1234_speed
                0x000000000800fe44       0x10 gbt_player.o
 .text.gbt_ch1234_jump_pattern
                0x000000000800fe54       0x14 gbt_player.o
 .text.gbt_ch1234_jump_position
                0x000000000800fe68       0x1c gbt_player.o
 .text.gbt_ch1234_event
                0x000000000800fe84       0x24 gbt_player.o
 .text.gbt_ch1_pan
                0x000000000800fea8       0x10 gbt_player.o
 .text.gbt_ch1_cut_note
                0x000000000800feb8       0x10 gbt_player.o
 .text.gbt_ch1_arpeggio
                0x000000000800fec8       0x34 gbt_player.o
 .text.gbt_ch1_vibrato
                0x000000000800fefc       0x20 gbt_player.o
 .text.gbt_ch1_volslide
                0x000000000800ff1c       0x10 gbt_player.o
 .text.gbt_ch2_pan
                0x000000000800ff2c       0x10 gbt_player.o
 .text.gbt_ch2_cut_note
                0x000000000800ff3c       0x10 gbt_player.o
 .text.gbt_ch2_arpeggio
                0x000000000800ff4c       0x34 gbt_player.o
 .text.gbt_ch2_vibrato
                0x000000000800ff80       0x20 gbt_player.o
 .text.gbt_ch2_volslide
                0x000000000800ffa0       0x10 gbt_player.o
 .text.gbt_ch3_pan
                0x000000000800ffb0       0x10 gbt_player.o
 .text.gbt_ch3_cut_note
                0x000000000800ffc0       0x10 gbt_player.o
 .text.gbt_ch3_arpeggio
                0x000000000800ffd0       0x34 gbt_player.o
 .text.gbt_ch3_vibrato
                0x0000000008010004       0x20 gbt_player.o
 .text.gbt_ch4_pan
                0x0000000008010024       0x14 gbt_player.o
 .text.gbt_ch4_cut_note
                0x0000000008010038       0x10 gbt_player.o
 .text.gbt_ch4_volslide
                0x0000000008010048       0x10 gbt_player.o
 .text.gbt_update_refresh_panning
                0x0000000008010058       0x50 gbt_player.o
 .text.gbt_run_startup_commands.part.0
                0x00000000080100a8       0xd0 gbt_player.o
 .text.gbt_update_effects_internal
                0x0000000008010178      0x2cc gbt_player.o
 .text.gbt_play